Archive member included to satisfy reference by file (symbol)

/Users/zhy/Tools/xpack-arm-none-eabi-gcc-14.2.1-1.1/bin/../lib/gcc/arm-none-eabi/14.2.1/../../../../arm-none-eabi/lib/thumb/v7e-m+dp/hard/libc_nano.a(libc_a-atexit.o)
                              /Users/zhy/Tools/xpack-arm-none-eabi-gcc-14.2.1-1.1/bin/../lib/gcc/arm-none-eabi/14.2.1/../../../../arm-none-eabi/lib/thumb/v7e-m+dp/hard/crt0.o (atexit)
/Users/zhy/Tools/xpack-arm-none-eabi-gcc-14.2.1-1.1/bin/../lib/gcc/arm-none-eabi/14.2.1/../../../../arm-none-eabi/lib/thumb/v7e-m+dp/hard/libc_nano.a(libc_a-exit.o)
                              /Users/zhy/Tools/xpack-arm-none-eabi-gcc-14.2.1-1.1/bin/../lib/gcc/arm-none-eabi/14.2.1/../../../../arm-none-eabi/lib/thumb/v7e-m+dp/hard/crt0.o (exit)
/Users/zhy/Tools/xpack-arm-none-eabi-gcc-14.2.1-1.1/bin/../lib/gcc/arm-none-eabi/14.2.1/../../../../arm-none-eabi/lib/thumb/v7e-m+dp/hard/libc_nano.a(libc_a-findfp.o)
                              /Users/zhy/Tools/xpack-arm-none-eabi-gcc-14.2.1-1.1/bin/../lib/gcc/arm-none-eabi/14.2.1/../../../../arm-none-eabi/lib/thumb/v7e-m+dp/hard/libc_nano.a(libc_a-exit.o) (__stdio_exit_handler)
/Users/zhy/Tools/xpack-arm-none-eabi-gcc-14.2.1-1.1/bin/../lib/gcc/arm-none-eabi/14.2.1/../../../../arm-none-eabi/lib/thumb/v7e-m+dp/hard/libc_nano.a(libc_a-vsnprintf.o)
                              build/lcd_core.o (vsnprintf)
/Users/zhy/Tools/xpack-arm-none-eabi-gcc-14.2.1-1.1/bin/../lib/gcc/arm-none-eabi/14.2.1/../../../../arm-none-eabi/lib/thumb/v7e-m+dp/hard/libc_nano.a(libc_a-fwalk.o)
                              /Users/zhy/Tools/xpack-arm-none-eabi-gcc-14.2.1-1.1/bin/../lib/gcc/arm-none-eabi/14.2.1/../../../../arm-none-eabi/lib/thumb/v7e-m+dp/hard/libc_nano.a(libc_a-findfp.o) (_fwalk_sglue)
/Users/zhy/Tools/xpack-arm-none-eabi-gcc-14.2.1-1.1/bin/../lib/gcc/arm-none-eabi/14.2.1/../../../../arm-none-eabi/lib/thumb/v7e-m+dp/hard/libc_nano.a(libc_a-memset.o)
                              /Users/zhy/Tools/xpack-arm-none-eabi-gcc-14.2.1-1.1/bin/../lib/gcc/arm-none-eabi/14.2.1/../../../../arm-none-eabi/lib/thumb/v7e-m+dp/hard/crt0.o (memset)
/Users/zhy/Tools/xpack-arm-none-eabi-gcc-14.2.1-1.1/bin/../lib/gcc/arm-none-eabi/14.2.1/../../../../arm-none-eabi/lib/thumb/v7e-m+dp/hard/libc_nano.a(libc_a-init.o)
                              /Users/zhy/Tools/xpack-arm-none-eabi-gcc-14.2.1-1.1/bin/../lib/gcc/arm-none-eabi/14.2.1/../../../../arm-none-eabi/lib/thumb/v7e-m+dp/hard/crt0.o (__libc_init_array)
/Users/zhy/Tools/xpack-arm-none-eabi-gcc-14.2.1-1.1/bin/../lib/gcc/arm-none-eabi/14.2.1/../../../../arm-none-eabi/lib/thumb/v7e-m+dp/hard/libc_nano.a(libc_a-fini.o)
                              /Users/zhy/Tools/xpack-arm-none-eabi-gcc-14.2.1-1.1/bin/../lib/gcc/arm-none-eabi/14.2.1/../../../../arm-none-eabi/lib/thumb/v7e-m+dp/hard/crt0.o (__libc_fini_array)
/Users/zhy/Tools/xpack-arm-none-eabi-gcc-14.2.1-1.1/bin/../lib/gcc/arm-none-eabi/14.2.1/../../../../arm-none-eabi/lib/thumb/v7e-m+dp/hard/libc_nano.a(libc_a-lock.o)
                              /Users/zhy/Tools/xpack-arm-none-eabi-gcc-14.2.1-1.1/bin/../lib/gcc/arm-none-eabi/14.2.1/../../../../arm-none-eabi/lib/thumb/v7e-m+dp/hard/libc_nano.a(libc_a-findfp.o) (__retarget_lock_init_recursive)
/Users/zhy/Tools/xpack-arm-none-eabi-gcc-14.2.1-1.1/bin/../lib/gcc/arm-none-eabi/14.2.1/../../../../arm-none-eabi/lib/thumb/v7e-m+dp/hard/libc_nano.a(libc_a-impure.o)
                              /Users/zhy/Tools/xpack-arm-none-eabi-gcc-14.2.1-1.1/bin/../lib/gcc/arm-none-eabi/14.2.1/../../../../arm-none-eabi/lib/thumb/v7e-m+dp/hard/libc_nano.a(libc_a-vsnprintf.o) (_impure_ptr)
/Users/zhy/Tools/xpack-arm-none-eabi-gcc-14.2.1-1.1/bin/../lib/gcc/arm-none-eabi/14.2.1/../../../../arm-none-eabi/lib/thumb/v7e-m+dp/hard/libc_nano.a(libc_a-__atexit.o)
                              /Users/zhy/Tools/xpack-arm-none-eabi-gcc-14.2.1-1.1/bin/../lib/gcc/arm-none-eabi/14.2.1/../../../../arm-none-eabi/lib/thumb/v7e-m+dp/hard/libc_nano.a(libc_a-atexit.o) (__register_exitproc)
/Users/zhy/Tools/xpack-arm-none-eabi-gcc-14.2.1-1.1/bin/../lib/gcc/arm-none-eabi/14.2.1/../../../../arm-none-eabi/lib/thumb/v7e-m+dp/hard/libc_nano.a(libc_a-__call_atexit.o)
                              /Users/zhy/Tools/xpack-arm-none-eabi-gcc-14.2.1-1.1/bin/../lib/gcc/arm-none-eabi/14.2.1/../../../../arm-none-eabi/lib/thumb/v7e-m+dp/hard/libc_nano.a(libc_a-__atexit.o) (__call_exitprocs)
/Users/zhy/Tools/xpack-arm-none-eabi-gcc-14.2.1-1.1/bin/../lib/gcc/arm-none-eabi/14.2.1/../../../../arm-none-eabi/lib/thumb/v7e-m+dp/hard/libc_nano.a(libc_a-nano-svfprintf.o)
                              /Users/zhy/Tools/xpack-arm-none-eabi-gcc-14.2.1-1.1/bin/../lib/gcc/arm-none-eabi/14.2.1/../../../../arm-none-eabi/lib/thumb/v7e-m+dp/hard/libc_nano.a(libc_a-vsnprintf.o) (_svfprintf_r)
/Users/zhy/Tools/xpack-arm-none-eabi-gcc-14.2.1-1.1/bin/../lib/gcc/arm-none-eabi/14.2.1/../../../../arm-none-eabi/lib/thumb/v7e-m+dp/hard/libc_nano.a(libc_a-mallocr.o)
[...]
Memory Configuration

Name             Origin             Length             Attributes
DTCMRAM          0x20000000         0x00020000         xrw
RAM              0x24000000         0x00080000         xrw
RAM_D2           0x30000000         0x00048000         xrw
RAM_D3           0x38000000         0x00010000         xrw
ITCMRAM          0x00000000         0x00010000         xrw
FLASH            0x08000000         0x00200000         xr
*default*        0x00000000         0xffffffff

Linker script and memory map

LOAD /Users/zhy/Tools/xpack-arm-none-eabi-gcc-14.2.1-1.1/bin/../lib/gcc/arm-none-eabi/14.2.1/thumb/v7e-m+dp/hard/crti.o
LOAD /Users/zhy/Tools/xpack-arm-none-eabi-gcc-14.2.1-1.1/bin/../lib/gcc/arm-none-eabi/14.2.1/thumb/v7e-m+dp/hard/crtbegin.o
LOAD /Users/zhy/Tools/xpack-arm-none-eabi-gcc-14.2.1-1.1/bin/../lib/gcc/arm-none-eabi/14.2.1/../../../../arm-none-eabi/lib/thumb/v7e-m+dp/hard/crt0.o
LOAD build/main.o
LOAD build/gpio.o
LOAD build/dcmi.o
LOAD build/dma.o
LOAD build/i2c.o
LOAD build/spi.o
LOAD build/usart.o
LOAD build/stm32h7xx_it.o
LOAD build/stm32h7xx_hal_msp.o
LOAD build/stm32h7xx_hal_cortex.o
LOAD build/stm32h7xx_hal_dcmi.o
LOAD build/stm32h7xx_hal_rcc.o
LOAD build/stm32h7xx_hal_rcc_ex.o
LOAD build/stm32h7xx_hal_flash.o
LOAD build/stm32h7xx_hal_flash_ex.o
LOAD build/stm32h7xx_hal_gpio.o
LOAD build/stm32h7xx_hal_hsem.o
LOAD build/stm32h7xx_hal_dma.o
LOAD build/stm32h7xx_hal_dma_ex.o
LOAD build/stm32h7xx_hal_mdma.o
LOAD build/stm32h7xx_hal_pwr.o
LOAD build/stm32h7xx_hal_pwr_ex.o
LOAD build/stm32h7xx_hal.o
LOAD build/stm32h7xx_hal_i2c.o
LOAD build/stm32h7xx_hal_i2c_ex.o
LOAD build/stm32h7xx_hal_exti.o
LOAD build/stm32h7xx_hal_spi.o
LOAD build/stm32h7xx_hal_spi_ex.o
LOAD build/stm32h7xx_hal_uart.o
LOAD build/stm32h7xx_hal_uart_ex.o
LOAD build/system_stm32h7xx.o
LOAD build/lcd_core.o
LOAD build/lcd_port.o
LOAD build/lcd_font.o
LOAD build/camera.o
LOAD build/ov5640.o
LOAD build/ov7725.o
LOAD build/ov5640_regs.o
LOAD build/ov7725_regs.o
LOAD build/ov2640.o
LOAD build/ov2640_regs.o
LOAD build/ov7670.o
LOAD build/ov7670_regs.o
LOAD build/startup_stm32h743xx.o
LOAD /Users/zhy/Tools/xpack-arm-none-eabi-gcc-14.2.1-1.1/bin/../lib/gcc/arm-none-eabi/14.2.1/../../../../arm-none-eabi/lib/thumb/v7e-m+dp/hard/libc_nano.a
LOAD /Users/zhy/Tools/xpack-arm-none-eabi-gcc-14.2.1-1.1/bin/../lib/gcc/arm-none-eabi/14.2.1/../../../../arm-none-eabi/lib/thumb/v7e-m+dp/hard/libm.a
LOAD /Users/zhy/Tools/xpack-arm-none-eabi-gcc-14.2.1-1.1/bin/../lib/gcc/arm-none-eabi/14.2.1/../../../../arm-none-eabi/lib/thumb/v7e-m+dp/hard/libnosys.a
START GROUP
LOAD /Users/zhy/Tools/xpack-arm-none-eabi-gcc-14.2.1-1.1/bin/../lib/gcc/arm-none-eabi/14.2.1/thumb/v7e-m+dp/hard/libgcc.a
LOAD /Users/zhy/Tools/xpack-arm-none-eabi-gcc-14.2.1-1.1/bin/../lib/gcc/arm-none-eabi/14.2.1/../../../../arm-none-eabi/lib/thumb/v7e-m+dp/hard/libc_nano.a
END GROUP
START GROUP
LOAD /Users/zhy/Tools/xpack-arm-none-eabi-gcc-14.2.1-1.1/bin/../lib/gcc/arm-none-eabi/14.2.1/thumb/v7e-m+dp/hard/libgcc.a
LOAD /Users/zhy/Tools/xpack-arm-none-eabi-gcc-14.2.1-1.1/bin/../lib/gcc/arm-none-eabi/14.2.1/../../../../arm-none-eabi/lib/thumb/v7e-m+dp/hard/libc_nano.a
END GROUP
LOAD /Users/zhy/Tools/xpack-arm-none-eabi-gcc-14.2.1-1.1/bin/../lib/gcc/arm-none-eabi/14.2.1/thumb/v7e-m+dp/hard/crtend.o
LOAD /Users/zhy/Tools/xpack-arm-none-eabi-gcc-14.2.1-1.1/bin/../lib/gcc/arm-none-eabi/14.2.1/thumb/v7e-m+dp/hard/crtn.o
                0x24080000                        _estack = (ORIGIN (RAM) + LENGTH (RAM))
                0x00000800                        _Min_Heap_Size = 0x800
                0x00000800                        _Min_Stack_Size = 0x800

.isr_vector     0x08000000      0x298
                0x08000000                        . = ALIGN (0x4)
 *(.isr_vector)
 .isr_vector    0x08000000      0x298 build/startup_stm32h743xx.o
                0x08000000                g_pfnVectors
                0x08000298                        . = ALIGN (0x4)

.text           0x080002a0     0xa1fc
                0x080002a0                        . = ALIGN (0x4)
 *(.text)
 .text          0x080002a0       0xa0 /Users/zhy/Tools/xpack-arm-none-eabi-gcc-14.2.1-1.1/bin/../lib/gcc/arm-none-eabi/14.2.1/../../../../arm-none-eabi/lib/thumb/v7e-m+dp/hard/libc_nano.a(libc_a-memchr.o)
                0x080002a0                memchr
 .text          0x08000340       0x30 /Users/zhy/Tools/xpack-arm-none-eabi-gcc-14.2.1-1.1/bin/../lib/gcc/arm-none-eabi/14.2.1/thumb/v7e-m+dp/hard/libgcc.a(_aeabi_uldivmod.o)
                0x08000340                __aeabi_uldivmod
 .text          0x08000370        0x4 /Users/zhy/Tools/xpack-arm-none-eabi-gcc-14.2.1-1.1/bin/../lib/gcc/arm-none-eabi/14.2.1/thumb/v7e-m+dp/hard/libgcc.a(_dvmd_tls.o)
                0x08000370                __aeabi_ldiv0
                0x08000370                __aeabi_idiv0
 *(.text*)
 .text.__do_global_dtors_aux
                0x08000374       0x24 /Users/zhy/Tools/xpack-arm-none-eabi-gcc-14.2.1-1.1/bin/../lib/gcc/arm-none-eabi/14.2.1/thumb/v7e-m+dp/hard/crtbegin.o
 .text.frame_dummy
                0x08000398       0x1c /Users/zhy/Tools/xpack-arm-none-eabi-gcc-14.2.1-1.1/bin/../lib/gcc/arm-none-eabi/14.2.1/thumb/v7e-m+dp/hard/crtbegin.o
 .text.HAL_DCMI_FrameEventCallback
                0x080003b4       0x70 build/main.o
                0x080003b4                HAL_DCMI_FrameEventCallback
 .text.Error_Handler
                0x08000424        0x4 build/main.o
                0x08000424                Error_Handler
 .text.SystemClock_Config
                0x08000428       0xd4 build/main.o
                0x08000428                SystemClock_Config
 .text.main     0x080004fc      0x130 build/main.o
                0x080004fc                main
 .text.assert_failed
                0x0800062c        0x2 build/main.o
                0x0800062c                assert_failed
 .text.ExitRun0Mode
                0x0800062e        0x2 build/main.o
                0x0800062e                ExitRun0Mode
 .text.MX_GPIO_Init
                0x08000630      0x1b8 build/gpio.o
                0x08000630                MX_GPIO_Init
 .text.MX_DCMI_Init
                0x080007e8       0x3c build/dcmi.o
                0x080007e8                MX_DCMI_Init
 .text.HAL_DCMI_MspInit
                0x08000824      0x17c build/dcmi.o
                0x08000824                HAL_DCMI_MspInit
 .text.MX_DMA_Init
                0x080009a0       0x38 build/dma.o
                0x080009a0                MX_DMA_Init
 .text.MX_I2C1_Init
                0x080009d8       0x5c build/i2c.o
                0x080009d8                MX_I2C1_Init
 .text.HAL_I2C_MspInit
                0x08000a34       0x9c build/i2c.o
                0x08000a34                HAL_I2C_MspInit
 .text.MX_SPI6_Init
                0x08000ad0       0x6c build/spi.o
                0x08000ad0                MX_SPI6_Init
 .text.HAL_SPI_MspInit
                0x08000b3c       0x9c build/spi.o
                0x08000b3c                HAL_SPI_MspInit
 .text.MX_USART1_UART_Init
                0x08000bd8       0x68 build/usart.o
                0x08000bd8                MX_USART1_UART_Init
 .text.HAL_UART_MspInit
                0x08000c40       0x98 build/usart.o
                0x08000c40                HAL_UART_MspInit
 .text.NMI_Handler
                0x08000cd8        0x2 build/stm32h7xx_it.o
                0x08000cd8                NMI_Handler
 .text.HardFault_Handler
                0x08000cda        0x2 build/stm32h7xx_it.o
                0x08000cda                HardFault_Handler
 .text.MemManage_Handler
                0x08000cdc        0x2 build/stm32h7xx_it.o
                0x08000cdc                MemManage_Handler
 .text.BusFault_Handler
                0x08000cde        0x2 build/stm32h7xx_it.o
                0x08000cde                BusFault_Handler
 .text.UsageFault_Handler
                0x08000ce0        0x2 build/stm32h7xx_it.o
                0x08000ce0                UsageFault_Handler
 .text.SVC_Handler
                0x08000ce2        0x2 build/stm32h7xx_it.o
                0x08000ce2                SVC_Handler
 .text.DebugMon_Handler
                0x08000ce4        0x2 build/stm32h7xx_it.o
                0x08000ce4                DebugMon_Handler
 .text.PendSV_Handler
                0x08000ce6        0x2 build/stm32h7xx_it.o
                0x08000ce6                PendSV_Handler
 .text.SysTick_Handler
                0x08000ce8        0x8 build/stm32h7xx_it.o
                0x08000ce8                SysTick_Handler
 .text.DMA1_Stream0_IRQHandler
                0x08000cf0       0x10 build/stm32h7xx_it.o
                0x08000cf0                DMA1_Stream0_IRQHandler
 .text.DCMI_IRQHandler
                0x08000d00       0x10 build/stm32h7xx_it.o
                0x08000d00                DCMI_IRQHandler
 .text.HAL_MspInit
                0x08000d10       0x30 build/stm32h7xx_hal_msp.o
                0x08000d10                HAL_MspInit
 .text.__NVIC_EnableIRQ
                0x08000d40       0x1c build/stm32h7xx_hal_cortex.o
 .text.__NVIC_SetPriority
                0x08000d5c       0x24 build/stm32h7xx_hal_cortex.o
 .text.NVIC_EncodePriority
                0x08000d80       0x3e build/stm32h7xx_hal_cortex.o
 *fill*         0x08000dbe        0x2 
 .text.HAL_NVIC_SetPriorityGrouping
                0x08000dc0       0x3c build/stm32h7xx_hal_cortex.o
                0x08000dc0                HAL_NVIC_SetPriorityGrouping
 .text.HAL_NVIC_SetPriority
                0x08000dfc       0x48 build/stm32h7xx_hal_cortex.o
                0x08000dfc                HAL_NVIC_SetPriority
 .text.HAL_NVIC_EnableIRQ
                0x08000e44       0x1c build/stm32h7xx_hal_cortex.o
                0x08000e44                HAL_NVIC_EnableIRQ
 .text.HAL_SYSTICK_Config
                0x08000e60       0x28 build/stm32h7xx_hal_cortex.o
                0x08000e60                HAL_SYSTICK_Config
 .text.DCMI_DMAXferCplt
                0x08000e88       0xa0 build/stm32h7xx_hal_dcmi.o
 .text.HAL_DCMI_Init
                0x08000f28      0x1c0 build/stm32h7xx_hal_dcmi.o
                0x08000f28                HAL_DCMI_Init
 .text.HAL_DCMI_Start_DMA
                0x080010e8      0x110 build/stm32h7xx_hal_dcmi.o
                0x080010e8                HAL_DCMI_Start_DMA
 .text.HAL_DCMI_ErrorCallback
                0x080011f8        0x2 build/stm32h7xx_hal_dcmi.o
                0x080011f8                HAL_DCMI_ErrorCallback
 .text.DCMI_DMAError
                0x080011fa       0x20 build/stm32h7xx_hal_dcmi.o
 .text.HAL_DCMI_LineEventCallback
                0x0800121a        0x2 build/stm32h7xx_hal_dcmi.o
                0x0800121a                HAL_DCMI_LineEventCallback
 .text.HAL_DCMI_VsyncEventCallback
                0x0800121c        0x2 build/stm32h7xx_hal_dcmi.o
                0x0800121c                HAL_DCMI_VsyncEventCallback
 *fill*         0x0800121e        0x2 
 .text.HAL_DCMI_IRQHandler
                0x08001220       0xb0 build/stm32h7xx_hal_dcmi.o
                0x08001220                HAL_DCMI_IRQHandler
 .text.HAL_RCC_OscConfig
                0x080012d0      0x878 build/stm32h7xx_hal_rcc.o
                0x080012d0                HAL_RCC_OscConfig
 .text.HAL_RCC_MCOConfig
                0x08001b48      0x19c build/stm32h7xx_hal_rcc.o
                0x08001b48                HAL_RCC_MCOConfig
 .text.HAL_RCC_GetSysClockFreq
                0x08001ce4      0x1f8 build/stm32h7xx_hal_rcc.o
                0x08001ce4                HAL_RCC_GetSysClockFreq
 .text.HAL_RCC_ClockConfig
                0x08001edc      0x488 build/stm32h7xx_hal_rcc.o
                0x08001edc                HAL_RCC_ClockConfig
 .text.HAL_RCC_GetHCLKFreq
                0x08002364       0x44 build/stm32h7xx_hal_rcc.o
                0x08002364                HAL_RCC_GetHCLKFreq
 .text.HAL_RCC_GetPCLK1Freq
                0x080023a8       0x24 build/stm32h7xx_hal_rcc.o
                0x080023a8                HAL_RCC_GetPCLK1Freq
 .text.HAL_RCC_GetPCLK2Freq
                0x080023cc       0x24 build/stm32h7xx_hal_rcc.o
                0x080023cc                HAL_RCC_GetPCLK2Freq
 .text.RCCEx_PLL2_Config
                0x080023f0      0x1bc build/stm32h7xx_hal_rcc_ex.o
 .text.RCCEx_PLL3_Config
                0x080025ac      0x1c4 build/stm32h7xx_hal_rcc_ex.o
 .text.HAL_RCCEx_PeriphCLKConfig
                0x08002770      0xda0 build/stm32h7xx_hal_rcc_ex.o
                0x08002770                HAL_RCCEx_PeriphCLKConfig
 .text.HAL_RCCEx_GetD3PCLK1Freq
                0x08003510       0x24 build/stm32h7xx_hal_rcc_ex.o
                0x08003510                HAL_RCCEx_GetD3PCLK1Freq
 .text.HAL_RCCEx_GetPLL2ClockFreq
                0x08003534      0x200 build/stm32h7xx_hal_rcc_ex.o
                0x08003534                HAL_RCCEx_GetPLL2ClockFreq
 .text.HAL_RCCEx_GetPLL3ClockFreq
                0x08003734      0x200 build/stm32h7xx_hal_rcc_ex.o
                0x08003734                HAL_RCCEx_GetPLL3ClockFreq
 .text.HAL_GPIO_Init
                0x08003934      0x394 build/stm32h7xx_hal_gpio.o
                0x08003934                HAL_GPIO_Init
 .text.HAL_GPIO_WritePin
                0x08003cc8       0x38 build/stm32h7xx_hal_gpio.o
                0x08003cc8                HAL_GPIO_WritePin
 .text.DMA_SetConfig
                0x08003d00      0x1b4 build/stm32h7xx_hal_dma.o
 .text.DMA_CalcBaseAndBitshift
                0x08003eb4       0xb0 build/stm32h7xx_hal_dma.o
 .text.DMA_CheckFifoParam
                0x08003f64       0x92 build/stm32h7xx_hal_dma.o
 *fill*         0x08003ff6        0x2 
 .text.DMA_CalcDMAMUXChannelBaseAndMask
                0x08003ff8       0xac build/stm32h7xx_hal_dma.o
 .text.DMA_CalcDMAMUXRequestGenBaseAndMask
                0x080040a4       0x7c build/stm32h7xx_hal_dma.o
 .text.HAL_DMA_Init
                0x08004120      0x5e4 build/stm32h7xx_hal_dma.o
                0x08004120                HAL_DMA_Init
 .text.HAL_DMA_Start_IT
                0x08004704      0x2bc build/stm32h7xx_hal_dma.o
                0x08004704                HAL_DMA_Start_IT
 .text.HAL_DMA_Abort_IT
                0x080049c0      0x26c build/stm32h7xx_hal_dma.o
                0x080049c0                HAL_DMA_Abort_IT
 .text.HAL_DMA_IRQHandler
                0x08004c2c      0x734 build/stm32h7xx_hal_dma.o
                0x08004c2c                HAL_DMA_IRQHandler
 .text.DMA_MultiBufferSetConfig
                0x08005360       0xa8 build/stm32h7xx_hal_dma_ex.o
 .text.HAL_DMAEx_MultiBufferStart_IT
                0x08005408      0x468 build/stm32h7xx_hal_dma_ex.o
                0x08005408                HAL_DMAEx_MultiBufferStart_IT
 .text.HAL_DMAEx_ChangeMemory
                0x08005870       0x88 build/stm32h7xx_hal_dma_ex.o
                0x08005870                HAL_DMAEx_ChangeMemory
 .text.HAL_PWREx_ConfigSupply
                0x080058f8       0x6c build/stm32h7xx_hal_pwr_ex.o
                0x080058f8                HAL_PWREx_ConfigSupply
 .text.HAL_InitTick
                0x08005964       0x50 build/stm32h7xx_hal.o
                0x08005964                HAL_InitTick
 .text.HAL_Init
                0x080059b4       0x5c build/stm32h7xx_hal.o
                0x080059b4                HAL_Init
 .text.HAL_IncTick
                0x08005a10       0x18 build/stm32h7xx_hal.o
                0x08005a10                HAL_IncTick
 .text.HAL_GetTick
                0x08005a28        0xc build/stm32h7xx_hal.o
                0x08005a28                HAL_GetTick
 .text.HAL_Delay
                0x08005a34       0x28 build/stm32h7xx_hal.o
                0x08005a34                HAL_Delay
 .text.HAL_GetREVID
                0x08005a5c        0xc build/stm32h7xx_hal.o
                0x08005a5c                HAL_GetREVID
 .text.HAL_SYSCFG_AnalogSwitchConfig
                0x08005a68       0x30 build/stm32h7xx_hal.o
                0x08005a68                HAL_SYSCFG_AnalogSwitchConfig
 .text.I2C_Flush_TXDR
                0x08005a98       0x22 build/stm32h7xx_hal_i2c.o
 *fill*         0x08005aba        0x2 
 .text.I2C_TransferConfig
                0x08005abc       0xc4 build/stm32h7xx_hal_i2c.o
 .text.I2C_IsErrorOccurred
                0x08005b80      0x118 build/stm32h7xx_hal_i2c.o
 .text.I2C_WaitOnTXISFlagUntilTimeout
                0x08005c98       0x60 build/stm32h7xx_hal_i2c.o
 .text.I2C_WaitOnFlagUntilTimeout
                0x08005cf8       0x7c build/stm32h7xx_hal_i2c.o
 .text.I2C_RequestMemoryWrite
                0x08005d74       0x7c build/stm32h7xx_hal_i2c.o
 .text.I2C_RequestMemoryRead
                0x08005df0       0x78 build/stm32h7xx_hal_i2c.o
 .text.I2C_WaitOnSTOPFlagUntilTimeout
                0x08005e68       0x5e build/stm32h7xx_hal_i2c.o
 .text.I2C_WaitOnRXNEFlagUntilTimeout
                0x08005ec6       0xaa build/stm32h7xx_hal_i2c.o
 .text.HAL_I2C_Init
                0x08005f70      0x198 build/stm32h7xx_hal_i2c.o
                0x08005f70                HAL_I2C_Init
 .text.HAL_I2C_Master_Transmit
                0x08006108      0x1a4 build/stm32h7xx_hal_i2c.o
                0x08006108                HAL_I2C_Master_Transmit
 .text.HAL_I2C_Master_Receive
                0x080062ac      0x178 build/stm32h7xx_hal_i2c.o
                0x080062ac                HAL_I2C_Master_Receive
 .text.HAL_I2C_Mem_Write
                0x08006424      0x1c0 build/stm32h7xx_hal_i2c.o
                0x08006424                HAL_I2C_Mem_Write
 .text.HAL_I2C_Mem_Read
                0x080065e4      0x1c8 build/stm32h7xx_hal_i2c.o
                0x080065e4                HAL_I2C_Mem_Read
 .text.HAL_I2CEx_ConfigAnalogFilter
                0x080067ac       0xa8 build/stm32h7xx_hal_i2c_ex.o
                0x080067ac                HAL_I2CEx_ConfigAnalogFilter
 .text.HAL_I2CEx_ConfigDigitalFilter
                0x08006854       0x9c build/stm32h7xx_hal_i2c_ex.o
                0x08006854                HAL_I2CEx_ConfigDigitalFilter
 .text.SPI_CloseTransfer
                0x080068f0       0xcc build/stm32h7xx_hal_spi.o
 .text.SPI_GetPacketSize
                0x080069bc       0x10 build/stm32h7xx_hal_spi.o
 .text.SPI_WaitOnFlagUntilTimeout
                0x080069cc       0x48 build/stm32h7xx_hal_spi.o
 .text.HAL_SPI_Init
                0x08006a14      0x368 build/stm32h7xx_hal_spi.o
                0x08006a14                HAL_SPI_Init
 .text.HAL_SPI_Transmit
                0x08006d7c      0x2e4 build/stm32h7xx_hal_spi.o
                0x08006d7c                HAL_SPI_Transmit
 .text.UART_EndRxTransfer
                0x08007060       0x58 build/stm32h7xx_hal_uart.o
 .text.UART_SetConfig
                0x080070b8      0x70c build/stm32h7xx_hal_uart.o
                0x080070b8                UART_SetConfig
 .text.UART_AdvFeatureConfig
                0x080077c4      0x224 build/stm32h7xx_hal_uart.o
                0x080077c4                UART_AdvFeatureConfig
 .text.UART_WaitOnFlagUntilTimeout
                0x080079e8       0xa6 build/stm32h7xx_hal_uart.o
                0x080079e8                UART_WaitOnFlagUntilTimeout
 .text.UART_CheckIdleState
                0x08007a8e       0xca build/stm32h7xx_hal_uart.o
                0x08007a8e                UART_CheckIdleState
 .text.HAL_UART_Init
                0x08007b58      0x124 build/stm32h7xx_hal_uart.o
                0x08007b58                HAL_UART_Init
 .text.UARTEx_SetNbDataToProcess
                0x08007c7c       0x4c build/stm32h7xx_hal_uart_ex.o
 .text.HAL_UARTEx_DisableFifoMode
                0x08007cc8       0x94 build/stm32h7xx_hal_uart_ex.o
                0x08007cc8                HAL_UARTEx_DisableFifoMode
 .text.HAL_UARTEx_SetTxFifoThreshold
                0x08007d5c       0xd8 build/stm32h7xx_hal_uart_ex.o
                0x08007d5c                HAL_UARTEx_SetTxFifoThreshold
 .text.HAL_UARTEx_SetRxFifoThreshold
                0x08007e34       0xd8 build/stm32h7xx_hal_uart_ex.o
                0x08007e34                HAL_UARTEx_SetRxFifoThreshold
 .text.SystemInit
                0x08007f0c       0xc8 build/system_stm32h7xx.o
                0x08007f0c                SystemInit
 .text.lcd_write_reg_data
                0x08007fd4       0x3e build/lcd_core.o
                0x08007fd4                lcd_write_reg_data
 *fill*         0x08008012        0x2 
 .text.lcd_set_address
                0x08008014       0xa0 build/lcd_core.o
                0x08008014                lcd_set_address
 .text.lcd_init_hw
                0x080080b4      0x29c build/lcd_core.o
                0x080080b4                lcd_init_hw
 .text.lcd_draw_point
                0x08008350       0x1c build/lcd_core.o
                0x08008350                lcd_draw_point
 .text.lcd_fill
                0x0800836c       0x9a build/lcd_core.o
                0x0800836c                lcd_fill
 .text.lcd_clear
                0x08008406       0x24 build/lcd_core.o
                0x08008406                lcd_clear
 *fill*         0x0800842a        0x2 
 .text.lcd_set_font
                0x0800842c       0x28 build/lcd_core.o
                0x0800842c                lcd_set_font
 .text.lcd_init_dev
                0x08008454       0x48 build/lcd_core.o
                0x08008454                lcd_init_dev
 .text.lcd_show_char
                0x0800849c       0x8e build/lcd_core.o
                0x0800849c                lcd_show_char
 .text.lcd_show_string
                0x0800852a       0x3a build/lcd_core.o
                0x0800852a                lcd_show_string
 .text.lcd_print
                0x08008564       0x4a build/lcd_core.o
                0x08008564                lcd_print
 .text.lcd_show_picture
                0x080085ae       0x34 build/lcd_core.o
                0x080085ae                lcd_show_picture
 .text.lcd_io_ctrl
                0x080085e2       0x18 build/lcd_port.o
 .text.lcd_spi_transmit
                0x080085fa       0x3e build/lcd_port.o
 .text.lcd_delay
                0x08008638        0x8 build/lcd_port.o
                0x08008638                lcd_delay
 .text.lcd_io_rst
                0x08008640        0xa build/lcd_port.o
                0x08008640                lcd_io_rst
 .text.lcd_io_bl
                0x0800864a        0xa build/lcd_port.o
                0x0800864a                lcd_io_bl
 .text.lcd_io_dc
                0x08008654        0xa build/lcd_port.o
                0x08008654                lcd_io_dc
 .text.lcd_write_byte
                0x0800865e       0x20 build/lcd_port.o
                0x0800865e                lcd_write_byte
 .text.lcd_write_halfword
                0x0800867e       0x2e build/lcd_port.o
                0x0800867e                lcd_write_halfword
 .text.lcd_write_bulk
                0x080086ac       0x1a build/lcd_port.o
                0x080086ac                lcd_write_bulk
 .text.lcd_write_reg
                0x080086c6       0x20 build/lcd_port.o
                0x080086c6                lcd_write_reg
 .text.Camera_WriteReg
                0x080086e6       0x28 build/camera.o
                0x080086e6                Camera_WriteReg
 .text.Camera_ReadReg
                0x0800870e       0x3a build/camera.o
                0x0800870e                Camera_ReadReg
 .text.Camera_WriteRegb2
                0x08008748       0x32 build/camera.o
                0x08008748                Camera_WriteRegb2
 .text.Camera_ReadRegb2
                0x0800877a       0x2a build/camera.o
                0x0800877a                Camera_ReadRegb2
 .text.Camera_read_id
                0x080087a4       0x90 build/camera.o
                0x080087a4                Camera_read_id
 .text.Camera_Init_Device
                0x08008834       0x9c build/camera.o
                0x08008834                Camera_Init_Device
 .text.calculate_hts
                0x080088d0       0x50 build/ov5640.o
 .text.calculate_vts
                0x08008920        0xa build/ov5640.o
 *fill*         0x0800892a        0x2 
 .text.ov5640_WR_Reg
                0x0800892c       0x14 build/ov5640.o
 .text.ov5640_reset
                0x08008940       0x5c build/ov5640.o
 .text.ov5640_RD_Reg
                0x0800899c       0x14 build/ov5640.o
 .text.ov5640_set_pixformat
                0x080089b0      0x1d0 build/ov5640.o
 .text.ov5640_set_framesize
                0x08008b80      0x48c build/ov5640.o
 .text.ov5640_set_hmirror
                0x0800900c       0x44 build/ov5640.o
 .text.ov5640_set_vflip
                0x08009050       0x44 build/ov5640.o
 .text.ov5640_init
                0x08009094       0x30 build/ov5640.o
                0x08009094                ov5640_init
 .text.ov7725_WR_Reg
                0x080090c4       0x20 build/ov7725.o
 .text.ov7725_reset
                0x080090e4       0x40 build/ov7725.o
 .text.ov7725_RD_Reg
                0x08009124       0x14 build/ov7725.o
 .text.ov7725_set_pixformat
                0x08009138       0x94 build/ov7725.o
 .text.ov7725_set_framesize
                0x080091cc      0x160 build/ov7725.o
 .text.ov7725_set_hmirror
                0x0800932c       0x30 build/ov7725.o
 .text.ov7725_set_vflip
                0x0800935c       0x3c build/ov7725.o
 .text.ov7725_init
                0x08009398       0x30 build/ov7725.o
                0x08009398                ov7725_init
 .text.OV2640_WR_Reg
                0x080093c8       0x20 build/ov2640.o
 .text.wrSensorRegs
                0x080093e8       0x24 build/ov2640.o
 .text.reset    0x0800940c       0x34 build/ov2640.o
 .text.OV2640_RD_Reg
                0x08009440       0x20 build/ov2640.o
 .text._set_framesize
                0x08009460       0xcc build/ov2640.o
 .text.set_pixformat
                0x0800952c       0x68 build/ov2640.o
 .text.set_hmirror
                0x08009594       0x28 build/ov2640.o
 .text.set_vflip
                0x080095bc       0x28 build/ov2640.o
 .text.ov2640_init
                0x080095e4       0x28 build/ov2640.o
                0x080095e4                ov2640_init
 .text.OV7670_WriteReg
                0x0800960c       0x30 build/ov7670.o
                0x0800960c                OV7670_WriteReg
 .text.OV7670_ReadReg
                0x0800963c       0x40 build/ov7670.o
                0x0800963c                OV7670_ReadReg
 .text.OV7670_Reset
                0x0800967c       0x2e build/ov7670.o
                0x0800967c                OV7670_Reset
 .text.OV7670_WriteRegList
                0x080096aa       0x2c build/ov7670.o
                0x080096aa                OV7670_WriteRegList
 *fill*         0x080096d6        0x2 
 .text.OV7670_Config
                0x080096d8       0xcc build/ov7670.o
                0x080096d8                OV7670_Config
 .text.Reset_Handler
                0x080097a4       0x54 build/startup_stm32h743xx.o
                0x080097a4                Reset_Handler
 .text.Default_Handler
                0x080097f8        0x2 build/startup_stm32h743xx.o
                0x080097f8                DMA1_Stream3_IRQHandler
                0x080097f8                EXTI2_IRQHandler
                0x080097f8                TIM8_CC_IRQHandler
                0x080097f8                HRTIM1_Master_IRQHandler
                0x080097f8                UART8_IRQHandler
                0x080097f8                SPI4_IRQHandler
                0x080097f8                TIM1_CC_IRQHandler
                0x080097f8                BDMA_Channel6_IRQHandler
                0x080097f8                DMA2_Stream5_IRQHandler
                0x080097f8                HRTIM1_FLT_IRQHandler
                0x080097f8                JPEG_IRQHandler
                0x080097f8                DMA1_Stream5_IRQHandler
                0x080097f8                BDMA_Channel1_IRQHandler
                0x080097f8                HRTIM1_TIMD_IRQHandler
                0x080097f8                TAMP_STAMP_IRQHandler
                0x080097f8                EXTI3_IRQHandler
                0x080097f8                LPTIM4_IRQHandler
                0x080097f8                TIM8_TRG_COM_TIM14_IRQHandler
                0x080097f8                LPTIM2_IRQHandler
                0x080097f8                DFSDM1_FLT1_IRQHandler
                0x080097f8                DMAMUX2_OVR_IRQHandler
                0x080097f8                TIM8_UP_TIM13_IRQHandler
                0x080097f8                I2C3_ER_IRQHandler
                0x080097f8                DFSDM1_FLT2_IRQHandler
                0x080097f8                MDMA_IRQHandler
                0x080097f8                LPTIM3_IRQHandler
                0x080097f8                HSEM1_IRQHandler
                0x080097f8                EXTI0_IRQHandler
                0x080097f8                I2C2_EV_IRQHandler
                0x080097f8                DMA1_Stream2_IRQHandler
                0x080097f8                FPU_IRQHandler
                0x080097f8                OTG_HS_WKUP_IRQHandler
                0x080097f8                FDCAN1_IT1_IRQHandler
                0x080097f8                LTDC_ER_IRQHandler
                0x080097f8                DMA2_Stream2_IRQHandler
                0x080097f8                HRTIM1_TIME_IRQHandler
                0x080097f8                SPI1_IRQHandler
                0x080097f8                TIM6_DAC_IRQHandler
                0x080097f8                HRTIM1_TIMC_IRQHandler
                0x080097f8                DMA2_Stream3_IRQHandler
                0x080097f8                SAI2_IRQHandler
                0x080097f8                DFSDM1_FLT3_IRQHandler
                0x080097f8                USART6_IRQHandler
                0x080097f8                TIM17_IRQHandler
                0x080097f8                USART3_IRQHandler
                0x080097f8                BDMA_Channel7_IRQHandler
                0x080097f8                LPTIM5_IRQHandler
                0x080097f8                UART5_IRQHandler
                0x080097f8                ADC3_IRQHandler
                0x080097f8                DMA2_Stream0_IRQHandler
                0x080097f8                TIM4_IRQHandler
                0x080097f8                BDMA_Channel2_IRQHandler
                0x080097f8                QUADSPI_IRQHandler
                0x080097f8                I2C1_EV_IRQHandler
                0x080097f8                DMA1_Stream6_IRQHandler
                0x080097f8                DMAMUX1_OVR_IRQHandler
                0x080097f8                DMA1_Stream1_IRQHandler
                0x080097f8                TIM16_IRQHandler
                0x080097f8                UART4_IRQHandler
                0x080097f8                BDMA_Channel5_IRQHandler
                0x080097f8                TIM3_IRQHandler
                0x080097f8                RCC_IRQHandler
                0x080097f8                TIM8_BRK_TIM12_IRQHandler
                0x080097f8                TIM1_TRG_COM_IRQHandler
                0x080097f8                Default_Handler
                0x080097f8                ECC_IRQHandler
                0x080097f8                CEC_IRQHandler
                0x080097f8                EXTI15_10_IRQHandler
                0x080097f8                BDMA_Channel0_IRQHandler
                0x080097f8                ADC_IRQHandler
                0x080097f8                DMA1_Stream7_IRQHandler
                0x080097f8                HRTIM1_TIMA_IRQHandler
                0x080097f8                SPI5_IRQHandler
                0x080097f8                TIM7_IRQHandler
                0x080097f8                SDMMC1_IRQHandler
                0x080097f8                TIM5_IRQHandler
                0x080097f8                DMA2_Stream7_IRQHandler
                0x080097f8                TIM15_IRQHandler
                0x080097f8                PVD_AVD_IRQHandler
                0x080097f8                I2C3_EV_IRQHandler
                0x080097f8                EXTI9_5_IRQHandler
                0x080097f8                RTC_WKUP_IRQHandler
                0x080097f8                LTDC_IRQHandler
                0x080097f8                SAI3_IRQHandler
                0x080097f8                ETH_WKUP_IRQHandler
                0x080097f8                SPDIF_RX_IRQHandler
                0x080097f8                SPI2_IRQHandler
                0x080097f8                OTG_HS_EP1_IN_IRQHandler
                0x080097f8                CRS_IRQHandler
                0x080097f8                EXTI4_IRQHandler
                0x080097f8                RNG_IRQHandler
                0x080097f8                HRTIM1_TIMB_IRQHandler
                0x080097f8                FDCAN2_IT1_IRQHandler
                0x080097f8                ETH_IRQHandler
                0x080097f8                TIM1_UP_IRQHandler
                0x080097f8                BDMA_Channel4_IRQHandler
                0x080097f8                OTG_HS_EP1_OUT_IRQHandler
                0x080097f8                WWDG_IRQHandler
                0x080097f8                SPI6_IRQHandler
                0x080097f8                MDIOS_IRQHandler
                0x080097f8                I2C4_EV_IRQHandler
                0x080097f8                FDCAN2_IT0_IRQHandler
                0x080097f8                LPUART1_IRQHandler
                0x080097f8                FDCAN1_IT0_IRQHandler
                0x080097f8                TIM2_IRQHandler
                0x080097f8                OTG_FS_WKUP_IRQHandler
                0x080097f8                OTG_HS_IRQHandler
                0x080097f8                DMA2D_IRQHandler
                0x080097f8                TIM1_BRK_IRQHandler
                0x080097f8                EXTI1_IRQHandler
                0x080097f8                SDMMC2_IRQHandler
                0x080097f8                OTG_FS_EP1_OUT_IRQHandler
                0x080097f8                BDMA_Channel3_IRQHandler
                0x080097f8                UART7_IRQHandler
                0x080097f8                MDIOS_WKUP_IRQHandler
                0x080097f8                USART2_IRQHandler
                0x080097f8                DFSDM1_FLT0_IRQHandler
                0x080097f8                SAI4_IRQHandler
                0x080097f8                I2C2_ER_IRQHandler
                0x080097f8                DMA2_Stream1_IRQHandler
                0x080097f8                FLASH_IRQHandler
                0x080097f8                DMA2_Stream4_IRQHandler
                0x080097f8                USART1_IRQHandler
                0x080097f8                OTG_FS_IRQHandler
                0x080097f8                SPI3_IRQHandler
                0x080097f8                WAKEUP_PIN_IRQHandler
                0x080097f8                DMA1_Stream4_IRQHandler
                0x080097f8                OTG_FS_EP1_IN_IRQHandler
                0x080097f8                I2C1_ER_IRQHandler
                0x080097f8                FMC_IRQHandler
                0x080097f8                FDCAN_CAL_IRQHandler
                0x080097f8                SWPMI1_IRQHandler
                0x080097f8                COMP1_IRQHandler
                0x080097f8                LPTIM1_IRQHandler
                0x080097f8                I2C4_ER_IRQHandler
                0x080097f8                DMA2_Stream6_IRQHandler
                0x080097f8                SAI1_IRQHandler
                0x080097f8                RTC_Alarm_IRQHandler
 .text._vsnprintf_r
                0x080097fa       0x5c /Users/zhy/Tools/xpack-arm-none-eabi-gcc-14.2.1-1.1/bin/../lib/gcc/arm-none-eabi/14.2.1/../../../../arm-none-eabi/lib/thumb/v7e-m+dp/hard/libc_nano.a(libc_a-vsnprintf.o)
                0x080097fa                _vsnprintf_r
                0x080097fa                _vsniprintf_r
 *fill*         0x08009856        0x2 
 .text.vsnprintf
                0x08009858       0x1c /Users/zhy/Tools/xpack-arm-none-eabi-gcc-14.2.1-1.1/bin/../lib/gcc/arm-none-eabi/14.2.1/../../../../arm-none-eabi/lib/thumb/v7e-m+dp/hard/libc_nano.a(libc_a-vsnprintf.o)
                0x08009858                vsnprintf
                0x08009858                vsniprintf
 .text.memset   0x08009874       0x10 /Users/zhy/Tools/xpack-arm-none-eabi-gcc-14.2.1-1.1/bin/../lib/gcc/arm-none-eabi/14.2.1/../../../../arm-none-eabi/lib/thumb/v7e-m+dp/hard/libc_nano.a(libc_a-memset.o)
                0x08009874                memset
 .text.__libc_init_array
                0x08009884       0x48 /Users/zhy/Tools/xpack-arm-none-eabi-gcc-14.2.1-1.1/bin/../lib/gcc/arm-none-eabi/14.2.1/../../../../arm-none-eabi/lib/thumb/v7e-m+dp/hard/libc_nano.a(libc_a-init.o)
                0x08009884                __libc_init_array
 .text.__retarget_lock_acquire_recursive
                0x080098cc        0x2 /Users/zhy/Tools/xpack-arm-none-eabi-gcc-14.2.1-1.1/bin/../lib/gcc/arm-none-eabi/14.2.1/../../../../arm-none-eabi/lib/thumb/v7e-m+dp/hard/libc_nano.a(libc_a-lock.o)
                0x080098cc                __retarget_lock_acquire_recursive
 .text.__retarget_lock_release_recursive
                0x080098ce        0x2 /Users/zhy/Tools/xpack-arm-none-eabi-gcc-14.2.1-1.1/bin/../lib/gcc/arm-none-eabi/14.2.1/../../../../arm-none-eabi/lib/thumb/v7e-m+dp/hard/libc_nano.a(libc_a-lock.o)
                0x080098ce                __retarget_lock_release_recursive
 .text.__ssputs_r
                0x080098d0       0xc0 /Users/zhy/Tools/xpack-arm-none-eabi-gcc-14.2.1-1.1/bin/../lib/gcc/arm-none-eabi/14.2.1/../../../../arm-none-eabi/lib/thumb/v7e-m+dp/hard/libc_nano.a(libc_a-nano-svfprintf.o)
                0x080098d0                __ssputs_r
 .text._svfprintf_r
                0x08009990      0x1f8 /Users/zhy/Tools/xpack-arm-none-eabi-gcc-14.2.1-1.1/bin/../lib/gcc/arm-none-eabi/14.2.1/../../../../arm-none-eabi/lib/thumb/v7e-m+dp/hard/libc_nano.a(libc_a-nano-svfprintf.o)
                0x08009990                _svfprintf_r
                0x08009990                _svfiprintf_r
 .text.sbrk_aligned
                0x08009b88       0x44 /Users/zhy/Tools/xpack-arm-none-eabi-gcc-14.2.1-1.1/bin/../lib/gcc/arm-none-eabi/14.2.1/../../../../arm-none-eabi/lib/thumb/v7e-m+dp/hard/libc_nano.a(libc_a-mallocr.o)
 .text._malloc_r
                0x08009bcc      0x100 /Users/zhy/Tools/xpack-arm-none-eabi-gcc-14.2.1-1.1/bin/../lib/gcc/arm-none-eabi/14.2.1/../../../../arm-none-eabi/lib/thumb/v7e-m+dp/hard/libc_nano.a(libc_a-mallocr.o)
                0x08009bcc                _malloc_r
 .text._printf_common
                0x08009ccc       0xda /Users/zhy/Tools/xpack-arm-none-eabi-gcc-14.2.1-1.1/bin/../lib/gcc/arm-none-eabi/14.2.1/../../../../arm-none-eabi/lib/thumb/v7e-m+dp/hard/libc_nano.a(libc_a-nano-vfprintf_i.o)
                0x08009ccc                _printf_common
 *fill*         0x08009da6        0x2 
 .text._printf_i
                0x08009da8      0x240 /Users/zhy/Tools/xpack-arm-none-eabi-gcc-14.2.1-1.1/bin/../lib/gcc/arm-none-eabi/14.2.1/../../../../arm-none-eabi/lib/thumb/v7e-m+dp/hard/libc_nano.a(libc_a-nano-vfprintf_i.o)
                0x08009da8                _printf_i
 .text.__malloc_lock
                0x08009fe8        0xc /Users/zhy/Tools/xpack-arm-none-eabi-gcc-14.2.1-1.1/bin/../lib/gcc/arm-none-eabi/14.2.1/../../../../arm-none-eabi/lib/thumb/v7e-m+dp/hard/libc_nano.a(libc_a-mlock.o)
                0x08009fe8                __malloc_lock
 .text.__malloc_unlock
                0x08009ff4        0xc /Users/zhy/Tools/xpack-arm-none-eabi-gcc-14.2.1-1.1/bin/../lib/gcc/arm-none-eabi/14.2.1/../../../../arm-none-eabi/lib/thumb/v7e-m+dp/hard/libc_nano.a(libc_a-mlock.o)
                0x08009ff4                __malloc_unlock
 .text._realloc_r
                0x0800a000       0x5c /Users/zhy/Tools/xpack-arm-none-eabi-gcc-14.2.1-1.1/bin/../lib/gcc/arm-none-eabi/14.2.1/../../../../arm-none-eabi/lib/thumb/v7e-m+dp/hard/libc_nano.a(libc_a-reallocr.o)
                0x0800a000                _realloc_r
 .text.memmove  0x0800a05c       0x32 /Users/zhy/Tools/xpack-arm-none-eabi-gcc-14.2.1-1.1/bin/../lib/gcc/arm-none-eabi/14.2.1/../../../../arm-none-eabi/lib/thumb/v7e-m+dp/hard/libc_nano.a(libc_a-memmove.o)
                0x0800a05c                memmove
 *fill*         0x0800a08e        0x2 
 .text._sbrk_r  0x0800a090       0x20 /Users/zhy/Tools/xpack-arm-none-eabi-gcc-14.2.1-1.1/bin/../lib/gcc/arm-none-eabi/14.2.1/../../../../arm-none-eabi/lib/thumb/v7e-m+dp/hard/libc_nano.a(libc_a-sbrkr.o)
                0x0800a090                _sbrk_r
 .text.memcpy   0x0800a0b0       0x1c /Users/zhy/Tools/xpack-arm-none-eabi-gcc-14.2.1-1.1/bin/../lib/gcc/arm-none-eabi/14.2.1/../../../../arm-none-eabi/lib/thumb/v7e-m+dp/hard/libc_nano.a(libc_a-memcpy-stub.o)
                0x0800a0b0                memcpy
 .text._free_r  0x0800a0cc       0x94 /Users/zhy/Tools/xpack-arm-none-eabi-gcc-14.2.1-1.1/bin/../lib/gcc/arm-none-eabi/14.2.1/../../../../arm-none-eabi/lib/thumb/v7e-m+dp/hard/libc_nano.a(libc_a-freer.o)
                0x0800a0cc                _free_r
 .text._malloc_usable_size_r
                0x0800a160       0x10 /Users/zhy/Tools/xpack-arm-none-eabi-gcc-14.2.1-1.1/bin/../lib/gcc/arm-none-eabi/14.2.1/../../../../arm-none-eabi/lib/thumb/v7e-m+dp/hard/libc_nano.a(libc_a-msizer.o)
                0x0800a160                _malloc_usable_size_r
 .text._sbrk    0x0800a170       0x1c /Users/zhy/Tools/xpack-arm-none-eabi-gcc-14.2.1-1.1/bin/../lib/gcc/arm-none-eabi/14.2.1/../../../../arm-none-eabi/lib/thumb/v7e-m+dp/hard/libnosys.a(sbrk.o)
                0x0800a170                _sbrk
 .text.__udivmoddi4
                0x0800a18c      0x2f8 /Users/zhy/Tools/xpack-arm-none-eabi-gcc-14.2.1-1.1/bin/../lib/gcc/arm-none-eabi/14.2.1/thumb/v7e-m+dp/hard/libgcc.a(_udivmoddi4.o)
                0x0800a18c                __udivmoddi4
 *(.glue_7)
 .glue_7        0x0800a484        0x0 linker stubs
 *(.glue_7t)
 .glue_7t       0x0800a484        0x0 linker stubs
 *(.eh_frame)
 .eh_frame      0x0800a484        0x0 /Users/zhy/Tools/xpack-arm-none-eabi-gcc-14.2.1-1.1/bin/../lib/gcc/arm-none-eabi/14.2.1/thumb/v7e-m+dp/hard/crtbegin.o
 *(.init)
 .init          0x0800a484        0x4 /Users/zhy/Tools/xpack-arm-none-eabi-gcc-14.2.1-1.1/bin/../lib/gcc/arm-none-eabi/14.2.1/thumb/v7e-m+dp/hard/crti.o
                0x0800a484                _init
 .init          0x0800a488        0x8 /Users/zhy/Tools/xpack-arm-none-eabi-gcc-14.2.1-1.1/bin/../lib/gcc/arm-none-eabi/14.2.1/thumb/v7e-m+dp/hard/crtn.o
 *(.fini)
 .fini          0x0800a490        0x4 /Users/zhy/Tools/xpack-arm-none-eabi-gcc-14.2.1-1.1/bin/../lib/gcc/arm-none-eabi/14.2.1/thumb/v7e-m+dp/hard/crti.o
                0x0800a490                _fini
 .fini          0x0800a494        0x8 /Users/zhy/Tools/xpack-arm-none-eabi-gcc-14.2.1-1.1/bin/../lib/gcc/arm-none-eabi/14.2.1/thumb/v7e-m+dp/hard/crtn.o
                0x0800a49c                        . = ALIGN (0x4)
                0x0800a49c                        _etext = .

.vfp11_veneer   0x0800a49c        0x0
 .vfp11_veneer  0x0800a49c        0x0 linker stubs

.v4_bx          0x0800a49c        0x0
 .v4_bx         0x0800a49c        0x0 linker stubs

.iplt           0x0800a49c        0x0
 .iplt          0x0800a49c        0x0 /Users/zhy/Tools/xpack-arm-none-eabi-gcc-14.2.1-1.1/bin/../lib/gcc/arm-none-eabi/14.2.1/thumb/v7e-m+dp/hard/crtbegin.o

.rodata         0x0800a49c     0x3fd0
                0x0800a49c                        . = ALIGN (0x4)
 *(.rodata)
 *(.rodata*)
 .rodata.main.str1.4
                0x0800a49c      0x33a build/main.o
                                  0x6 (size before relaxing)
 .rodata.HAL_NVIC_SetPriorityGrouping.str1.4
                0x0800a7d6       0x38 build/stm32h7xx_hal_cortex.o
 .rodata.HAL_DCMI_Init.str1.4
                0x0800a7d6       0x36 build/stm32h7xx_hal_dcmi.o
 .rodata.HAL_RCC_OscConfig.str1.4
                0x0800a7d6       0x35 build/stm32h7xx_hal_rcc.o
 .rodata.RCCEx_PLL2_Config.str1.4
                0x0800a7d6       0x38 build/stm32h7xx_hal_rcc_ex.o
 .rodata.HAL_GPIO_Init.str1.4
                0x0800a7d6       0x36 build/stm32h7xx_hal_gpio.o
 .rodata.HAL_DMA_Init.str1.4
                0x0800a7d6       0x35 build/stm32h7xx_hal_dma.o
 *fill*         0x0800a7d6        0x2 
 .rodata.flagBitshiftOffset.0
                0x0800a7d8        0x8 build/stm32h7xx_hal_dma.o
 .rodata.HAL_DMAEx_MultiBufferStart.str1.4
                0x0800a7e0       0x38 build/stm32h7xx_hal_dma_ex.o
 .rodata.HAL_PWREx_ConfigSupply.str1.4
                0x0800a7e0       0x38 build/stm32h7xx_hal_pwr_ex.o
 .rodata.HAL_SetTickFreq.str1.4
                0x0800a7e0       0x31 build/stm32h7xx_hal.o
 .rodata.I2C_TransferConfig.str1.4
                0x0800a7e0       0x35 build/stm32h7xx_hal_i2c.o
 .rodata.HAL_I2CEx_ConfigAnalogFilter.str1.4
                0x0800a7e0       0x38 build/stm32h7xx_hal_i2c_ex.o
 .rodata.HAL_SPI_Init.str1.4
                0x0800a7e0       0x35 build/stm32h7xx_hal_spi.o
 .rodata.HAL_UART_DeInit.str1.4
                0x0800a7e0       0x36 build/stm32h7xx_hal_uart.o
 .rodata.UARTPrescTable
                0x0800a7e0       0x18 build/stm32h7xx_hal_uart.o
                0x0800a7e0                UARTPrescTable
 .rodata.UARTEx_Wakeup_AddressConfig.str1.4
                0x0800a7f8       0x39 build/stm32h7xx_hal_uart_ex.o
 .rodata.denominator.0
                0x0800a7f8        0x8 build/stm32h7xx_hal_uart_ex.o
 .rodata.numerator.1
                0x0800a800        0x8 build/stm32h7xx_hal_uart_ex.o
 .rodata.D1CorePrescTable
                0x0800a808       0x10 build/system_stm32h7xx.o
                0x0800a808                D1CorePrescTable
 .rodata.str1.4
                0x0800a818       0x22 build/lcd_core.o
 .rodata.ascii_3216
                0x0800a818     0x17c0 build/lcd_font.o
                0x0800a818                ascii_3216
 .rodata.ascii_2412
                0x0800bfd8     0x11d0 build/lcd_font.o
                0x0800bfd8                ascii_2412
 .rodata.ascii_1608
                0x0800d1a8      0x5f0 build/lcd_font.o
                0x0800d1a8                ascii_1608
 .rodata.ascii_1206
                0x0800d798      0x474 build/lcd_font.o
                0x0800d798                ascii_1206
 .rodata.lcd_fonts
                0x0800dc0c       0x40 build/lcd_font.o
                0x0800dc0c                lcd_fonts
 .rodata.dvp_cam_resolution
                0x0800dc4c       0x80 build/camera.o
                0x0800dc4c                dvp_cam_resolution
 .rodata.ov5640_default_regs
                0x0800dccc      0x357 build/ov5640_regs.o
                0x0800dccc                ov5640_default_regs
 *fill*         0x0800e023        0x1 
 .rodata.ov7725_default_regs
                0x0800e024       0x8e build/ov7725_regs.o
                0x0800e024                ov7725_default_regs
 *fill*         0x0800e0b2        0x2 
 .rodata.yuyv_regs
                0x0800e0b4       0x12 build/ov2640.o
 *fill*         0x0800e0c6        0x2 
 .rodata.jpeg_regs
                0x0800e0c8        0xe build/ov2640.o
 *fill*         0x0800e0d6        0x2 
 .rodata.rgb565_regs
                0x0800e0d8        0xe build/ov2640.o
 *fill*         0x0800e0e6        0x2 
 .rodata.OV2640_uxga_regs
                0x0800e0e8       0x46 build/ov2640_regs.o
                0x0800e0e8                OV2640_uxga_regs
 *fill*         0x0800e12e        0x2 
 .rodata.OV2640_svga_regs
                0x0800e130       0x46 build/ov2640_regs.o
                0x0800e130                OV2640_svga_regs
 *fill*         0x0800e176        0x2 
 .rodata.ov2640_Slow_regs
                0x0800e178      0x174 build/ov2640_regs.o
                0x0800e178                ov2640_Slow_regs
 .rodata.ov7670_default_regs
                0x0800e2ec      0x11a build/ov7670_regs.o
                0x0800e2ec                ov7670_default_regs
 *fill*         0x0800e406        0x2 
 .rodata.rgb565_ov7670
                0x0800e408       0x1a build/ov7670_regs.o
                0x0800e408                rgb565_ov7670
 *fill*         0x0800e422        0x2 
 .rodata.qqvga_ov7670
                0x0800e424       0x14 build/ov7670_regs.o
                0x0800e424                qqvga_ov7670
 .rodata._svfprintf_r.str1.1
                0x0800e438       0x33 /Users/zhy/Tools/xpack-arm-none-eabi-gcc-14.2.1-1.1/bin/../lib/gcc/arm-none-eabi/14.2.1/../../../../arm-none-eabi/lib/thumb/v7e-m+dp/hard/libc_nano.a(libc_a-nano-svfprintf.o)
                                 0x11 (size before relaxing)
 .rodata._printf_i.str1.1
                0x0800e46b       0x22 /Users/zhy/Tools/xpack-arm-none-eabi-gcc-14.2.1-1.1/bin/../lib/gcc/arm-none-eabi/14.2.1/../../../../arm-none-eabi/lib/thumb/v7e-m+dp/hard/libc_nano.a(libc_a-nano-vfprintf_i.o)
                0x0800e490                        . = ALIGN (0x4)
 *fill*         0x0800e46b        0x1 

.ARM.extab      0x0800e46c        0x0
                0x0800e46c                        . = ALIGN (0x4)
 *(.ARM.extab* .gnu.linkonce.armextab.*)
                0x0800e46c                        . = ALIGN (0x4)

.ARM            0x0800e46c        0x8
                0x0800e46c                        . = ALIGN (0x4)
                0x0800e46c                        __exidx_start = .
 *(.ARM.exidx*)
 .ARM.exidx     0x0800e46c        0x8 /Users/zhy/Tools/xpack-arm-none-eabi-gcc-14.2.1-1.1/bin/../lib/gcc/arm-none-eabi/14.2.1/../../../../arm-none-eabi/lib/thumb/v7e-m+dp/hard/libc_nano.a(libc_a-memchr.o)
 .ARM.exidx.text.__udivmoddi4
                0x0800e474        0x0 /Users/zhy/Tools/xpack-arm-none-eabi-gcc-14.2.1-1.1/bin/../lib/gcc/arm-none-eabi/14.2.1/thumb/v7e-m+dp/hard/libgcc.a(_udivmoddi4.o)
                                  0x8 (size before relaxing)
                0x0800e474                        __exidx_end = .
                0x0800e474                        . = ALIGN (0x4)

.preinit_array  0x0800e474        0x0
                0x0800e474                        . = ALIGN (0x4)
                0x0800e474                        PROVIDE (__preinit_array_start = .)
 *(.preinit_array*)
                0x0800e474                        PROVIDE (__preinit_array_end = .)
                0x0800e474                        . = ALIGN (0x4)

.init_array     0x0800e474        0x4
                0x0800e474                        . = ALIGN (0x4)
                0x0800e474                        PROVIDE (__init_array_start = .)
 *(SORT_BY_NAME(.init_array.*))
 *(.init_array*)
 .init_array    0x0800e474        0x4 /Users/zhy/Tools/xpack-arm-none-eabi-gcc-14.2.1-1.1/bin/../lib/gcc/arm-none-eabi/14.2.1/thumb/v7e-m+dp/hard/crtbegin.o
                0x0800e478                        PROVIDE (__init_array_end = .)
                0x0800e478                        . = ALIGN (0x4)

.fini_array     0x0800e478        0x4
                0x0800e478                        . = ALIGN (0x4)
                0x0800e478                        PROVIDE (__fini_array_start = .)
 *(SORT_BY_NAME(.fini_array.*))
 *(.fini_array*)
 .fini_array    0x0800e478        0x4 /Users/zhy/Tools/xpack-arm-none-eabi-gcc-14.2.1-1.1/bin/../lib/gcc/arm-none-eabi/14.2.1/thumb/v7e-m+dp/hard/crtbegin.o
                0x0800e47c                        PROVIDE (__fini_array_end = .)
                0x0800e47c                        . = ALIGN (0x4)
                0x0800e47c                        _sidata = LOADADDR (.data)

.rel.dyn        0x0800e47c        0x0
 .rel.iplt      0x0800e47c        0x0 /Users/zhy/Tools/xpack-arm-none-eabi-gcc-14.2.1-1.1/bin/../lib/gcc/arm-none-eabi/14.2.1/thumb/v7e-m+dp/hard/crtbegin.o

.data           0x24000000      0x128 load address 0x0800e47c
                0x24000000                        . = ALIGN (0x4)
                0x24000000                        _sdata = .
 *(.data)
 *(.data*)
 .data.lcd_desc
                0x24000000       0x2c build/main.o
                0x24000000                lcd_desc
 .data.lcd_io_desc
                0x2400002c       0x2c build/main.o
                0x2400002c                lcd_io_desc
 .data.uwTickFreq
                0x24000058        0x1 build/stm32h7xx_hal.o
                0x24000058                uwTickFreq
 *fill*         0x24000059        0x3 
 .data.uwTickPrio
                0x2400005c        0x4 build/stm32h7xx_hal.o
                0x2400005c                uwTickPrio
 .data.SystemD2Clock
                0x24000060        0x4 build/system_stm32h7xx.o
                0x24000060                SystemD2Clock
 .data.SystemCoreClock
                0x24000064        0x4 build/system_stm32h7xx.o
                0x24000064                SystemCoreClock
 .data.lcd_cfg_address
                0x24000068       0x30 build/lcd_core.o
                0x24000068                lcd_cfg_address
 .data.lcd_cfg_order
                0x24000098        0xc build/lcd_core.o
                0x24000098                lcd_cfg_order
 .data.lcd_hw_desc
                0x240000a4        0xc build/lcd_core.o
                0x240000a4                lcd_hw_desc
 .data.lcd_hw_1_47
                0x240000b0        0xc build/lcd_core.o
                0x240000b0                lcd_hw_1_47
 .data.lcd_hw_1_14
                0x240000bc        0xc build/lcd_core.o
                0x240000bc                lcd_hw_1_14
 .data.lcd_hw_0_96
                0x240000c8        0xc build/lcd_core.o
                0x240000c8                lcd_hw_0_96
 .data.readout_h
                0x240000d4        0x2 build/ov5640.o
 .data.readout_w
                0x240000d6        0x2 build/ov5640.o
 .data._impure_ptr
                0x240000d8        0x4 /Users/zhy/Tools/xpack-arm-none-eabi-gcc-14.2.1-1.1/bin/../lib/gcc/arm-none-eabi/14.2.1/../../../../arm-none-eabi/lib/thumb/v7e-m+dp/hard/libc_nano.a(libc_a-impure.o)
                0x240000d8                _impure_ptr
 .data._impure_data
                0x240000dc       0x4c /Users/zhy/Tools/xpack-arm-none-eabi-gcc-14.2.1-1.1/bin/../lib/gcc/arm-none-eabi/14.2.1/../../../../arm-none-eabi/lib/thumb/v7e-m+dp/hard/libc_nano.a(libc_a-impure.o)
                0x240000dc                _impure_data
 *(.RamFunc)
 *(.RamFunc*)
                0x24000128                        . = ALIGN (0x4)
                0x24000128                        _edata = .

.igot.plt       0x24000128        0x0 load address 0x0800e5a4
 .igot.plt      0x24000128        0x0 /Users/zhy/Tools/xpack-arm-none-eabi-gcc-14.2.1-1.1/bin/../lib/gcc/arm-none-eabi/14.2.1/thumb/v7e-m+dp/hard/crtbegin.o
                0x24000128                        . = ALIGN (0x4)

.bss            0x24000140     0x9c64 load address 0x0800e5a4
                0x24000140                        _sbss = .
                0x24000140                        __bss_start__ = _sbss
 *(.bss)
 *(.bss*)
 .bss.completed.1
                0x24000140        0x1 /Users/zhy/Tools/xpack-arm-none-eabi-gcc-14.2.1-1.1/bin/../lib/gcc/arm-none-eabi/14.2.1/thumb/v7e-m+dp/hard/crtbegin.o
 *fill*         0x24000141        0x3 
 .bss.object.0  0x24000144       0x18 /Users/zhy/Tools/xpack-arm-none-eabi-gcc-14.2.1-1.1/bin/../lib/gcc/arm-none-eabi/14.2.1/thumb/v7e-m+dp/hard/crtbegin.o
 .bss.count.0   0x2400015c        0x4 build/main.o
 .bss.tick.1    0x24000160        0x4 build/main.o
 .bss.Camera_FPS
                0x24000164        0x4 build/main.o
                0x24000164                Camera_FPS
 .bss.DCMI_FrameIsReady
                0x24000168        0x4 build/main.o
                0x24000168                DCMI_FrameIsReady
 *fill*         0x2400016c       0x14 
 .bss.pic       0x24000180     0x9600 build/main.o
                0x24000180                pic
 .bss.line_buffer
                0x24009780      0x280 build/main.o
 .bss.hdma_dcmi
                0x24009a00       0x78 build/dcmi.o
                0x24009a00                hdma_dcmi
 .bss.hdcmi     0x24009a78       0x50 build/dcmi.o
                0x24009a78                hdcmi
 .bss.hi2c1     0x24009ac8       0x54 build/i2c.o
                0x24009ac8                hi2c1
 .bss.hspi6     0x24009b1c       0x88 build/spi.o
                0x24009b1c                hspi6
 .bss.huart1    0x24009ba4       0x94 build/usart.o
                0x24009ba4                huart1
 .bss.uwTick    0x24009c38        0x4 build/stm32h7xx_hal.o
                0x24009c38                uwTick
 .bss.hcamera   0x24009c3c       0x14 build/camera.o
                0x24009c3c                hcamera
 .bss.readout_y
                0x24009c50        0x2 build/ov5640.o
 .bss.readout_x
                0x24009c52        0x2 build/ov5640.o
 .bss.hts_target
                0x24009c54        0x2 build/ov5640.o
 *fill*         0x24009c56        0x2 
 .bss.__sf      0x24009c58      0x138 /Users/zhy/Tools/xpack-arm-none-eabi-gcc-14.2.1-1.1/bin/../lib/gcc/arm-none-eabi/14.2.1/../../../../arm-none-eabi/lib/thumb/v7e-m+dp/hard/libc_nano.a(libc_a-findfp.o)
                0x24009c58                __sf
 .bss.__lock___malloc_recursive_mutex
                0x24009d90        0x1 /Users/zhy/Tools/xpack-arm-none-eabi-gcc-14.2.1-1.1/bin/../lib/gcc/arm-none-eabi/14.2.1/../../../../arm-none-eabi/lib/thumb/v7e-m+dp/hard/libc_nano.a(libc_a-lock.o)
                0x24009d90                __lock___malloc_recursive_mutex
 *fill*         0x24009d91        0x3 
 .bss.__malloc_sbrk_start
                0x24009d94        0x4 /Users/zhy/Tools/xpack-arm-none-eabi-gcc-14.2.1-1.1/bin/../lib/gcc/arm-none-eabi/14.2.1/../../../../arm-none-eabi/lib/thumb/v7e-m+dp/hard/libc_nano.a(libc_a-mallocr.o)
                0x24009d94                __malloc_sbrk_start
 .bss.__malloc_free_list
                0x24009d98        0x4 /Users/zhy/Tools/xpack-arm-none-eabi-gcc-14.2.1-1.1/bin/../lib/gcc/arm-none-eabi/14.2.1/../../../../arm-none-eabi/lib/thumb/v7e-m+dp/hard/libc_nano.a(libc_a-mallocr.o)
                0x24009d98                __malloc_free_list
 .bss.errno     0x24009d9c        0x4 /Users/zhy/Tools/xpack-arm-none-eabi-gcc-14.2.1-1.1/bin/../lib/gcc/arm-none-eabi/14.2.1/../../../../arm-none-eabi/lib/thumb/v7e-m+dp/hard/libc_nano.a(libc_a-reent.o)
                0x24009d9c                errno
 .bss.heap_end.0
                0x24009da0        0x4 /Users/zhy/Tools/xpack-arm-none-eabi-gcc-14.2.1-1.1/bin/../lib/gcc/arm-none-eabi/14.2.1/../../../../arm-none-eabi/lib/thumb/v7e-m+dp/hard/libnosys.a(sbrk.o)
 *(COMMON)
                0x24009da4                        . = ALIGN (0x4)
                0x24009da4                        _ebss = .
                0x24009da4                        __bss_end__ = _ebss

._user_heap_stack
                0x24009da4     0x1004 load address 0x0800e5a4
                0x24009da8                        . = ALIGN (0x8)
 *fill*         0x24009da4        0x4 
                0x24009da8                        PROVIDE (end = .)
                [!provide]                        PROVIDE (_end = .)
                0x2400a5a8                        . = (. + _Min_Heap_Size)
 *fill*         0x24009da8      0x800 
                0x2400ada8                        . = (. + _Min_Stack_Size)
 *fill*         0x2400a5a8      0x800 
                0x2400ada8                        . = ALIGN (0x8)

/DISCARD/
 libc.a(*)
 libm.a(*)
 libgcc.a(*)
OUTPUT(build/Dev_LCD_1.14inch_240x135.elf elf32-littlearm)
LOAD linker stubs
LOAD /Users/zhy/Tools/xpack-arm-none-eabi-gcc-14.2.1-1.1/bin/../lib/gcc/arm-none-eabi/14.2.1/../../../../arm-none-eabi/lib/thumb/v7e-m+dp/hard/libc.a
LOAD /Users/zhy/Tools/xpack-arm-none-eabi-gcc-14.2.1-1.1/bin/../lib/gcc/arm-none-eabi/14.2.1/../../../../arm-none-eabi/lib/thumb/v7e-m+dp/hard/libm.a
LOAD /Users/zhy/Tools/xpack-arm-none-eabi-gcc-14.2.1-1.1/bin/../lib/gcc/arm-none-eabi/14.2.1/thumb/v7e-m+dp/hard/libgcc.a

.ARM.attributes
                0x00000000       0x2e
 .ARM.attributes
                0x00000000       0x20 /Users/zhy/Tools/xpack-arm-none-eabi-gcc-14.2.1-1.1/bin/../lib/gcc/arm-none-eabi/14.2.1/thumb/v7e-m+dp/hard/crti.o
 .ARM.attributes
                0x00000020       0x32 /Users/zhy/Tools/xpack-arm-none-eabi-gcc-14.2.1-1.1/bin/../lib/gcc/arm-none-eabi/14.2.1/thumb/v7e-m+dp/hard/crtbegin.o
 .ARM.attributes
                0x00000052       0x32 build/main.o
 .ARM.attributes
                0x00000084       0x32 build/gpio.o
 .ARM.attributes
                0x000000b6       0x32 build/dcmi.o
 .ARM.attributes
                0x000000e8       0x32 build/dma.o
 .ARM.attributes
                0x0000011a       0x32 build/i2c.o
 .ARM.attributes
                0x0000014c       0x32 build/spi.o
 .ARM.attributes
                0x0000017e       0x32 build/usart.o
 .ARM.attributes
                0x000001b0       0x32 build/stm32h7xx_it.o
 .ARM.attributes
                0x000001e2       0x32 build/stm32h7xx_hal_msp.o
 .ARM.attributes
                0x00000214       0x32 build/stm32h7xx_hal_cortex.o
 .ARM.attributes
                0x00000246       0x32 build/stm32h7xx_hal_dcmi.o
 .ARM.attributes
                0x00000278       0x32 build/stm32h7xx_hal_rcc.o
 .ARM.attributes
                0x000002aa       0x32 build/stm32h7xx_hal_rcc_ex.o
 .ARM.attributes
                0x000002dc       0x32 build/stm32h7xx_hal_gpio.o
 .ARM.attributes
                0x0000030e       0x32 build/stm32h7xx_hal_dma.o
 .ARM.attributes
                0x00000340       0x32 build/stm32h7xx_hal_dma_ex.o
 .ARM.attributes
                0x00000372       0x32 build/stm32h7xx_hal_pwr_ex.o
 .ARM.attributes
                0x000003a4       0x32 build/stm32h7xx_hal.o
 .ARM.attributes
                0x000003d6       0x32 build/stm32h7xx_hal_i2c.o
 .ARM.attributes
                0x00000408       0x32 build/stm32h7xx_hal_i2c_ex.o
 .ARM.attributes
                0x0000043a       0x32 build/stm32h7xx_hal_spi.o
 .ARM.attributes
                0x0000046c       0x32 build/stm32h7xx_hal_uart.o
 .ARM.attributes
                0x0000049e       0x32 build/stm32h7xx_hal_uart_ex.o
 .ARM.attributes
                0x000004d0       0x32 build/system_stm32h7xx.o
 .ARM.attributes
                0x00000502       0x32 build/lcd_core.o
 .ARM.attributes
                0x00000534       0x32 build/lcd_port.o
 .ARM.attributes
                0x00000566       0x32 build/lcd_font.o
 .ARM.attributes
                0x00000598       0x32 build/camera.o
 .ARM.attributes
                0x000005ca       0x32 build/ov5640.o
 .ARM.attributes
                0x000005fc       0x32 build/ov7725.o
 .ARM.attributes
                0x0000062e       0x32 build/ov5640_regs.o
 .ARM.attributes
                0x00000660       0x32 build/ov7725_regs.o
 .ARM.attributes
                0x00000692       0x32 build/ov2640.o
 .ARM.attributes
                0x000006c4       0x32 build/ov2640_regs.o
 .ARM.attributes
                0x000006f6       0x32 build/ov7670.o
 .ARM.attributes
                0x00000728       0x32 build/ov7670_regs.o
 .ARM.attributes
                0x0000075a       0x21 build/startup_stm32h743xx.o
 .ARM.attributes
                0x0000077b       0x32 /Users/zhy/Tools/xpack-arm-none-eabi-gcc-14.2.1-1.1/bin/../lib/gcc/arm-none-eabi/14.2.1/../../../../arm-none-eabi/lib/thumb/v7e-m+dp/hard/libc_nano.a(libc_a-findfp.o)
 .ARM.attributes
                0x000007ad       0x32 /Users/zhy/Tools/xpack-arm-none-eabi-gcc-14.2.1-1.1/bin/../lib/gcc/arm-none-eabi/14.2.1/../../../../arm-none-eabi/lib/thumb/v7e-m+dp/hard/libc_nano.a(libc_a-vsnprintf.o)
 .ARM.attributes
                0x000007df       0x32 /Users/zhy/Tools/xpack-arm-none-eabi-gcc-14.2.1-1.1/bin/../lib/gcc/arm-none-eabi/14.2.1/../../../../arm-none-eabi/lib/thumb/v7e-m+dp/hard/libc_nano.a(libc_a-memset.o)
 .ARM.attributes
                0x00000811       0x32 /Users/zhy/Tools/xpack-arm-none-eabi-gcc-14.2.1-1.1/bin/../lib/gcc/arm-none-eabi/14.2.1/../../../../arm-none-eabi/lib/thumb/v7e-m+dp/hard/libc_nano.a(libc_a-init.o)
 .ARM.attributes
                0x00000843       0x32 /Users/zhy/Tools/xpack-arm-none-eabi-gcc-14.2.1-1.1/bin/../lib/gcc/arm-none-eabi/14.2.1/../../../../arm-none-eabi/lib/thumb/v7e-m+dp/hard/libc_nano.a(libc_a-lock.o)
 .ARM.attributes
                0x00000875       0x32 /Users/zhy/Tools/xpack-arm-none-eabi-gcc-14.2.1-1.1/bin/../lib/gcc/arm-none-eabi/14.2.1/../../../../arm-none-eabi/lib/thumb/v7e-m+dp/hard/libc_nano.a(libc_a-impure.o)
 .ARM.attributes
                0x000008a7       0x32 /Users/zhy/Tools/xpack-arm-none-eabi-gcc-14.2.1-1.1/bin/../lib/gcc/arm-none-eabi/14.2.1/../../../../arm-none-eabi/lib/thumb/v7e-m+dp/hard/libc_nano.a(libc_a-nano-svfprintf.o)
 .ARM.attributes
                0x000008d9       0x32 /Users/zhy/Tools/xpack-arm-none-eabi-gcc-14.2.1-1.1/bin/../lib/gcc/arm-none-eabi/14.2.1/../../../../arm-none-eabi/lib/thumb/v7e-m+dp/hard/libc_nano.a(libc_a-mallocr.o)
 .ARM.attributes
                0x0000090b       0x32 /Users/zhy/Tools/xpack-arm-none-eabi-gcc-14.2.1-1.1/bin/../lib/gcc/arm-none-eabi/14.2.1/../../../../arm-none-eabi/lib/thumb/v7e-m+dp/hard/libc_nano.a(libc_a-nano-vfprintf_i.o)
 .ARM.attributes
                0x0000093d       0x32 /Users/zhy/Tools/xpack-arm-none-eabi-gcc-14.2.1-1.1/bin/../lib/gcc/arm-none-eabi/14.2.1/../../../../arm-none-eabi/lib/thumb/v7e-m+dp/hard/libc_nano.a(libc_a-mlock.o)
 .ARM.attributes
                0x0000096f       0x32 /Users/zhy/Tools/xpack-arm-none-eabi-gcc-14.2.1-1.1/bin/../lib/gcc/arm-none-eabi/14.2.1/../../../../arm-none-eabi/lib/thumb/v7e-m+dp/hard/libc_nano.a(libc_a-reallocr.o)
 .ARM.attributes
                0x000009a1       0x32 /Users/zhy/Tools/xpack-arm-none-eabi-gcc-14.2.1-1.1/bin/../lib/gcc/arm-none-eabi/14.2.1/../../../../arm-none-eabi/lib/thumb/v7e-m+dp/hard/libc_nano.a(libc_a-memmove.o)
 .ARM.attributes
                0x000009d3       0x32 /Users/zhy/Tools/xpack-arm-none-eabi-gcc-14.2.1-1.1/bin/../lib/gcc/arm-none-eabi/14.2.1/../../../../arm-none-eabi/lib/thumb/v7e-m+dp/hard/libc_nano.a(libc_a-sbrkr.o)
 .ARM.attributes
                0x00000a05       0x32 /Users/zhy/Tools/xpack-arm-none-eabi-gcc-14.2.1-1.1/bin/../lib/gcc/arm-none-eabi/14.2.1/../../../../arm-none-eabi/lib/thumb/v7e-m+dp/hard/libc_nano.a(libc_a-reent.o)
 .ARM.attributes
                0x00000a37       0x1c /Users/zhy/Tools/xpack-arm-none-eabi-gcc-14.2.1-1.1/bin/../lib/gcc/arm-none-eabi/14.2.1/../../../../arm-none-eabi/lib/thumb/v7e-m+dp/hard/libc_nano.a(libc_a-memchr.o)
 .ARM.attributes
                0x00000a53       0x32 /Users/zhy/Tools/xpack-arm-none-eabi-gcc-14.2.1-1.1/bin/../lib/gcc/arm-none-eabi/14.2.1/../../../../arm-none-eabi/lib/thumb/v7e-m+dp/hard/libc_nano.a(libc_a-memcpy-stub.o)
 .ARM.attributes
                0x00000a85       0x32 /Users/zhy/Tools/xpack-arm-none-eabi-gcc-14.2.1-1.1/bin/../lib/gcc/arm-none-eabi/14.2.1/../../../../arm-none-eabi/lib/thumb/v7e-m+dp/hard/libc_nano.a(libc_a-freer.o)
 .ARM.attributes
                0x00000ab7       0x32 /Users/zhy/Tools/xpack-arm-none-eabi-gcc-14.2.1-1.1/bin/../lib/gcc/arm-none-eabi/14.2.1/../../../../arm-none-eabi/lib/thumb/v7e-m+dp/hard/libc_nano.a(libc_a-msizer.o)
 .ARM.attributes
                0x00000ae9       0x32 /Users/zhy/Tools/xpack-arm-none-eabi-gcc-14.2.1-1.1/bin/../lib/gcc/arm-none-eabi/14.2.1/../../../../arm-none-eabi/lib/thumb/v7e-m+dp/hard/libnosys.a(sbrk.o)
 .ARM.attributes
                0x00000b1b       0x20 /Users/zhy/Tools/xpack-arm-none-eabi-gcc-14.2.1-1.1/bin/../lib/gcc/arm-none-eabi/14.2.1/thumb/v7e-m+dp/hard/libgcc.a(_aeabi_uldivmod.o)
 .ARM.attributes
                0x00000b3b       0x32 /Users/zhy/Tools/xpack-arm-none-eabi-gcc-14.2.1-1.1/bin/../lib/gcc/arm-none-eabi/14.2.1/thumb/v7e-m+dp/hard/libgcc.a(_udivmoddi4.o)
 .ARM.attributes
                0x00000b6d       0x20 /Users/zhy/Tools/xpack-arm-none-eabi-gcc-14.2.1-1.1/bin/../lib/gcc/arm-none-eabi/14.2.1/thumb/v7e-m+dp/hard/libgcc.a(_dvmd_tls.o)
 .ARM.attributes
                0x00000b8d       0x20 /Users/zhy/Tools/xpack-arm-none-eabi-gcc-14.2.1-1.1/bin/../lib/gcc/arm-none-eabi/14.2.1/thumb/v7e-m+dp/hard/crtn.o

.comment        0x00000000       0x38
 .comment       0x00000000       0x38 /Users/zhy/Tools/xpack-arm-none-eabi-gcc-14.2.1-1.1/bin/../lib/gcc/arm-none-eabi/14.2.1/thumb/v7e-m+dp/hard/crtbegin.o
                                 0x39 (size before relaxing)
 .comment       0x00000038       0x39 build/main.o
 .comment       0x00000038       0x39 build/gpio.o
 .comment       0x00000038       0x39 build/dcmi.o
 .comment       0x00000038       0x39 build/dma.o
 .comment       0x00000038       0x39 build/i2c.o
 .comment       0x00000038       0x39 build/spi.o
 .comment       0x00000038       0x39 build/usart.o
 .comment       0x00000038       0x39 build/stm32h7xx_it.o
 .comment       0x00000038       0x39 build/stm32h7xx_hal_msp.o
 .comment       0x00000038       0x39 build/stm32h7xx_hal_cortex.o
 .comment       0x00000038       0x39 build/stm32h7xx_hal_dcmi.o
 .comment       0x00000038       0x39 build/stm32h7xx_hal_rcc.o
 .comment       0x00000038       0x39 build/stm32h7xx_hal_rcc_ex.o
 .comment       0x00000038       0x39 build/stm32h7xx_hal_gpio.o
 .comment       0x00000038       0x39 build/stm32h7xx_hal_dma.o
 .comment       0x00000038       0x39 build/stm32h7xx_hal_dma_ex.o
 .comment       0x00000038       0x39 build/stm32h7xx_hal_pwr_ex.o
 .comment       0x00000038       0x39 build/stm32h7xx_hal.o
 .comment       0x00000038       0x39 build/stm32h7xx_hal_i2c.o
 .comment       0x00000038       0x39 build/stm32h7xx_hal_i2c_ex.o
 .comment       0x00000038       0x39 build/stm32h7xx_hal_spi.o
 .comment       0x00000038       0x39 build/stm32h7xx_hal_uart.o
 .comment       0x00000038       0x39 build/stm32h7xx_hal_uart_ex.o
 .comment       0x00000038       0x39 build/system_stm32h7xx.o
 .comment       0x00000038       0x39 build/lcd_core.o
 .comment       0x00000038       0x39 build/lcd_port.o
 .comment       0x00000038       0x39 build/lcd_font.o
 .comment       0x00000038       0x39 build/camera.o
 .comment       0x00000038       0x39 build/ov5640.o
 .comment       0x00000038       0x39 build/ov7725.o
 .comment       0x00000038       0x39 build/ov5640_regs.o
 .comment       0x00000038       0x39 build/ov7725_regs.o
 .comment       0x00000038       0x39 build/ov2640.o
 .comment       0x00000038       0x39 build/ov2640_regs.o
 .comment       0x00000038       0x39 build/ov7670.o
 .comment       0x00000038       0x39 build/ov7670_regs.o
 .comment       0x00000038       0x39 /Users/zhy/Tools/xpack-arm-none-eabi-gcc-14.2.1-1.1/bin/../lib/gcc/arm-none-eabi/14.2.1/../../../../arm-none-eabi/lib/thumb/v7e-m+dp/hard/libc_nano.a(libc_a-findfp.o)
 .comment       0x00000038       0x39 /Users/zhy/Tools/xpack-arm-none-eabi-gcc-14.2.1-1.1/bin/../lib/gcc/arm-none-eabi/14.2.1/../../../../arm-none-eabi/lib/thumb/v7e-m+dp/hard/libc_nano.a(libc_a-vsnprintf.o)
 .comment       0x00000038       0x39 /Users/zhy/Tools/xpack-arm-none-eabi-gcc-14.2.1-1.1/bin/../lib/gcc/arm-none-eabi/14.2.1/../../../../arm-none-eabi/lib/thumb/v7e-m+dp/hard/libc_nano.a(libc_a-memset.o)
 .comment       0x00000038       0x39 /Users/zhy/Tools/xpack-arm-none-eabi-gcc-14.2.1-1.1/bin/../lib/gcc/arm-none-eabi/14.2.1/../../../../arm-none-eabi/lib/thumb/v7e-m+dp/hard/libc_nano.a(libc_a-init.o)
 .comment       0x00000038       0x39 /Users/zhy/Tools/xpack-arm-none-eabi-gcc-14.2.1-1.1/bin/../lib/gcc/arm-none-eabi/14.2.1/../../../../arm-none-eabi/lib/thumb/v7e-m+dp/hard/libc_nano.a(libc_a-lock.o)
 .comment       0x00000038       0x39 /Users/zhy/Tools/xpack-arm-none-eabi-gcc-14.2.1-1.1/bin/../lib/gcc/arm-none-eabi/14.2.1/../../../../arm-none-eabi/lib/thumb/v7e-m+dp/hard/libc_nano.a(libc_a-impure.o)
 .comment       0x00000038       0x39 /Users/zhy/Tools/xpack-arm-none-eabi-gcc-14.2.1-1.1/bin/../lib/gcc/arm-none-eabi/14.2.1/../../../../arm-none-eabi/lib/thumb/v7e-m+dp/hard/libc_nano.a(libc_a-nano-svfprintf.o)
 .comment       0x00000038       0x39 /Users/zhy/Tools/xpack-arm-none-eabi-gcc-14.2.1-1.1/bin/../lib/gcc/arm-none-eabi/14.2.1/../../../../arm-none-eabi/lib/thumb/v7e-m+dp/hard/libc_nano.a(libc_a-mallocr.o)
 .comment       0x00000038       0x39 /Users/zhy/Tools/xpack-arm-none-eabi-gcc-14.2.1-1.1/bin/../lib/gcc/arm-none-eabi/14.2.1/../../../../arm-none-eabi/lib/thumb/v7e-m+dp/hard/libc_nano.a(libc_a-nano-vfprintf_i.o)
 .comment       0x00000038       0x39 /Users/zhy/Tools/xpack-arm-none-eabi-gcc-14.2.1-1.1/bin/../lib/gcc/arm-none-eabi/14.2.1/../../../../arm-none-eabi/lib/thumb/v7e-m+dp/hard/libc_nano.a(libc_a-mlock.o)
 .comment       0x00000038       0x39 /Users/zhy/Tools/xpack-arm-none-eabi-gcc-14.2.1-1.1/bin/../lib/gcc/arm-none-eabi/14.2.1/../../../../arm-none-eabi/lib/thumb/v7e-m+dp/hard/libc_nano.a(libc_a-reallocr.o)
 .comment       0x00000038       0x39 /Users/zhy/Tools/xpack-arm-none-eabi-gcc-14.2.1-1.1/bin/../lib/gcc/arm-none-eabi/14.2.1/../../../../arm-none-eabi/lib/thumb/v7e-m+dp/hard/libc_nano.a(libc_a-memmove.o)
 .comment       0x00000038       0x39 /Users/zhy/Tools/xpack-arm-none-eabi-gcc-14.2.1-1.1/bin/../lib/gcc/arm-none-eabi/14.2.1/../../../../arm-none-eabi/lib/thumb/v7e-m+dp/hard/libc_nano.a(libc_a-sbrkr.o)
 .comment       0x00000038       0x39 /Users/zhy/Tools/xpack-arm-none-eabi-gcc-14.2.1-1.1/bin/../lib/gcc/arm-none-eabi/14.2.1/../../../../arm-none-eabi/lib/thumb/v7e-m+dp/hard/libc_nano.a(libc_a-reent.o)
 .comment       0x00000038       0x39 /Users/zhy/Tools/xpack-arm-none-eabi-gcc-14.2.1-1.1/bin/../lib/gcc/arm-none-eabi/14.2.1/../../../../arm-none-eabi/lib/thumb/v7e-m+dp/hard/libc_nano.a(libc_a-memcpy-stub.o)
 .comment       0x00000038       0x39 /Users/zhy/Tools/xpack-arm-none-eabi-gcc-14.2.1-1.1/bin/../lib/gcc/arm-none-eabi/14.2.1/../../../../arm-none-eabi/lib/thumb/v7e-m+dp/hard/libc_nano.a(libc_a-freer.o)
 .comment       0x00000038       0x39 /Users/zhy/Tools/xpack-arm-none-eabi-gcc-14.2.1-1.1/bin/../lib/gcc/arm-none-eabi/14.2.1/../../../../arm-none-eabi/lib/thumb/v7e-m+dp/hard/libc_nano.a(libc_a-msizer.o)
 .comment       0x00000038       0x39 /Users/zhy/Tools/xpack-arm-none-eabi-gcc-14.2.1-1.1/bin/../lib/gcc/arm-none-eabi/14.2.1/../../../../arm-none-eabi/lib/thumb/v7e-m+dp/hard/libnosys.a(sbrk.o)
 .comment       0x00000038       0x39 /Users/zhy/Tools/xpack-arm-none-eabi-gcc-14.2.1-1.1/bin/../lib/gcc/arm-none-eabi/14.2.1/thumb/v7e-m+dp/hard/libgcc.a(_udivmoddi4.o)

.debug_info     0x00000000    0x2f82a
 .debug_info    0x00000000     0x24b6 build/main.o
 .debug_info    0x000024b6      0x93f build/gpio.o
 .debug_info    0x00002df5     0x148f build/dcmi.o
 .debug_info    0x00004284      0x93c build/dma.o
 .debug_info    0x00004bc0     0x1349 build/i2c.o
 .debug_info    0x00005f09     0x139e build/spi.o
 .debug_info    0x000072a7     0x143e build/usart.o
 .debug_info    0x000086e5      0x87e build/stm32h7xx_it.o
 .debug_info    0x00008f63      0x56c build/stm32h7xx_hal_msp.o
 .debug_info    0x000094cf     0x1840 build/stm32h7xx_hal_cortex.o
 .debug_info    0x0000ad0f     0x1145 build/stm32h7xx_hal_dcmi.o
 .debug_info    0x0000be54     0x189e build/stm32h7xx_hal_rcc.o
 .debug_info    0x0000d6f2     0x2166 build/stm32h7xx_hal_rcc_ex.o
 .debug_info    0x0000f858     0x110a build/stm32h7xx_hal_gpio.o
 .debug_info    0x00010962     0x12e9 build/stm32h7xx_hal_dma.o
 .debug_info    0x00011c4b      0xc5b build/stm32h7xx_hal_dma_ex.o
 .debug_info    0x000128a6     0x162e build/stm32h7xx_hal_pwr_ex.o
 .debug_info    0x00013ed4     0x1b98 build/stm32h7xx_hal.o
 .debug_info    0x00015a6c     0x4c63 build/stm32h7xx_hal_i2c.o
 .debug_info    0x0001a6cf     0x10f3 build/stm32h7xx_hal_i2c_ex.o
 .debug_info    0x0001b7c2     0x1fb4 build/stm32h7xx_hal_spi.o
 .debug_info    0x0001d776     0x6e82 build/stm32h7xx_hal_uart.o
 .debug_info    0x000245f8     0x15b8 build/stm32h7xx_hal_uart_ex.o
 .debug_info    0x00025bb0      0xeb5 build/system_stm32h7xx.o
 .debug_info    0x00026a65     0x1722 build/lcd_core.o
 .debug_info    0x00028187      0xf6e build/lcd_port.o
 .debug_info    0x000290f5      0x2f5 build/lcd_font.o
 .debug_info    0x000293ea     0x108c build/camera.o
 .debug_info    0x0002a476     0x18b5 build/ov5640.o
 .debug_info    0x0002bd2b     0x110b build/ov7725.o
 .debug_info    0x0002ce36       0xd3 build/ov5640_regs.o
 .debug_info    0x0002cf09       0xd3 build/ov7725_regs.o
 .debug_info    0x0002cfdc     0x12c9 build/ov2640.o
 .debug_info    0x0002e2a5      0x16e build/ov2640_regs.o
 .debug_info    0x0002e413     0x11c5 build/ov7670.o
 .debug_info    0x0002f5d8      0x222 build/ov7670_regs.o
 .debug_info    0x0002f7fa       0x30 build/startup_stm32h743xx.o

.debug_abbrev   0x00000000     0x50c7
 .debug_abbrev  0x00000000      0x3d5 build/main.o
 .debug_abbrev  0x000003d5      0x18b build/gpio.o
 .debug_abbrev  0x00000560      0x24f build/dcmi.o
 .debug_abbrev  0x000007af      0x12f build/dma.o
 .debug_abbrev  0x000008de      0x24d build/i2c.o
 .debug_abbrev  0x00000b2b      0x22b build/spi.o
 .debug_abbrev  0x00000d56      0x242 build/usart.o
 .debug_abbrev  0x00000f98      0x16b build/stm32h7xx_it.o
 .debug_abbrev  0x00001103       0xfd build/stm32h7xx_hal_msp.o
 .debug_abbrev  0x00001200      0x432 build/stm32h7xx_hal_cortex.o
 .debug_abbrev  0x00001632      0x29a build/stm32h7xx_hal_dcmi.o
 .debug_abbrev  0x000018cc      0x2b0 build/stm32h7xx_hal_rcc.o
 .debug_abbrev  0x00001b7c      0x2a1 build/stm32h7xx_hal_rcc_ex.o
 .debug_abbrev  0x00001e1d      0x281 build/stm32h7xx_hal_gpio.o
 .debug_abbrev  0x0000209e      0x303 build/stm32h7xx_hal_dma.o
 .debug_abbrev  0x000023a1      0x22b build/stm32h7xx_hal_dma_ex.o
 .debug_abbrev  0x000025cc      0x2c9 build/stm32h7xx_hal_pwr_ex.o
 .debug_abbrev  0x00002895      0x284 build/stm32h7xx_hal.o
 .debug_abbrev  0x00002b19      0x2f9 build/stm32h7xx_hal_i2c.o
 .debug_abbrev  0x00002e12      0x202 build/stm32h7xx_hal_i2c_ex.o
 .debug_abbrev  0x00003014      0x31e build/stm32h7xx_hal_spi.o
 .debug_abbrev  0x00003332      0x3ad build/stm32h7xx_hal_uart.o
 .debug_abbrev  0x000036df      0x351 build/stm32h7xx_hal_uart_ex.o
 .debug_abbrev  0x00003a30      0x12a build/system_stm32h7xx.o
 .debug_abbrev  0x00003b5a      0x304 build/lcd_core.o
 .debug_abbrev  0x00003e5e      0x1ec build/lcd_port.o
 .debug_abbrev  0x0000404a       0xcf build/lcd_font.o
 .debug_abbrev  0x00004119      0x28d build/camera.o
 .debug_abbrev  0x000043a6      0x306 build/ov5640.o
 .debug_abbrev  0x000046ac      0x268 build/ov7725.o
 .debug_abbrev  0x00004914       0x80 build/ov5640_regs.o
 .debug_abbrev  0x00004994       0x77 build/ov7725_regs.o
 .debug_abbrev  0x00004a0b      0x30f build/ov2640.o
 .debug_abbrev  0x00004d1a       0x88 build/ov2640_regs.o
 .debug_abbrev  0x00004da2      0x26f build/ov7670.o
 .debug_abbrev  0x00005011       0x99 build/ov7670_regs.o
 .debug_abbrev  0x000050aa       0x1d build/startup_stm32h743xx.o

.debug_loc      0x00000000    0x1af19
 .debug_loc     0x00000000      0x1bd build/main.o
 .debug_loc     0x000001bd       0x39 build/gpio.o
 .debug_loc     0x000001f6      0x103 build/dcmi.o
 .debug_loc     0x000002f9       0x38 build/dma.o
 .debug_loc     0x00000331      0x119 build/i2c.o
 .debug_loc     0x0000044a       0xf6 build/spi.o
 .debug_loc     0x00000540       0xf6 build/usart.o
 .debug_loc     0x00000636       0x60 build/stm32h7xx_it.o
 .debug_loc     0x00000696       0x38 build/stm32h7xx_hal_msp.o
 .debug_loc     0x000006ce      0xbb4 build/stm32h7xx_hal_cortex.o
 .debug_loc     0x00001282      0x8ef build/stm32h7xx_hal_dcmi.o
 .debug_loc     0x00001b71      0xb25 build/stm32h7xx_hal_rcc.o
 .debug_loc     0x00002696     0x233d build/stm32h7xx_hal_rcc_ex.o
 .debug_loc     0x000049d3      0x6f1 build/stm32h7xx_hal_gpio.o
 .debug_loc     0x000050c4      0xfd6 build/stm32h7xx_hal_dma.o
 .debug_loc     0x0000609a      0x6ac build/stm32h7xx_hal_dma_ex.o
 .debug_loc     0x00006746      0x902 build/stm32h7xx_hal_pwr_ex.o
 .debug_loc     0x00007048      0xa4d build/stm32h7xx_hal.o
 .debug_loc     0x00007a95     0x63ea build/stm32h7xx_hal_i2c.o
 .debug_loc     0x0000de7f      0x261 build/stm32h7xx_hal_i2c_ex.o
 .debug_loc     0x0000e0e0     0x1c36 build/stm32h7xx_hal_spi.o
 .debug_loc     0x0000fd16     0x6699 build/stm32h7xx_hal_uart.o
 .debug_loc     0x000163af      0xd64 build/stm32h7xx_hal_uart_ex.o
 .debug_loc     0x00017113      0x1d8 build/system_stm32h7xx.o
 .debug_loc     0x000172eb      0xf28 build/lcd_core.o
 .debug_loc     0x00018213      0x5a9 build/lcd_port.o
 .debug_loc     0x000187bc      0x526 build/camera.o
 .debug_loc     0x00018ce2     0x1127 build/ov5640.o
 .debug_loc     0x00019e09      0x59f build/ov7725.o
 .debug_loc     0x0001a3a8      0x4ae build/ov2640.o
 .debug_loc     0x0001a856      0x6c3 build/ov7670.o

.debug_aranges  0x00000000     0x1488
 .debug_aranges
                0x00000000       0x48 build/main.o
 .debug_aranges
                0x00000048       0x20 build/gpio.o
 .debug_aranges
                0x00000068       0x30 build/dcmi.o
 .debug_aranges
                0x00000098       0x20 build/dma.o
 .debug_aranges
                0x000000b8       0x30 build/i2c.o
 .debug_aranges
                0x000000e8       0x30 build/spi.o
 .debug_aranges
                0x00000118       0x30 build/usart.o
 .debug_aranges
                0x00000148       0x70 build/stm32h7xx_it.o
 .debug_aranges
                0x000001b8       0x20 build/stm32h7xx_hal_msp.o
 .debug_aranges
                0x000001d8       0xf8 build/stm32h7xx_hal_cortex.o
 .debug_aranges
                0x000002d0       0xc0 build/stm32h7xx_hal_dcmi.o
 .debug_aranges
                0x00000390       0x88 build/stm32h7xx_hal_rcc.o
 .debug_aranges
                0x00000418       0xf8 build/stm32h7xx_hal_rcc_ex.o
 .debug_aranges
                0x00000510       0x58 build/stm32h7xx_hal_gpio.o
 .debug_aranges
                0x00000568       0xa0 build/stm32h7xx_hal_dma.o
 .debug_aranges
                0x00000608       0x60 build/stm32h7xx_hal_dma_ex.o
 .debug_aranges
                0x00000668      0x158 build/stm32h7xx_hal_pwr_ex.o
 .debug_aranges
                0x000007c0      0x198 build/stm32h7xx_hal.o
 .debug_aranges
                0x00000958      0x2a0 build/stm32h7xx_hal_i2c.o
 .debug_aranges
                0x00000bf8       0x48 build/stm32h7xx_hal_i2c_ex.o
 .debug_aranges
                0x00000c40      0x1a8 build/stm32h7xx_hal_spi.o
 .debug_aranges
                0x00000de8      0x248 build/stm32h7xx_hal_uart.o
 .debug_aranges
                0x00001030       0xa8 build/stm32h7xx_hal_uart_ex.o
 .debug_aranges
                0x000010d8       0x28 build/system_stm32h7xx.o
 .debug_aranges
                0x00001100       0x88 build/lcd_core.o
 .debug_aranges
                0x00001188       0x70 build/lcd_port.o
 .debug_aranges
                0x000011f8       0x18 build/lcd_font.o
 .debug_aranges
                0x00001210       0x58 build/camera.o
 .debug_aranges
                0x00001268       0x68 build/ov5640.o
 .debug_aranges
                0x000012d0       0x58 build/ov7725.o
 .debug_aranges
                0x00001328       0x18 build/ov5640_regs.o
 .debug_aranges
                0x00001340       0x18 build/ov7725_regs.o
 .debug_aranges
                0x00001358       0x68 build/ov2640.o
 .debug_aranges
                0x000013c0       0x18 build/ov2640_regs.o
 .debug_aranges
                0x000013d8       0x70 build/ov7670.o
 .debug_aranges
                0x00001448       0x18 build/ov7670_regs.o
 .debug_aranges
                0x00001460       0x28 build/startup_stm32h743xx.o

.debug_ranges   0x00000000     0x14b0
 .debug_ranges  0x00000000       0x38 build/main.o
 .debug_ranges  0x00000038       0x10 build/gpio.o
 .debug_ranges  0x00000048       0x20 build/dcmi.o
 .debug_ranges  0x00000068       0x10 build/dma.o
 .debug_ranges  0x00000078       0x20 build/i2c.o
 .debug_ranges  0x00000098       0x20 build/spi.o
 .debug_ranges  0x000000b8       0x20 build/usart.o
 .debug_ranges  0x000000d8       0x60 build/stm32h7xx_it.o
 .debug_ranges  0x00000138       0x10 build/stm32h7xx_hal_msp.o
 .debug_ranges  0x00000148      0x148 build/stm32h7xx_hal_cortex.o
 .debug_ranges  0x00000290       0xb0 build/stm32h7xx_hal_dcmi.o
 .debug_ranges  0x00000340       0xf8 build/stm32h7xx_hal_rcc.o
 .debug_ranges  0x00000438       0xe8 build/stm32h7xx_hal_rcc_ex.o
 .debug_ranges  0x00000520       0x48 build/stm32h7xx_hal_gpio.o
 .debug_ranges  0x00000568       0xa8 build/stm32h7xx_hal_dma.o
 .debug_ranges  0x00000610       0x50 build/stm32h7xx_hal_dma_ex.o
 .debug_ranges  0x00000660      0x1a8 build/stm32h7xx_hal_pwr_ex.o
 .debug_ranges  0x00000808      0x188 build/stm32h7xx_hal.o
 .debug_ranges  0x00000990      0x290 build/stm32h7xx_hal_i2c.o
 .debug_ranges  0x00000c20       0x38 build/stm32h7xx_hal_i2c_ex.o
 .debug_ranges  0x00000c58      0x198 build/stm32h7xx_hal_spi.o
 .debug_ranges  0x00000df0      0x238 build/stm32h7xx_hal_uart.o
 .debug_ranges  0x00001028       0xb0 build/stm32h7xx_hal_uart_ex.o
 .debug_ranges  0x000010d8       0x18 build/system_stm32h7xx.o
 .debug_ranges  0x000010f0      0x110 build/lcd_core.o
 .debug_ranges  0x00001200       0x60 build/lcd_port.o
 .debug_ranges  0x00001260       0x60 build/camera.o
 .debug_ranges  0x000012c0       0xb8 build/ov5640.o
 .debug_ranges  0x00001378       0x48 build/ov7725.o
 .debug_ranges  0x000013c0       0x58 build/ov2640.o
 .debug_ranges  0x00001418       0x78 build/ov7670.o
 .debug_ranges  0x00001490       0x20 build/startup_stm32h743xx.o

.debug_line     0x00000000    0x1d11e
 .debug_line    0x00000000      0x6e1 build/main.o
 .debug_line    0x000006e1      0x2e1 build/gpio.o
 .debug_line    0x000009c2      0x41d build/dcmi.o
 .debug_line    0x00000ddf      0x185 build/dma.o
 .debug_line    0x00000f64      0x361 build/i2c.o
 .debug_line    0x000012c5      0x38c build/spi.o
 .debug_line    0x00001651      0x384 build/usart.o
 .debug_line    0x000019d5      0x2af build/stm32h7xx_it.o
 .debug_line    0x00001c84      0x192 build/stm32h7xx_hal_msp.o
 .debug_line    0x00001e16      0x99d build/stm32h7xx_hal_cortex.o
 .debug_line    0x000027b3      0xb6d build/stm32h7xx_hal_dcmi.o
 .debug_line    0x00003320     0x162f build/stm32h7xx_hal_rcc.o
 .debug_line    0x0000494f     0x22bc build/stm32h7xx_hal_rcc_ex.o
 .debug_line    0x00006c0b      0x85d build/stm32h7xx_hal_gpio.o
 .debug_line    0x00007468     0x2560 build/stm32h7xx_hal_dma.o
 .debug_line    0x000099c8      0xf8b build/stm32h7xx_hal_dma_ex.o
 .debug_line    0x0000a953      0xc79 build/stm32h7xx_hal_pwr_ex.o
 .debug_line    0x0000b5cc      0xa70 build/stm32h7xx_hal.o
 .debug_line    0x0000c03c     0x526c build/stm32h7xx_hal_i2c.o
 .debug_line    0x000112a8      0x452 build/stm32h7xx_hal_i2c_ex.o
 .debug_line    0x000116fa     0x290b build/stm32h7xx_hal_spi.o
 .debug_line    0x00014005     0x52f4 build/stm32h7xx_hal_uart.o
 .debug_line    0x000192f9      0xbcf build/stm32h7xx_hal_uart_ex.o
 .debug_line    0x00019ec8      0x440 build/system_stm32h7xx.o
 .debug_line    0x0001a308      0x763 build/lcd_core.o
 .debug_line    0x0001aa6b      0x35f build/lcd_port.o
 .debug_line    0x0001adca      0x109 build/lcd_font.o
 .debug_line    0x0001aed3      0x44a build/camera.o
 .debug_line    0x0001b31d      0x8c5 build/ov5640.o
 .debug_line    0x0001bbe2      0x504 build/ov7725.o
 .debug_line    0x0001c0e6      0x10b build/ov5640_regs.o
 .debug_line    0x0001c1f1      0x10b build/ov7725_regs.o
 .debug_line    0x0001c2fc      0x453 build/ov2640.o
 .debug_line    0x0001c74f      0x10b build/ov2640_regs.o
 .debug_line    0x0001c85a      0x739 build/ov7670.o
 .debug_line    0x0001cf93      0x117 build/ov7670_regs.o
 .debug_line    0x0001d0aa       0x74 build/startup_stm32h743xx.o

.debug_str      0x00000000     0x6dbf
 .debug_str     0x00000000     0x6dbf build/main.o
                               0x15cd (size before relaxing)
 .debug_str     0x00006dbf      0x4c2 build/gpio.o
 .debug_str     0x00006dbf     0x12c7 build/dcmi.o
 .debug_str     0x00006dbf      0xc14 build/dma.o
 .debug_str     0x00006dbf      0xe53 build/i2c.o
 .debug_str     0x00006dbf      0xe54 build/spi.o
 .debug_str     0x00006dbf      0xe61 build/usart.o
 .debug_str     0x00006dbf      0x7c5 build/stm32h7xx_it.o
 .debug_str     0x00006dbf      0x3f0 build/stm32h7xx_hal_msp.o
 .debug_str     0x00006dbf     0x1083 build/stm32h7xx_hal_cortex.o
 .debug_str     0x00006dbf      0xa3d build/stm32h7xx_hal_dcmi.o
 .debug_str     0x00006dbf      0xa09 build/stm32h7xx_hal_rcc.o
 .debug_str     0x00006dbf      0xf14 build/stm32h7xx_hal_rcc_ex.o
 .debug_str     0x00006dbf      0x6d5 build/stm32h7xx_hal_gpio.o
 .debug_str     0x00006dbf      0x9ba build/stm32h7xx_hal_dma.o
 .debug_str     0x00006dbf      0x7f7 build/stm32h7xx_hal_dma_ex.o
 .debug_str     0x00006dbf      0xa38 build/stm32h7xx_hal_pwr_ex.o
 .debug_str     0x00006dbf     0x14a9 build/stm32h7xx_hal.o
 .debug_str     0x00006dbf     0x1175 build/stm32h7xx_hal_i2c.o
 .debug_str     0x00006dbf      0xb1a build/stm32h7xx_hal_i2c_ex.o
 .debug_str     0x00006dbf      0xdc3 build/stm32h7xx_hal_spi.o
 .debug_str     0x00006dbf     0x14a2 build/stm32h7xx_hal_uart.o
 .debug_str     0x00006dbf      0xb96 build/stm32h7xx_hal_uart_ex.o
 .debug_str     0x00006dbf      0x710 build/system_stm32h7xx.o
 .debug_str     0x00006dbf      0x565 build/lcd_core.o
 .debug_str     0x00006dbf      0x940 build/lcd_port.o
 .debug_str     0x00006dbf      0x254 build/lcd_font.o
 .debug_str     0x00006dbf      0xbdb build/camera.o
 .debug_str     0x00006dbf      0xc6e build/ov5640.o
 .debug_str     0x00006dbf      0xb51 build/ov7725.o
 .debug_str     0x00006dbf      0x18d build/ov5640_regs.o
 .debug_str     0x00006dbf      0x18d build/ov7725_regs.o
 .debug_str     0x00006dbf      0xbff build/ov2640.o
 .debug_str     0x00006dbf      0x1bd build/ov2640_regs.o
 .debug_str     0x00006dbf      0xcb7 build/ov7670.o
 .debug_str     0x00006dbf      0x213 build/ov7670_regs.o
 .debug_str     0x00006dbf       0x61 build/startup_stm32h743xx.o

.debug_frame    0x00000000     0x37d4
 .debug_frame   0x00000000       0x90 build/main.o
 .debug_frame   0x00000090       0x3c build/gpio.o
 .debug_frame   0x000000cc       0x6c build/dcmi.o
 .debug_frame   0x00000138       0x2c build/dma.o
 .debug_frame   0x00000164       0x64 build/i2c.o
 .debug_frame   0x000001c8       0x64 build/spi.o
 .debug_frame   0x0000022c       0x64 build/usart.o
 .debug_frame   0x00000290       0xd8 build/stm32h7xx_it.o
 .debug_frame   0x00000368       0x2c build/stm32h7xx_hal_msp.o
 .debug_frame   0x00000394      0x264 build/stm32h7xx_hal_cortex.o
 .debug_frame   0x000005f8      0x1c8 build/stm32h7xx_hal_dcmi.o
 .debug_frame   0x000007c0      0x190 build/stm32h7xx_hal_rcc.o
 .debug_frame   0x00000950      0x294 build/stm32h7xx_hal_rcc_ex.o
 .debug_frame   0x00000be4       0xfc build/stm32h7xx_hal_gpio.o
 .debug_frame   0x00000ce0      0x1dc build/stm32h7xx_hal_dma.o
 .debug_frame   0x00000ebc      0x110 build/stm32h7xx_hal_dma_ex.o
 .debug_frame   0x00000fcc      0x328 build/stm32h7xx_hal_pwr_ex.o
 .debug_frame   0x000012f4      0x3d0 build/stm32h7xx_hal.o
 .debug_frame   0x000016c4      0x9a4 build/stm32h7xx_hal_i2c.o
 .debug_frame   0x00002068       0xb8 build/stm32h7xx_hal_i2c_ex.o
 .debug_frame   0x00002120      0x4bc build/stm32h7xx_hal_spi.o
 .debug_frame   0x000025dc      0x6a4 build/stm32h7xx_hal_uart.o
 .debug_frame   0x00002c80      0x1e8 build/stm32h7xx_hal_uart_ex.o
 .debug_frame   0x00002e68       0x40 build/system_stm32h7xx.o
 .debug_frame   0x00002ea8      0x238 build/lcd_core.o
 .debug_frame   0x000030e0      0x13c build/lcd_port.o
 .debug_frame   0x0000321c      0x100 build/camera.o
 .debug_frame   0x0000331c      0x138 build/ov5640.o
 .debug_frame   0x00003454      0x110 build/ov7725.o
 .debug_frame   0x00003564      0x10c build/ov2640.o
 .debug_frame   0x00003670      0x164 build/ov7670.o

Cross Reference Table

Symbol                                            File
ADC3_IRQHandler                                   build/startup_stm32h743xx.o
ADC_IRQHandler                                    build/startup_stm32h743xx.o
BDMA_Channel0_IRQHandler                          build/startup_stm32h743xx.o
BDMA_Channel1_IRQHandler                          build/startup_stm32h743xx.o
BDMA_Channel2_IRQHandler                          build/startup_stm32h743xx.o
BDMA_Channel3_IRQHandler                          build/startup_stm32h743xx.o
BDMA_Channel4_IRQHandler                          build/startup_stm32h743xx.o
BDMA_Channel5_IRQHandler                          build/startup_stm32h743xx.o
BDMA_Channel6_IRQHandler                          build/startup_stm32h743xx.o
BDMA_Channel7_IRQHandler                          build/startup_stm32h743xx.o
BusFault_Handler                                  build/stm32h7xx_it.o
CEC_IRQHandler                                    build/startup_stm32h743xx.o
COMP1_IRQHandler                                  build/startup_stm32h743xx.o
CRS_IRQHandler                                    build/startup_stm32h743xx.o
Camera_FPS                                        build/main.o
Camera_Init_Device                                build/camera.o
                                                  build/main.o
Camera_ReadReg                                    build/camera.o
                                                  build/ov2640.o
                                                  build/ov7725.o
Camera_ReadRegb2                                  build/camera.o
                                                  build/ov5640.o
Camera_Reset                                      build/camera.o
Camera_WriteReg                                   build/camera.o
                                                  build/ov2640.o
                                                  build/ov7725.o
Camera_WriteRegList                               build/camera.o
Camera_WriteRegb2                                 build/camera.o
                                                  build/ov5640.o
Camera_read_id                                    build/camera.o
D1CorePrescTable                                  build/system_stm32h7xx.o
                                                  build/stm32h7xx_hal.o
                                                  build/stm32h7xx_hal_rcc_ex.o
                                                  build/stm32h7xx_hal_rcc.o
DCMI_FrameIsReady                                 build/main.o
DCMI_IRQHandler                                   build/stm32h7xx_it.o
DFSDM1_FLT0_IRQHandler                            build/startup_stm32h743xx.o
DFSDM1_FLT1_IRQHandler                            build/startup_stm32h743xx.o
DFSDM1_FLT2_IRQHandler                            build/startup_stm32h743xx.o
DFSDM1_FLT3_IRQHandler                            build/startup_stm32h743xx.o
DMA1_Stream0_IRQHandler                           build/stm32h7xx_it.o
DMA1_Stream1_IRQHandler                           build/startup_stm32h743xx.o
DMA1_Stream2_IRQHandler                           build/startup_stm32h743xx.o
DMA1_Stream3_IRQHandler                           build/startup_stm32h743xx.o
DMA1_Stream4_IRQHandler                           build/startup_stm32h743xx.o
DMA1_Stream5_IRQHandler                           build/startup_stm32h743xx.o