Archive member included to satisfy reference by file (symbol)

/Users/zhy/Tools/xpack-arm-none-eabi-gcc-14.2.1-1.1/bin/../lib/gcc/arm-none-eabi/14.2.1/../../../../arm-none-eabi/lib/thumb/v7e-m+dp/hard/libc_nano.a(libc_a-atexit.o)
                              /Users/zhy/Tools/xpack-arm-none-eabi-gcc-14.2.1-1.1/bin/../lib/gcc/arm-none-eabi/14.2.1/../../../../arm-none-eabi/lib/thumb/v7e-m+dp/hard/crt0.o (atexit)
/Users/zhy/Tools/xpack-arm-none-eabi-gcc-14.2.1-1.1/bin/../lib/gcc/arm-none-eabi/14.2.1/../../../../arm-none-eabi/lib/thumb/v7e-m+dp/hard/libc_nano.a(libc_a-exit.o)
                              /Users/zhy/Tools/xpack-arm-none-eabi-gcc-14.2.1-1.1/bin/../lib/gcc/arm-none-eabi/14.2.1/../../../../arm-none-eabi/lib/thumb/v7e-m+dp/hard/crt0.o (exit)
/Users/zhy/Tools/xpack-arm-none-eabi-gcc-14.2.1-1.1/bin/../lib/gcc/arm-none-eabi/14.2.1/../../../../arm-none-eabi/lib/thumb/v7e-m+dp/hard/libc_nano.a(libc_a-findfp.o)
                              /Users/zhy/Tools/xpack-arm-none-eabi-gcc-14.2.1-1.1/bin/../lib/gcc/arm-none-eabi/14.2.1/../../../../arm-none-eabi/lib/thumb/v7e-m+dp/hard/libc_nano.a(libc_a-exit.o) (__stdio_exit_handler)
/Users/zhy/Tools/xpack-arm-none-eabi-gcc-14.2.1-1.1/bin/../lib/gcc/arm-none-eabi/14.2.1/../../../../arm-none-eabi/lib/thumb/v7e-m+dp/hard/libc_nano.a(libc_a-fwalk.o)
                              /Users/zhy/Tools/xpack-arm-none-eabi-gcc-14.2.1-1.1/bin/../lib/gcc/arm-none-eabi/14.2.1/../../../../arm-none-eabi/lib/thumb/v7e-m+dp/hard/libc_nano.a(libc_a-findfp.o) (_fwalk_sglue)
/Users/zhy/Tools/xpack-arm-none-eabi-gcc-14.2.1-1.1/bin/../lib/gcc/arm-none-eabi/14.2.1/../../../../arm-none-eabi/lib/thumb/v7e-m+dp/hard/libc_nano.a(libc_a-memset.o)
                              /Users/zhy/Tools/xpack-arm-none-eabi-gcc-14.2.1-1.1/bin/../lib/gcc/arm-none-eabi/14.2.1/../../../../arm-none-eabi/lib/thumb/v7e-m+dp/hard/crt0.o (memset)
/Users/zhy/Tools/xpack-arm-none-eabi-gcc-14.2.1-1.1/bin/../lib/gcc/arm-none-eabi/14.2.1/../../../../arm-none-eabi/lib/thumb/v7e-m+dp/hard/libc_nano.a(libc_a-init.o)
                              /Users/zhy/Tools/xpack-arm-none-eabi-gcc-14.2.1-1.1/bin/../lib/gcc/arm-none-eabi/14.2.1/../../../../arm-none-eabi/lib/thumb/v7e-m+dp/hard/crt0.o (__libc_init_array)
/Users/zhy/Tools/xpack-arm-none-eabi-gcc-14.2.1-1.1/bin/../lib/gcc/arm-none-eabi/14.2.1/../../../../arm-none-eabi/lib/thumb/v7e-m+dp/hard/libc_nano.a(libc_a-fini.o)
                              /Users/zhy/Tools/xpack-arm-none-eabi-gcc-14.2.1-1.1/bin/../lib/gcc/arm-none-eabi/14.2.1/../../../../arm-none-eabi/lib/thumb/v7e-m+dp/hard/crt0.o (__libc_fini_array)
/Users/zhy/Tools/xpack-arm-none-eabi-gcc-14.2.1-1.1/bin/../lib/gcc/arm-none-eabi/14.2.1/../../../../arm-none-eabi/lib/thumb/v7e-m+dp/hard/libc_nano.a(libc_a-lock.o)
                              /Users/zhy/Tools/xpack-arm-none-eabi-gcc-14.2.1-1.1/bin/../lib/gcc/arm-none-eabi/14.2.1/../../../../arm-none-eabi/lib/thumb/v7e-m+dp/hard/libc_nano.a(libc_a-findfp.o) (__retarget_lock_init_recursive)
/Users/zhy/Tools/xpack-arm-none-eabi-gcc-14.2.1-1.1/bin/../lib/gcc/arm-none-eabi/14.2.1/../../../../arm-none-eabi/lib/thumb/v7e-m+dp/hard/libc_nano.a(libc_a-impure.o)
                              /Users/zhy/Tools/xpack-arm-none-eabi-gcc-14.2.1-1.1/bin/../lib/gcc/arm-none-eabi/14.2.1/../../../../arm-none-eabi/lib/thumb/v7e-m+dp/hard/libc_nano.a(libc_a-findfp.o) (_impure_data)
/Users/zhy/Tools/xpack-arm-none-eabi-gcc-14.2.1-1.1/bin/../lib/gcc/arm-none-eabi/14.2.1/../../../../arm-none-eabi/lib/thumb/v7e-m+dp/hard/libc_nano.a(libc_a-__atexit.o)
                              /Users/zhy/Tools/xpack-arm-none-eabi-gcc-14.2.1-1.1/bin/../lib/gcc/arm-none-eabi/14.2.1/../../../../arm-none-eabi/lib/thumb/v7e-m+dp/hard/libc_nano.a(libc_a-atexit.o) (__register_exitproc)
/Users/zhy/Tools/xpack-arm-none-eabi-gcc-14.2.1-1.1/bin/../lib/gcc/arm-none-eabi/14.2.1/../../../../arm-none-eabi/lib/thumb/v7e-m+dp/hard/libc_nano.a(libc_a-__call_atexit.o)
                              /Users/zhy/Tools/xpack-arm-none-eabi-gcc-14.2.1-1.1/bin/../lib/gcc/arm-none-eabi/14.2.1/../../../../arm-none-eabi/lib/thumb/v7e-m+dp/hard/libc_nano.a(libc_a-__atexit.o) (__call_exitprocs)
/Users/zhy/Tools/xpack-arm-none-eabi-gcc-14.2.1-1.1/bin/../lib/gcc/arm-none-eabi/14.2.1/../../../../arm-none-eabi/lib/thumb/v7e-m+dp/hard/libc_nano.a(libc_a-mallocr.o)
                              /Users/zhy/Tools/xpack-arm-none-eabi-gcc-14.2.1-1.1/bin/../lib/gcc/arm-none-eabi/14.2.1/../../../../arm-none-eabi/lib/thumb/v7e-m+dp/hard/libc_nano.a(libc_a-findfp.o) (_malloc_r)
/Users/zhy/Tools/xpack-arm-none-eabi-gcc-14.2.1-1.1/bin/../lib/gcc/arm-none-eabi/14.2.1/../../../../arm-none-eabi/lib/thumb/v7e-m+dp/hard/libc_nano.a(libc_a-fflush.o)
                              /Users/zhy/Tools/xpack-arm-none-eabi-gcc-14.2.1-1.1/bin/../lib/gcc/arm-none-eabi/14.2.1/../../../../arm-none-eabi/lib/thumb/v7e-m+dp/hard/libc_nano.a(libc_a-findfp.o) (_fflush_r)
[...]
Memory Configuration

Name             Origin             Length             Attributes
DTCMRAM          0x20000000         0x00020000         xrw
RAM              0x24000000         0x00080000         xrw
RAM_D2           0x30000000         0x00048000         xrw
RAM_D3           0x38000000         0x00010000         xrw
ITCMRAM          0x00000000         0x00010000         xrw
FLASH            0x08000000         0x00200000         xr
*default*        0x00000000         0xffffffff

Linker script and memory map

LOAD /Users/zhy/Tools/xpack-arm-none-eabi-gcc-14.2.1-1.1/bin/../lib/gcc/arm-none-eabi/14.2.1/thumb/v7e-m+dp/hard/crti.o
LOAD /Users/zhy/Tools/xpack-arm-none-eabi-gcc-14.2.1-1.1/bin/../lib/gcc/arm-none-eabi/14.2.1/thumb/v7e-m+dp/hard/crtbegin.o
LOAD /Users/zhy/Tools/xpack-arm-none-eabi-gcc-14.2.1-1.1/bin/../lib/gcc/arm-none-eabi/14.2.1/../../../../arm-none-eabi/lib/thumb/v7e-m+dp/hard/crt0.o
LOAD build/main.o
LOAD build/gpio.o
LOAD build/memorymap.o
LOAD build/tim.o
LOAD build/stm32h7xx_it.o
LOAD build/stm32h7xx_hal_msp.o
LOAD build/stm32h7xx_hal_cortex.o
LOAD build/stm32h7xx_hal_rcc.o
LOAD build/stm32h7xx_hal_rcc_ex.o
LOAD build/stm32h7xx_hal_flash.o
LOAD build/stm32h7xx_hal_flash_ex.o
LOAD build/stm32h7xx_hal_gpio.o
LOAD build/stm32h7xx_hal_hsem.o
LOAD build/stm32h7xx_hal_dma.o
LOAD build/stm32h7xx_hal_dma_ex.o
LOAD build/stm32h7xx_hal_mdma.o
LOAD build/stm32h7xx_hal_pwr.o
LOAD build/stm32h7xx_hal_pwr_ex.o
LOAD build/stm32h7xx_hal.o
LOAD build/stm32h7xx_hal_i2c.o
LOAD build/stm32h7xx_hal_i2c_ex.o
LOAD build/stm32h7xx_hal_exti.o
LOAD build/stm32h7xx_hal_tim.o
LOAD build/stm32h7xx_hal_tim_ex.o
LOAD build/system_stm32h7xx.o
LOAD build/motor.o
LOAD build/usart.o
LOAD build/stm32h7xx_hal_uart.o
LOAD build/stm32h7xx_hal_uart_ex.o
LOAD build/startup_stm32h743xx.o
LOAD /Users/zhy/Tools/xpack-arm-none-eabi-gcc-14.2.1-1.1/bin/../lib/gcc/arm-none-eabi/14.2.1/../../../../arm-none-eabi/lib/thumb/v7e-m+dp/hard/libc_nano.a
LOAD /Users/zhy/Tools/xpack-arm-none-eabi-gcc-14.2.1-1.1/bin/../lib/gcc/arm-none-eabi/14.2.1/../../../../arm-none-eabi/lib/thumb/v7e-m+dp/hard/libm.a
LOAD /Users/zhy/Tools/xpack-arm-none-eabi-gcc-14.2.1-1.1/bin/../lib/gcc/arm-none-eabi/14.2.1/../../../../arm-none-eabi/lib/thumb/v7e-m+dp/hard/libnosys.a
START GROUP
LOAD /Users/zhy/Tools/xpack-arm-none-eabi-gcc-14.2.1-1.1/bin/../lib/gcc/arm-none-eabi/14.2.1/thumb/v7e-m+dp/hard/libgcc.a
LOAD /Users/zhy/Tools/xpack-arm-none-eabi-gcc-14.2.1-1.1/bin/../lib/gcc/arm-none-eabi/14.2.1/../../../../arm-none-eabi/lib/thumb/v7e-m+dp/hard/libc_nano.a
END GROUP
START GROUP
LOAD /Users/zhy/Tools/xpack-arm-none-eabi-gcc-14.2.1-1.1/bin/../lib/gcc/arm-none-eabi/14.2.1/thumb/v7e-m+dp/hard/libgcc.a
LOAD /Users/zhy/Tools/xpack-arm-none-eabi-gcc-14.2.1-1.1/bin/../lib/gcc/arm-none-eabi/14.2.1/../../../../arm-none-eabi/lib/thumb/v7e-m+dp/hard/libc_nano.a
END GROUP
LOAD /Users/zhy/Tools/xpack-arm-none-eabi-gcc-14.2.1-1.1/bin/../lib/gcc/arm-none-eabi/14.2.1/thumb/v7e-m+dp/hard/crtend.o
LOAD /Users/zhy/Tools/xpack-arm-none-eabi-gcc-14.2.1-1.1/bin/../lib/gcc/arm-none-eabi/14.2.1/thumb/v7e-m+dp/hard/crtn.o
                0x20020000                        _estack = (ORIGIN (DTCMRAM) + LENGTH (DTCMRAM))
                0x00000200                        _Min_Heap_Size = 0x200
                0x00000400                        _Min_Stack_Size = 0x400

.isr_vector     0x08000000      0x298
                0x08000000                        . = ALIGN (0x4)
 *(.isr_vector)
 .isr_vector    0x08000000      0x298 build/startup_stm32h743xx.o
                0x08000000                g_pfnVectors
                0x08000298                        . = ALIGN (0x4)

.text           0x08000298     0x4ba8
                0x08000298                        . = ALIGN (0x4)
 *(.text)
 .text          0x08000298       0x30 /Users/zhy/Tools/xpack-arm-none-eabi-gcc-14.2.1-1.1/bin/../lib/gcc/arm-none-eabi/14.2.1/thumb/v7e-m+dp/hard/libgcc.a(_aeabi_uldivmod.o)
                0x08000298                __aeabi_uldivmod
 .text          0x080002c8        0x4 /Users/zhy/Tools/xpack-arm-none-eabi-gcc-14.2.1-1.1/bin/../lib/gcc/arm-none-eabi/14.2.1/thumb/v7e-m+dp/hard/libgcc.a(_dvmd_tls.o)
                0x080002c8                __aeabi_ldiv0
                0x080002c8                __aeabi_idiv0
 *(.text*)
 .text.__do_global_dtors_aux
                0x080002cc       0x24 /Users/zhy/Tools/xpack-arm-none-eabi-gcc-14.2.1-1.1/bin/../lib/gcc/arm-none-eabi/14.2.1/thumb/v7e-m+dp/hard/crtbegin.o
 .text.frame_dummy
                0x080002f0       0x1c /Users/zhy/Tools/xpack-arm-none-eabi-gcc-14.2.1-1.1/bin/../lib/gcc/arm-none-eabi/14.2.1/thumb/v7e-m+dp/hard/crtbegin.o
 .text.MPU_Config
                0x0800030c       0x52 build/main.o
 .text.Error_Handler
                0x0800035e        0x4 build/main.o
                0x0800035e                Error_Handler
 *fill*         0x08000362        0x2 
 .text.SystemClock_Config
                0x08000364       0xa4 build/main.o
                0x08000364                SystemClock_Config
 .text.main     0x08000408       0x50 build/main.o
                0x08000408                main
 .text.MX_GPIO_Init
                0x08000458       0x8c build/gpio.o
                0x08000458                MX_GPIO_Init
 .text.HAL_TIM_Base_MspInit
                0x080004e4       0x34 build/tim.o
                0x080004e4                HAL_TIM_Base_MspInit
 .text.HAL_TIM_MspPostInit
                0x08000518       0x5c build/tim.o
                0x08000518                HAL_TIM_MspPostInit
 .text.MX_TIM1_Init
                0x08000574      0x10c build/tim.o
                0x08000574                MX_TIM1_Init
 .text.NMI_Handler
                0x08000680        0x2 build/stm32h7xx_it.o
                0x08000680                NMI_Handler
 .text.HardFault_Handler
                0x08000682        0x2 build/stm32h7xx_it.o
                0x08000682                HardFault_Handler
 .text.MemManage_Handler
                0x08000684        0x2 build/stm32h7xx_it.o
                0x08000684                MemManage_Handler
 .text.BusFault_Handler
                0x08000686        0x2 build/stm32h7xx_it.o
                0x08000686                BusFault_Handler
 .text.UsageFault_Handler
                0x08000688        0x2 build/stm32h7xx_it.o
                0x08000688                UsageFault_Handler
 .text.SVC_Handler
                0x0800068a        0x2 build/stm32h7xx_it.o
                0x0800068a                SVC_Handler
 .text.DebugMon_Handler
                0x0800068c        0x2 build/stm32h7xx_it.o
                0x0800068c                DebugMon_Handler
 .text.PendSV_Handler
                0x0800068e        0x2 build/stm32h7xx_it.o
                0x0800068e                PendSV_Handler
 .text.SysTick_Handler
                0x08000690        0x8 build/stm32h7xx_it.o
                0x08000690                SysTick_Handler
 .text.USART3_IRQHandler
                0x08000698       0x10 build/stm32h7xx_it.o
                0x08000698                USART3_IRQHandler
 .text.HAL_MspInit
                0x080006a8       0x24 build/stm32h7xx_hal_msp.o
                0x080006a8                HAL_MspInit
 .text.__NVIC_EnableIRQ
                0x080006cc       0x1c build/stm32h7xx_hal_cortex.o
 .text.__NVIC_SetPriority
                0x080006e8       0x24 build/stm32h7xx_hal_cortex.o
 .text.NVIC_EncodePriority
                0x0800070c       0x3e build/stm32h7xx_hal_cortex.o
 *fill*         0x0800074a        0x2 
 .text.HAL_NVIC_SetPriorityGrouping
                0x0800074c       0x24 build/stm32h7xx_hal_cortex.o
                0x0800074c                HAL_NVIC_SetPriorityGrouping
 .text.HAL_NVIC_SetPriority
                0x08000770       0x20 build/stm32h7xx_hal_cortex.o
                0x08000770                HAL_NVIC_SetPriority
 .text.HAL_NVIC_EnableIRQ
                0x08000790        0x8 build/stm32h7xx_hal_cortex.o
                0x08000790                HAL_NVIC_EnableIRQ
 .text.HAL_SYSTICK_Config
                0x08000798       0x28 build/stm32h7xx_hal_cortex.o
                0x08000798                HAL_SYSTICK_Config
 .text.HAL_MPU_Disable
                0x080007c0       0x1c build/stm32h7xx_hal_cortex.o
                0x080007c0                HAL_MPU_Disable
 .text.HAL_MPU_Enable
                0x080007dc       0x20 build/stm32h7xx_hal_cortex.o
                0x080007dc                HAL_MPU_Enable
 .text.HAL_MPU_ConfigRegion
                0x080007fc       0x58 build/stm32h7xx_hal_cortex.o
                0x080007fc                HAL_MPU_ConfigRegion
 .text.HAL_RCC_OscConfig
                0x08000854      0x6b0 build/stm32h7xx_hal_rcc.o
                0x08000854                HAL_RCC_OscConfig
 .text.HAL_RCC_GetSysClockFreq
                0x08000f04      0x1f8 build/stm32h7xx_hal_rcc.o
                0x08000f04                HAL_RCC_GetSysClockFreq
 .text.HAL_RCC_ClockConfig
                0x080010fc      0x294 build/stm32h7xx_hal_rcc.o
                0x080010fc                HAL_RCC_ClockConfig
 .text.HAL_RCC_GetHCLKFreq
                0x08001390       0x44 build/stm32h7xx_hal_rcc.o
                0x08001390                HAL_RCC_GetHCLKFreq
 .text.HAL_RCC_GetPCLK1Freq
                0x080013d4       0x24 build/stm32h7xx_hal_rcc.o
                0x080013d4                HAL_RCC_GetPCLK1Freq
 .text.HAL_RCC_GetPCLK2Freq
                0x080013f8       0x24 build/stm32h7xx_hal_rcc.o
                0x080013f8                HAL_RCC_GetPCLK2Freq
 .text.RCCEx_PLL2_Config
                0x0800141c      0x108 build/stm32h7xx_hal_rcc_ex.o
 .text.RCCEx_PLL3_Config
                0x08001524      0x108 build/stm32h7xx_hal_rcc_ex.o
 .text.HAL_RCCEx_PeriphCLKConfig
                0x0800162c      0xab8 build/stm32h7xx_hal_rcc_ex.o
                0x0800162c                HAL_RCCEx_PeriphCLKConfig
 .text.HAL_RCCEx_GetD3PCLK1Freq
                0x080020e4       0x24 build/stm32h7xx_hal_rcc_ex.o
                0x080020e4                HAL_RCCEx_GetD3PCLK1Freq
 .text.HAL_RCCEx_GetPLL2ClockFreq
                0x08002108      0x200 build/stm32h7xx_hal_rcc_ex.o
                0x08002108                HAL_RCCEx_GetPLL2ClockFreq
 .text.HAL_RCCEx_GetPLL3ClockFreq
                0x08002308      0x200 build/stm32h7xx_hal_rcc_ex.o
                0x08002308                HAL_RCCEx_GetPLL3ClockFreq
 .text.HAL_GPIO_Init
                0x08002508      0x220 build/stm32h7xx_hal_gpio.o
                0x08002508                HAL_GPIO_Init
 .text.HAL_GPIO_WritePin
                0x08002728        0xc build/stm32h7xx_hal_gpio.o
                0x08002728                HAL_GPIO_WritePin
 .text.HAL_DMA_Abort
                0x08002734      0x33c build/stm32h7xx_hal_dma.o
                0x08002734                HAL_DMA_Abort
 .text.HAL_DMA_Abort_IT
                0x08002a70      0x26c build/stm32h7xx_hal_dma.o
                0x08002a70                HAL_DMA_Abort_IT
 .text.HAL_PWREx_ConfigSupply
                0x08002cdc       0x54 build/stm32h7xx_hal_pwr_ex.o
                0x08002cdc                HAL_PWREx_ConfigSupply
 .text.HAL_InitTick
                0x08002d30       0x50 build/stm32h7xx_hal.o
                0x08002d30                HAL_InitTick
 .text.HAL_Init
                0x08002d80       0x5c build/stm32h7xx_hal.o
                0x08002d80                HAL_Init
 .text.HAL_IncTick
                0x08002ddc       0x18 build/stm32h7xx_hal.o
                0x08002ddc                HAL_IncTick
 .text.HAL_GetTick
                0x08002df4        0xc build/stm32h7xx_hal.o
                0x08002df4                HAL_GetTick
 .text.HAL_GetREVID
                0x08002e00        0xc build/stm32h7xx_hal.o
                0x08002e00                HAL_GetREVID
 .text.TIM_OC1_SetConfig
                0x08002e0c       0xa4 build/stm32h7xx_hal_tim.o
 .text.TIM_OC3_SetConfig
                0x08002eb0       0x94 build/stm32h7xx_hal_tim.o
 .text.TIM_OC4_SetConfig
                0x08002f44       0x74 build/stm32h7xx_hal_tim.o
 .text.TIM_OC5_SetConfig
                0x08002fb8       0x74 build/stm32h7xx_hal_tim.o
 .text.TIM_OC6_SetConfig
                0x0800302c       0x74 build/stm32h7xx_hal_tim.o
 .text.TIM_TI1_ConfigInputStage
                0x080030a0       0x26 build/stm32h7xx_hal_tim.o
 .text.TIM_TI2_ConfigInputStage
                0x080030c6       0x28 build/stm32h7xx_hal_tim.o
 *fill*         0x080030ee        0x2 
 .text.TIM_ITRx_SetConfig
                0x080030f0       0x14 build/stm32h7xx_hal_tim.o
 .text.HAL_TIM_PWM_MspInit
                0x08003104        0x2 build/stm32h7xx_hal_tim.o
                0x08003104                HAL_TIM_PWM_MspInit
 *fill*         0x08003106        0x2 
 .text.TIM_Base_SetConfig
                0x08003108      0x104 build/stm32h7xx_hal_tim.o
                0x08003108                TIM_Base_SetConfig
 .text.HAL_TIM_Base_Init
                0x0800320c       0x60 build/stm32h7xx_hal_tim.o
                0x0800320c                HAL_TIM_Base_Init
 .text.HAL_TIM_PWM_Init
                0x0800326c       0x60 build/stm32h7xx_hal_tim.o
                0x0800326c                HAL_TIM_PWM_Init
 .text.TIM_OC2_SetConfig
                0x080032cc       0x94 build/stm32h7xx_hal_tim.o
                0x080032cc                TIM_OC2_SetConfig
 .text.HAL_TIM_PWM_ConfigChannel
                0x08003360      0x13a build/stm32h7xx_hal_tim.o
                0x08003360                HAL_TIM_PWM_ConfigChannel
 .text.TIM_ETR_SetConfig
                0x0800349a       0x1a build/stm32h7xx_hal_tim.o
                0x0800349a                TIM_ETR_SetConfig
 .text.HAL_TIM_ConfigClockSource
                0x080034b4      0x138 build/stm32h7xx_hal_tim.o
                0x080034b4                HAL_TIM_ConfigClockSource
 .text.TIM_CCxChannelCmd
                0x080035ec       0x1e build/stm32h7xx_hal_tim.o
                0x080035ec                TIM_CCxChannelCmd
 *fill*         0x0800360a        0x2 
 .text.HAL_TIM_PWM_Start
                0x0800360c      0x160 build/stm32h7xx_hal_tim.o
                0x0800360c                HAL_TIM_PWM_Start
 .text.HAL_TIMEx_MasterConfigSynchronization
                0x0800376c       0xa0 build/stm32h7xx_hal_tim_ex.o
                0x0800376c                HAL_TIMEx_MasterConfigSynchronization
 .text.HAL_TIMEx_ConfigBreakDeadTime
                0x0800380c       0x90 build/stm32h7xx_hal_tim_ex.o
                0x0800380c                HAL_TIMEx_ConfigBreakDeadTime
 .text.SystemInit
                0x0800389c       0xf0 build/system_stm32h7xx.o
                0x0800389c                SystemInit
 .text.ExitRun0Mode
                0x0800398c       0x1c build/system_stm32h7xx.o
                0x0800398c                ExitRun0Mode
 .text.abd      0x080039a8        0xa build/motor.o
                0x080039a8                abd
 *fill*         0x080039b2        0x2 
 .text.load     0x080039b4       0xd0 build/motor.o
                0x080039b4                load
 .text.MX_USART3_UART_Init
                0x08003a84       0x68 build/usart.o
                0x08003a84                MX_USART3_UART_Init
 .text.HAL_UART_MspInit
                0x08003aec       0xa8 build/usart.o
                0x08003aec                HAL_UART_MspInit
 .text.UART_EndRxTransfer
                0x08003b94       0x58 build/stm32h7xx_hal_uart.o
 .text.HAL_UART_TxCpltCallback
                0x08003bec        0x2 build/stm32h7xx_hal_uart.o
                0x08003bec                HAL_UART_TxCpltCallback
 .text.UART_EndTransmit_IT
                0x08003bee       0x24 build/stm32h7xx_hal_uart.o
 .text.HAL_UART_ErrorCallback
                0x08003c12        0x2 build/stm32h7xx_hal_uart.o
                0x08003c12                HAL_UART_ErrorCallback
 .text.UART_DMAAbortOnError
                0x08003c14       0x10 build/stm32h7xx_hal_uart.o
 .text.HAL_UARTEx_RxEventCallback
                0x08003c24        0x2 build/stm32h7xx_hal_uart.o
                0x08003c24                HAL_UARTEx_RxEventCallback
 *fill*         0x08003c26        0x2 
 .text.HAL_UART_IRQHandler
                0x08003c28      0x3d0 build/stm32h7xx_hal_uart.o
                0x08003c28                HAL_UART_IRQHandler
 .text.UART_SetConfig
                0x08003ff8      0x5f4 build/stm32h7xx_hal_uart.o
                0x08003ff8                UART_SetConfig
 .text.UART_AdvFeatureConfig
                0x080045ec       0xca build/stm32h7xx_hal_uart.o
                0x080045ec                UART_AdvFeatureConfig
 .text.UART_WaitOnFlagUntilTimeout
                0x080046b6       0xa6 build/stm32h7xx_hal_uart.o
                0x080046b6                UART_WaitOnFlagUntilTimeout
 .text.HAL_UART_Transmit
                0x0800475c       0xd0 build/stm32h7xx_hal_uart.o
                0x0800475c                HAL_UART_Transmit
 .text.UART_CheckIdleState
                0x0800482c       0xca build/stm32h7xx_hal_uart.o
                0x0800482c                UART_CheckIdleState
 .text.HAL_UART_Init
                0x080048f6       0x66 build/stm32h7xx_hal_uart.o
                0x080048f6                HAL_UART_Init
 .text.UARTEx_SetNbDataToProcess
                0x0800495c       0x4c build/stm32h7xx_hal_uart_ex.o
 .text.HAL_UARTEx_WakeupCallback
                0x080049a8        0x2 build/stm32h7xx_hal_uart_ex.o
                0x080049a8                HAL_UARTEx_WakeupCallback
 .text.HAL_UARTEx_RxFifoFullCallback
                0x080049aa        0x2 build/stm32h7xx_hal_uart_ex.o
                0x080049aa                HAL_UARTEx_RxFifoFullCallback
 .text.HAL_UARTEx_TxFifoEmptyCallback
                0x080049ac        0x2 build/stm32h7xx_hal_uart_ex.o
                0x080049ac                HAL_UARTEx_TxFifoEmptyCallback
 .text.HAL_UARTEx_DisableFifoMode
                0x080049ae       0x3e build/stm32h7xx_hal_uart_ex.o
                0x080049ae                HAL_UARTEx_DisableFifoMode
 .text.HAL_UARTEx_SetTxFifoThreshold
                0x080049ec       0x4a build/stm32h7xx_hal_uart_ex.o
                0x080049ec                HAL_UARTEx_SetTxFifoThreshold
 .text.HAL_UARTEx_SetRxFifoThreshold
                0x08004a36       0x4a build/stm32h7xx_hal_uart_ex.o
                0x08004a36                HAL_UARTEx_SetRxFifoThreshold
 .text.Reset_Handler
                0x08004a80       0x54 build/startup_stm32h743xx.o
                0x08004a80                Reset_Handler
 .text.Default_Handler
                0x08004ad4        0x2 build/startup_stm32h743xx.o
                0x08004ad4                DMA1_Stream3_IRQHandler
                0x08004ad4                EXTI2_IRQHandler
                0x08004ad4                TIM8_CC_IRQHandler
                0x08004ad4                HRTIM1_Master_IRQHandler
                0x08004ad4                UART8_IRQHandler
                0x08004ad4                SPI4_IRQHandler
                0x08004ad4                TIM1_CC_IRQHandler
                0x08004ad4                BDMA_Channel6_IRQHandler
                0x08004ad4                DMA2_Stream5_IRQHandler
                0x08004ad4                HRTIM1_FLT_IRQHandler
                0x08004ad4                JPEG_IRQHandler
                0x08004ad4                DMA1_Stream5_IRQHandler
                0x08004ad4                BDMA_Channel1_IRQHandler
                0x08004ad4                HRTIM1_TIMD_IRQHandler
                0x08004ad4                TAMP_STAMP_IRQHandler
                0x08004ad4                EXTI3_IRQHandler
                0x08004ad4                LPTIM4_IRQHandler
                0x08004ad4                TIM8_TRG_COM_TIM14_IRQHandler
                0x08004ad4                LPTIM2_IRQHandler
                0x08004ad4                DFSDM1_FLT1_IRQHandler
                0x08004ad4                DMAMUX2_OVR_IRQHandler
                0x08004ad4                TIM8_UP_TIM13_IRQHandler
                0x08004ad4                I2C3_ER_IRQHandler
                0x08004ad4                DFSDM1_FLT2_IRQHandler
                0x08004ad4                MDMA_IRQHandler
                0x08004ad4                LPTIM3_IRQHandler
                0x08004ad4                HSEM1_IRQHandler
                0x08004ad4                EXTI0_IRQHandler
                0x08004ad4                I2C2_EV_IRQHandler
                0x08004ad4                DMA1_Stream2_IRQHandler
                0x08004ad4                FPU_IRQHandler
                0x08004ad4                OTG_HS_WKUP_IRQHandler
                0x08004ad4                FDCAN1_IT1_IRQHandler
                0x08004ad4                LTDC_ER_IRQHandler
                0x08004ad4                DMA2_Stream2_IRQHandler
                0x08004ad4                HRTIM1_TIME_IRQHandler
                0x08004ad4                SPI1_IRQHandler
                0x08004ad4                TIM6_DAC_IRQHandler
                0x08004ad4                DCMI_IRQHandler
                0x08004ad4                HRTIM1_TIMC_IRQHandler
                0x08004ad4                DMA2_Stream3_IRQHandler
                0x08004ad4                SAI2_IRQHandler
                0x08004ad4                DFSDM1_FLT3_IRQHandler
                0x08004ad4                USART6_IRQHandler
                0x08004ad4                TIM17_IRQHandler
                0x08004ad4                BDMA_Channel7_IRQHandler
                0x08004ad4                LPTIM5_IRQHandler
                0x08004ad4                UART5_IRQHandler
                0x08004ad4                ADC3_IRQHandler
                0x08004ad4                DMA2_Stream0_IRQHandler
                0x08004ad4                TIM4_IRQHandler
                0x08004ad4                BDMA_Channel2_IRQHandler
                0x08004ad4                QUADSPI_IRQHandler
                0x08004ad4                I2C1_EV_IRQHandler
                0x08004ad4                DMA1_Stream6_IRQHandler
                0x08004ad4                DMAMUX1_OVR_IRQHandler
                0x08004ad4                DMA1_Stream1_IRQHandler
                0x08004ad4                TIM16_IRQHandler
                0x08004ad4                UART4_IRQHandler
                0x08004ad4                BDMA_Channel5_IRQHandler
                0x08004ad4                TIM3_IRQHandler
                0x08004ad4                RCC_IRQHandler
                0x08004ad4                TIM8_BRK_TIM12_IRQHandler
                0x08004ad4                TIM1_TRG_COM_IRQHandler
                0x08004ad4                Default_Handler
                0x08004ad4                ECC_IRQHandler
                0x08004ad4                CEC_IRQHandler
                0x08004ad4                EXTI15_10_IRQHandler
                0x08004ad4                BDMA_Channel0_IRQHandler
                0x08004ad4                ADC_IRQHandler
                0x08004ad4                DMA1_Stream7_IRQHandler
                0x08004ad4                HRTIM1_TIMA_IRQHandler
                0x08004ad4                SPI5_IRQHandler
                0x08004ad4                TIM7_IRQHandler
                0x08004ad4                SDMMC1_IRQHandler
                0x08004ad4                TIM5_IRQHandler
                0x08004ad4                DMA2_Stream7_IRQHandler
                0x08004ad4                TIM15_IRQHandler
                0x08004ad4                PVD_AVD_IRQHandler
                0x08004ad4                I2C3_EV_IRQHandler
                0x08004ad4                EXTI9_5_IRQHandler
                0x08004ad4                RTC_WKUP_IRQHandler
                0x08004ad4                LTDC_IRQHandler
                0x08004ad4                SAI3_IRQHandler
                0x08004ad4                ETH_WKUP_IRQHandler
                0x08004ad4                SPDIF_RX_IRQHandler
                0x08004ad4                SPI2_IRQHandler
                0x08004ad4                OTG_HS_EP1_IN_IRQHandler
                0x08004ad4                DMA1_Stream0_IRQHandler
                0x08004ad4                CRS_IRQHandler
                0x08004ad4                EXTI4_IRQHandler
                0x08004ad4                RNG_IRQHandler
                0x08004ad4                HRTIM1_TIMB_IRQHandler
                0x08004ad4                FDCAN2_IT1_IRQHandler
                0x08004ad4                ETH_IRQHandler
                0x08004ad4                TIM1_UP_IRQHandler
                0x08004ad4                BDMA_Channel4_IRQHandler
                0x08004ad4                OTG_HS_EP1_OUT_IRQHandler
                0x08004ad4                WWDG_IRQHandler
                0x08004ad4                SPI6_IRQHandler
                0x08004ad4                MDIOS_IRQHandler
                0x08004ad4                I2C4_EV_IRQHandler
                0x08004ad4                FDCAN2_IT0_IRQHandler
                0x08004ad4                LPUART1_IRQHandler
                0x08004ad4                FDCAN1_IT0_IRQHandler
                0x08004ad4                TIM2_IRQHandler
                0x08004ad4                OTG_FS_WKUP_IRQHandler
                0x08004ad4                OTG_HS_IRQHandler
                0x08004ad4                DMA2D_IRQHandler
                0x08004ad4                TIM1_BRK_IRQHandler
                0x08004ad4                EXTI1_IRQHandler
                0x08004ad4                SDMMC2_IRQHandler
                0x08004ad4                OTG_FS_EP1_OUT_IRQHandler
                0x08004ad4                BDMA_Channel3_IRQHandler
                0x08004ad4                UART7_IRQHandler
                0x08004ad4                MDIOS_WKUP_IRQHandler
                0x08004ad4                USART2_IRQHandler
                0x08004ad4                DFSDM1_FLT0_IRQHandler
                0x08004ad4                SAI4_IRQHandler
                0x08004ad4                I2C2_ER_IRQHandler
                0x08004ad4                DMA2_Stream1_IRQHandler
                0x08004ad4                FLASH_IRQHandler
                0x08004ad4                DMA2_Stream4_IRQHandler
                0x08004ad4                USART1_IRQHandler
                0x08004ad4                OTG_FS_IRQHandler
                0x08004ad4                SPI3_IRQHandler
                0x08004ad4                WAKEUP_PIN_IRQHandler
                0x08004ad4                DMA1_Stream4_IRQHandler
                0x08004ad4                OTG_FS_EP1_IN_IRQHandler
                0x08004ad4                I2C1_ER_IRQHandler
                0x08004ad4                FMC_IRQHandler
                0x08004ad4                FDCAN_CAL_IRQHandler
                0x08004ad4                SWPMI1_IRQHandler
                0x08004ad4                COMP1_IRQHandler
                0x08004ad4                LPTIM1_IRQHandler
                0x08004ad4                I2C4_ER_IRQHandler
                0x08004ad4                DMA2_Stream6_IRQHandler
                0x08004ad4                SAI1_IRQHandler
                0x08004ad4                RTC_Alarm_IRQHandler
 .text.memset   0x08004ad6       0x10 /Users/zhy/Tools/xpack-arm-none-eabi-gcc-14.2.1-1.1/bin/../lib/gcc/arm-none-eabi/14.2.1/../../../../arm-none-eabi/lib/thumb/v7e-m+dp/hard/libc_nano.a(libc_a-memset.o)
                0x08004ad6                memset
 *fill*         0x08004ae6        0x2 
 .text.__libc_init_array
                0x08004ae8       0x48 /Users/zhy/Tools/xpack-arm-none-eabi-gcc-14.2.1-1.1/bin/../lib/gcc/arm-none-eabi/14.2.1/../../../../arm-none-eabi/lib/thumb/v7e-m+dp/hard/libc_nano.a(libc_a-init.o)
                0x08004ae8                __libc_init_array
 .text.__udivmoddi4
                0x08004b30      0x2f8 /Users/zhy/Tools/xpack-arm-none-eabi-gcc-14.2.1-1.1/bin/../lib/gcc/arm-none-eabi/14.2.1/thumb/v7e-m+dp/hard/libgcc.a(_udivmoddi4.o)
                0x08004b30                __udivmoddi4
 *(.glue_7)
 .glue_7        0x08004e28        0x0 linker stubs
 *(.glue_7t)
 .glue_7t       0x08004e28        0x0 linker stubs
 *(.eh_frame)
 .eh_frame      0x08004e28        0x0 /Users/zhy/Tools/xpack-arm-none-eabi-gcc-14.2.1-1.1/bin/../lib/gcc/arm-none-eabi/14.2.1/thumb/v7e-m+dp/hard/crtbegin.o
 *(.init)
 .init          0x08004e28        0x4 /Users/zhy/Tools/xpack-arm-none-eabi-gcc-14.2.1-1.1/bin/../lib/gcc/arm-none-eabi/14.2.1/thumb/v7e-m+dp/hard/crti.o
                0x08004e28                _init
 .init          0x08004e2c        0x8 /Users/zhy/Tools/xpack-arm-none-eabi-gcc-14.2.1-1.1/bin/../lib/gcc/arm-none-eabi/14.2.1/thumb/v7e-m+dp/hard/crtn.o
 *(.fini)
 .fini          0x08004e34        0x4 /Users/zhy/Tools/xpack-arm-none-eabi-gcc-14.2.1-1.1/bin/../lib/gcc/arm-none-eabi/14.2.1/thumb/v7e-m+dp/hard/crti.o
                0x08004e34                _fini
 .fini          0x08004e38        0x8 /Users/zhy/Tools/xpack-arm-none-eabi-gcc-14.2.1-1.1/bin/../lib/gcc/arm-none-eabi/14.2.1/thumb/v7e-m+dp/hard/crtn.o
                0x08004e40                        . = ALIGN (0x4)
                0x08004e40                        _etext = .

.vfp11_veneer   0x08004e40        0x0
 .vfp11_veneer  0x08004e40        0x0 linker stubs

.v4_bx          0x08004e40        0x0
 .v4_bx         0x08004e40        0x0 linker stubs

.iplt           0x08004e40        0x0
 .iplt          0x08004e40        0x0 /Users/zhy/Tools/xpack-arm-none-eabi-gcc-14.2.1-1.1/bin/../lib/gcc/arm-none-eabi/14.2.1/thumb/v7e-m+dp/hard/crtbegin.o

.rodata         0x08004e40       0x40
                0x08004e40                        . = ALIGN (0x4)
 *(.rodata)
 *(.rodata*)
 .rodata.main.str1.4
                0x08004e40        0x8 build/main.o
 .rodata.D1CorePrescTable
                0x08004e48       0x10 build/system_stm32h7xx.o
                0x08004e48                D1CorePrescTable
 .rodata.UARTPrescTable
                0x08004e58       0x18 build/stm32h7xx_hal_uart.o
                0x08004e58                UARTPrescTable
 .rodata.denominator.0
                0x08004e70        0x8 build/stm32h7xx_hal_uart_ex.o
 .rodata.numerator.1
                0x08004e78        0x8 build/stm32h7xx_hal_uart_ex.o
                0x08004e80                        . = ALIGN (0x4)

.ARM.extab      0x08004e80        0x0
                0x08004e80                        . = ALIGN (0x4)
 *(.ARM.extab* .gnu.linkonce.armextab.*)
                0x08004e80                        . = ALIGN (0x4)

.ARM            0x08004e80        0x8
                0x08004e80                        . = ALIGN (0x4)
                0x08004e80                        __exidx_start = .
 *(.ARM.exidx*)
 .ARM.exidx.text.__udivmoddi4
                0x08004e80        0x8 /Users/zhy/Tools/xpack-arm-none-eabi-gcc-14.2.1-1.1/bin/../lib/gcc/arm-none-eabi/14.2.1/thumb/v7e-m+dp/hard/libgcc.a(_udivmoddi4.o)
                0x08004e88                        __exidx_end = .
                0x08004e88                        . = ALIGN (0x4)

.preinit_array  0x08004e88        0x0
                0x08004e88                        . = ALIGN (0x4)
                0x08004e88                        PROVIDE (__preinit_array_start = .)
 *(.preinit_array*)
                0x08004e88                        PROVIDE (__preinit_array_end = .)
                0x08004e88                        . = ALIGN (0x4)

.init_array     0x08004e88        0x4
                0x08004e88                        . = ALIGN (0x4)
                0x08004e88                        PROVIDE (__init_array_start = .)
 *(SORT_BY_NAME(.init_array.*))
 *(.init_array*)
 .init_array    0x08004e88        0x4 /Users/zhy/Tools/xpack-arm-none-eabi-gcc-14.2.1-1.1/bin/../lib/gcc/arm-none-eabi/14.2.1/thumb/v7e-m+dp/hard/crtbegin.o
                0x08004e8c                        PROVIDE (__init_array_end = .)
                0x08004e8c                        . = ALIGN (0x4)

.fini_array     0x08004e8c        0x4
                0x08004e8c                        . = ALIGN (0x4)
                0x08004e8c                        PROVIDE (__fini_array_start = .)
 *(SORT_BY_NAME(.fini_array.*))
 *(.fini_array*)
 .fini_array    0x08004e8c        0x4 /Users/zhy/Tools/xpack-arm-none-eabi-gcc-14.2.1-1.1/bin/../lib/gcc/arm-none-eabi/14.2.1/thumb/v7e-m+dp/hard/crtbegin.o
                0x08004e90                        PROVIDE (__fini_array_end = .)
                0x08004e90                        . = ALIGN (0x4)
                0x08004e90                        _sidata = LOADADDR (.data)

.rel.dyn        0x08004e90        0x0
 .rel.iplt      0x08004e90        0x0 /Users/zhy/Tools/xpack-arm-none-eabi-gcc-14.2.1-1.1/bin/../lib/gcc/arm-none-eabi/14.2.1/thumb/v7e-m+dp/hard/crtbegin.o

.data           0x20000000       0x10 load address 0x08004e90
                0x20000000                        . = ALIGN (0x4)
                0x20000000                        _sdata = .
 *(.data)
 *(.data*)
 .data.uwTickFreq
                0x20000000        0x1 build/stm32h7xx_hal.o
                0x20000000                uwTickFreq
 *fill*         0x20000001        0x3 
 .data.uwTickPrio
                0x20000004        0x4 build/stm32h7xx_hal.o
                0x20000004                uwTickPrio
 .data.SystemD2Clock
                0x20000008        0x4 build/system_stm32h7xx.o
                0x20000008                SystemD2Clock
 .data.SystemCoreClock
                0x2000000c        0x4 build/system_stm32h7xx.o
                0x2000000c                SystemCoreClock
 *(.RamFunc)
 *(.RamFunc*)
                0x20000010                        . = ALIGN (0x4)
                0x20000010                        _edata = .

.igot.plt       0x20000010        0x0 load address 0x08004ea0
 .igot.plt      0x20000010        0x0 /Users/zhy/Tools/xpack-arm-none-eabi-gcc-14.2.1-1.1/bin/../lib/gcc/arm-none-eabi/14.2.1/thumb/v7e-m+dp/hard/crtbegin.o
                0x20000010                        . = ALIGN (0x4)

.bss            0x20000010      0x100 load address 0x08004ea0
                0x20000010                        _sbss = .
                0x20000010                        __bss_start__ = _sbss
 *(.bss)
 *(.bss*)
 .bss.completed.1
                0x20000010        0x1 /Users/zhy/Tools/xpack-arm-none-eabi-gcc-14.2.1-1.1/bin/../lib/gcc/arm-none-eabi/14.2.1/thumb/v7e-m+dp/hard/crtbegin.o
 *fill*         0x20000011        0x3 
 .bss.object.0  0x20000014       0x18 /Users/zhy/Tools/xpack-arm-none-eabi-gcc-14.2.1-1.1/bin/../lib/gcc/arm-none-eabi/14.2.1/thumb/v7e-m+dp/hard/crtbegin.o
 .bss.htim1     0x2000002c       0x4c build/tim.o
                0x2000002c                htim1
 .bss.uwTick    0x20000078        0x4 build/stm32h7xx_hal.o
                0x20000078                uwTick
 .bss.huart3    0x2000007c       0x94 build/usart.o
                0x2000007c                huart3
 *(COMMON)
                0x20000110                        . = ALIGN (0x4)
                0x20000110                        _ebss = .
                0x20000110                        __bss_end__ = _ebss

._user_heap_stack
                0x20000110      0x600 load address 0x08004ea0
                0x20000110                        . = ALIGN (0x8)
                0x20000110                        PROVIDE (end = .)
                [!provide]                        PROVIDE (_end = .)
                0x20000310                        . = (. + _Min_Heap_Size)
 *fill*         0x20000110      0x200 
                0x20000710                        . = (. + _Min_Stack_Size)
 *fill*         0x20000310      0x400 
                0x20000710                        . = ALIGN (0x8)

/DISCARD/
 libc.a(*)
 libm.a(*)
 libgcc.a(*)
OUTPUT(build/car.elf elf32-littlearm)
LOAD linker stubs
LOAD /Users/zhy/Tools/xpack-arm-none-eabi-gcc-14.2.1-1.1/bin/../lib/gcc/arm-none-eabi/14.2.1/../../../../arm-none-eabi/lib/thumb/v7e-m+dp/hard/libc.a
LOAD /Users/zhy/Tools/xpack-arm-none-eabi-gcc-14.2.1-1.1/bin/../lib/gcc/arm-none-eabi/14.2.1/../../../../arm-none-eabi/lib/thumb/v7e-m+dp/hard/libm.a
LOAD /Users/zhy/Tools/xpack-arm-none-eabi-gcc-14.2.1-1.1/bin/../lib/gcc/arm-none-eabi/14.2.1/thumb/v7e-m+dp/hard/libgcc.a

.ARM.attributes
                0x00000000       0x2e
 .ARM.attributes
                0x00000000       0x20 /Users/zhy/Tools/xpack-arm-none-eabi-gcc-14.2.1-1.1/bin/../lib/gcc/arm-none-eabi/14.2.1/thumb/v7e-m+dp/hard/crti.o
 .ARM.attributes
                0x00000020       0x32 /Users/zhy/Tools/xpack-arm-none-eabi-gcc-14.2.1-1.1/bin/../lib/gcc/arm-none-eabi/14.2.1/thumb/v7e-m+dp/hard/crtbegin.o
 .ARM.attributes
                0x00000052       0x32 build/main.o
 .ARM.attributes
                0x00000084       0x32 build/gpio.o
 .ARM.attributes
                0x000000b6       0x32 build/tim.o
 .ARM.attributes
                0x000000e8       0x32 build/stm32h7xx_it.o
 .ARM.attributes
                0x0000011a       0x32 build/stm32h7xx_hal_msp.o
 .ARM.attributes
                0x0000014c       0x32 build/stm32h7xx_hal_cortex.o
 .ARM.attributes
                0x0000017e       0x32 build/stm32h7xx_hal_rcc.o
 .ARM.attributes
                0x000001b0       0x32 build/stm32h7xx_hal_rcc_ex.o
 .ARM.attributes
                0x000001e2       0x32 build/stm32h7xx_hal_gpio.o
 .ARM.attributes
                0x00000214       0x32 build/stm32h7xx_hal_dma.o
 .ARM.attributes
                0x00000246       0x32 build/stm32h7xx_hal_pwr_ex.o
 .ARM.attributes
                0x00000278       0x32 build/stm32h7xx_hal.o
 .ARM.attributes
                0x000002aa       0x32 build/stm32h7xx_hal_tim.o
 .ARM.attributes
                0x000002dc       0x32 build/stm32h7xx_hal_tim_ex.o
 .ARM.attributes
                0x0000030e       0x32 build/system_stm32h7xx.o
 .ARM.attributes
                0x00000340       0x32 build/motor.o
 .ARM.attributes
                0x00000372       0x32 build/usart.o
 .ARM.attributes
                0x000003a4       0x32 build/stm32h7xx_hal_uart.o
 .ARM.attributes
                0x000003d6       0x32 build/stm32h7xx_hal_uart_ex.o
 .ARM.attributes
                0x00000408       0x21 build/startup_stm32h743xx.o
 .ARM.attributes
                0x00000429       0x32 /Users/zhy/Tools/xpack-arm-none-eabi-gcc-14.2.1-1.1/bin/../lib/gcc/arm-none-eabi/14.2.1/../../../../arm-none-eabi/lib/thumb/v7e-m+dp/hard/libc_nano.a(libc_a-memset.o)
 .ARM.attributes
                0x0000045b       0x32 /Users/zhy/Tools/xpack-arm-none-eabi-gcc-14.2.1-1.1/bin/../lib/gcc/arm-none-eabi/14.2.1/../../../../arm-none-eabi/lib/thumb/v7e-m+dp/hard/libc_nano.a(libc_a-init.o)
 .ARM.attributes
                0x0000048d       0x20 /Users/zhy/Tools/xpack-arm-none-eabi-gcc-14.2.1-1.1/bin/../lib/gcc/arm-none-eabi/14.2.1/thumb/v7e-m+dp/hard/libgcc.a(_aeabi_uldivmod.o)
 .ARM.attributes
                0x000004ad       0x32 /Users/zhy/Tools/xpack-arm-none-eabi-gcc-14.2.1-1.1/bin/../lib/gcc/arm-none-eabi/14.2.1/thumb/v7e-m+dp/hard/libgcc.a(_udivmoddi4.o)
 .ARM.attributes
                0x000004df       0x20 /Users/zhy/Tools/xpack-arm-none-eabi-gcc-14.2.1-1.1/bin/../lib/gcc/arm-none-eabi/14.2.1/thumb/v7e-m+dp/hard/libgcc.a(_dvmd_tls.o)
 .ARM.attributes
                0x000004ff       0x20 /Users/zhy/Tools/xpack-arm-none-eabi-gcc-14.2.1-1.1/bin/../lib/gcc/arm-none-eabi/14.2.1/thumb/v7e-m+dp/hard/crtn.o

.comment        0x00000000       0x38
 .comment       0x00000000       0x38 /Users/zhy/Tools/xpack-arm-none-eabi-gcc-14.2.1-1.1/bin/../lib/gcc/arm-none-eabi/14.2.1/thumb/v7e-m+dp/hard/crtbegin.o
                                 0x39 (size before relaxing)
 .comment       0x00000038       0x39 build/main.o
 .comment       0x00000038       0x39 build/gpio.o
 .comment       0x00000038       0x39 build/tim.o
 .comment       0x00000038       0x39 build/stm32h7xx_it.o
 .comment       0x00000038       0x39 build/stm32h7xx_hal_msp.o
 .comment       0x00000038       0x39 build/stm32h7xx_hal_cortex.o
 .comment       0x00000038       0x39 build/stm32h7xx_hal_rcc.o
 .comment       0x00000038       0x39 build/stm32h7xx_hal_rcc_ex.o
 .comment       0x00000038       0x39 build/stm32h7xx_hal_gpio.o
 .comment       0x00000038       0x39 build/stm32h7xx_hal_dma.o
 .comment       0x00000038       0x39 build/stm32h7xx_hal_pwr_ex.o
 .comment       0x00000038       0x39 build/stm32h7xx_hal.o
 .comment       0x00000038       0x39 build/stm32h7xx_hal_tim.o
 .comment       0x00000038       0x39 build/stm32h7xx_hal_tim_ex.o
 .comment       0x00000038       0x39 build/system_stm32h7xx.o
 .comment       0x00000038       0x39 build/motor.o
 .comment       0x00000038       0x39 build/usart.o
 .comment       0x00000038       0x39 build/stm32h7xx_hal_uart.o
 .comment       0x00000038       0x39 build/stm32h7xx_hal_uart_ex.o
 .comment       0x00000038       0x39 /Users/zhy/Tools/xpack-arm-none-eabi-gcc-14.2.1-1.1/bin/../lib/gcc/arm-none-eabi/14.2.1/../../../../arm-none-eabi/lib/thumb/v7e-m+dp/hard/libc_nano.a(libc_a-memset.o)
 .comment       0x00000038       0x39 /Users/zhy/Tools/xpack-arm-none-eabi-gcc-14.2.1-1.1/bin/../lib/gcc/arm-none-eabi/14.2.1/../../../../arm-none-eabi/lib/thumb/v7e-m+dp/hard/libc_nano.a(libc_a-init.o)
 .comment       0x00000038       0x39 /Users/zhy/Tools/xpack-arm-none-eabi-gcc-14.2.1-1.1/bin/../lib/gcc/arm-none-eabi/14.2.1/thumb/v7e-m+dp/hard/libgcc.a(_udivmoddi4.o)

.debug_info     0x00000000    0x1ea75
 .debug_info    0x00000000     0x15e6 build/main.o
 .debug_info    0x000015e6      0x76f build/gpio.o
 .debug_info    0x00001d55     0x13ac build/tim.o
 .debug_info    0x00003101      0x97e build/stm32h7xx_it.o
 .debug_info    0x00003a7f      0x543 build/stm32h7xx_hal_msp.o
 .debug_info    0x00003fc2     0x157c build/stm32h7xx_hal_cortex.o
 .debug_info    0x0000553e     0x1411 build/stm32h7xx_hal_rcc.o
 .debug_info    0x0000694f     0x1d05 build/stm32h7xx_hal_rcc_ex.o
 .debug_info    0x00008654      0xef1 build/stm32h7xx_hal_gpio.o
 .debug_info    0x00009545     0x10d1 build/stm32h7xx_hal_dma.o
 .debug_info    0x0000a616     0x13fb build/stm32h7xx_hal_pwr_ex.o
 .debug_info    0x0000ba11     0x190a build/stm32h7xx_hal.o
 .debug_info    0x0000d31b     0x438b build/stm32h7xx_hal_tim.o
 .debug_info    0x000116a6     0x2165 build/stm32h7xx_hal_tim_ex.o
 .debug_info    0x0001380b      0xf94 build/system_stm32h7xx.o
 .debug_info    0x0001479f      0xb63 build/motor.o
 .debug_info    0x00015302     0x1865 build/usart.o
 .debug_info    0x00016b67     0x6ae0 build/stm32h7xx_hal_uart.o
 .debug_info    0x0001d647     0x13fe build/stm32h7xx_hal_uart_ex.o
 .debug_info    0x0001ea45       0x30 build/startup_stm32h743xx.o

.debug_abbrev   0x00000000     0x2e6d
 .debug_abbrev  0x00000000      0x2be build/main.o
 .debug_abbrev  0x000002be      0x18b build/gpio.o
 .debug_abbrev  0x00000449      0x25f build/tim.o
 .debug_abbrev  0x000006a8      0x172 build/stm32h7xx_it.o
 .debug_abbrev  0x0000081a       0xc8 build/stm32h7xx_hal_msp.o
 .debug_abbrev  0x000008e2      0x3e6 build/stm32h7xx_hal_cortex.o
 .debug_abbrev  0x00000cc8      0x29b build/stm32h7xx_hal_rcc.o
 .debug_abbrev  0x00000f63      0x285 build/stm32h7xx_hal_rcc_ex.o
 .debug_abbrev  0x000011e8      0x25a build/stm32h7xx_hal_gpio.o
 .debug_abbrev  0x00001442      0x2ee build/stm32h7xx_hal_dma.o
 .debug_abbrev  0x00001730      0x2ca build/stm32h7xx_hal_pwr_ex.o
 .debug_abbrev  0x000019fa      0x2b1 build/stm32h7xx_hal.o
 .debug_abbrev  0x00001cab      0x2bd build/stm32h7xx_hal_tim.o
 .debug_abbrev  0x00001f68      0x2b7 build/stm32h7xx_hal_tim_ex.o
 .debug_abbrev  0x0000221f      0x144 build/system_stm32h7xx.o
 .debug_abbrev  0x00002363      0x1c0 build/motor.o
 .debug_abbrev  0x00002523      0x24b build/usart.o
 .debug_abbrev  0x0000276e      0x391 build/stm32h7xx_hal_uart.o
 .debug_abbrev  0x00002aff      0x351 build/stm32h7xx_hal_uart_ex.o
 .debug_abbrev  0x00002e50       0x1d build/startup_stm32h743xx.o

.debug_loc      0x00000000    0x163e0
 .debug_loc     0x00000000       0x9e build/main.o
 .debug_loc     0x0000009e       0x38 build/gpio.o
 .debug_loc     0x000000d6      0x104 build/tim.o
 .debug_loc     0x000001da       0x40 build/stm32h7xx_it.o
 .debug_loc     0x0000021a       0x2c build/stm32h7xx_hal_msp.o
 .debug_loc     0x00000246      0x898 build/stm32h7xx_hal_cortex.o
 .debug_loc     0x00000ade      0xb18 build/stm32h7xx_hal_rcc.o
 .debug_loc     0x000015f6     0x20f9 build/stm32h7xx_hal_rcc_ex.o
 .debug_loc     0x000036ef      0x4b2 build/stm32h7xx_hal_gpio.o
 .debug_loc     0x00003ba1     0x11c7 build/stm32h7xx_hal_dma.o
 .debug_loc     0x00004d68      0x6af build/stm32h7xx_hal_pwr_ex.o
 .debug_loc     0x00005417      0x58e build/stm32h7xx_hal.o
 .debug_loc     0x000059a5     0x6622 build/stm32h7xx_hal_tim.o
 .debug_loc     0x0000bfc7     0x2b2f build/stm32h7xx_hal_tim_ex.o
 .debug_loc     0x0000eaf6      0x1d8 build/system_stm32h7xx.o
 .debug_loc     0x0000ecce      0x163 build/motor.o
 .debug_loc     0x0000ee31      0x13c build/usart.o
 .debug_loc     0x0000ef6d     0x65fe build/stm32h7xx_hal_uart.o
 .debug_loc     0x0001556b      0xe75 build/stm32h7xx_hal_uart_ex.o

.debug_aranges  0x00000000     0x1080
 .debug_aranges
                0x00000000       0x38 build/main.o
 .debug_aranges
                0x00000038       0x20 build/gpio.o
 .debug_aranges
                0x00000058       0x38 build/tim.o
 .debug_aranges
                0x00000090       0x68 build/stm32h7xx_it.o
 .debug_aranges
                0x000000f8       0x20 build/stm32h7xx_hal_msp.o
 .debug_aranges
                0x00000118       0xf8 build/stm32h7xx_hal_cortex.o
 .debug_aranges
                0x00000210       0x88 build/stm32h7xx_hal_rcc.o
 .debug_aranges
                0x00000298       0xf8 build/stm32h7xx_hal_rcc_ex.o
 .debug_aranges
                0x00000390       0x58 build/stm32h7xx_hal_gpio.o
 .debug_aranges
                0x000003e8       0xa0 build/stm32h7xx_hal_dma.o
 .debug_aranges
                0x00000488      0x158 build/stm32h7xx_hal_pwr_ex.o
 .debug_aranges
                0x000005e0      0x198 build/stm32h7xx_hal.o
 .debug_aranges
                0x00000778      0x3e0 build/stm32h7xx_hal_tim.o
 .debug_aranges
                0x00000b58      0x188 build/stm32h7xx_hal_tim_ex.o
 .debug_aranges
                0x00000ce0       0x30 build/system_stm32h7xx.o
 .debug_aranges
                0x00000d10       0x28 build/motor.o
 .debug_aranges
                0x00000d38       0x30 build/usart.o
 .debug_aranges
                0x00000d68      0x248 build/stm32h7xx_hal_uart.o
 .debug_aranges
                0x00000fb0       0xa8 build/stm32h7xx_hal_uart_ex.o
 .debug_aranges
                0x00001058       0x28 build/startup_stm32h743xx.o

.debug_ranges   0x00000000     0x1048
 .debug_ranges  0x00000000       0x28 build/main.o
 .debug_ranges  0x00000028       0x10 build/gpio.o
 .debug_ranges  0x00000038       0x28 build/tim.o
 .debug_ranges  0x00000060       0x58 build/stm32h7xx_it.o
 .debug_ranges  0x000000b8       0x10 build/stm32h7xx_hal_msp.o
 .debug_ranges  0x000000c8       0xe8 build/stm32h7xx_hal_cortex.o
 .debug_ranges  0x000001b0       0xe8 build/stm32h7xx_hal_rcc.o
 .debug_ranges  0x00000298       0xe8 build/stm32h7xx_hal_rcc_ex.o
 .debug_ranges  0x00000380       0x48 build/stm32h7xx_hal_gpio.o
 .debug_ranges  0x000003c8       0xa8 build/stm32h7xx_hal_dma.o
 .debug_ranges  0x00000470      0x1a8 build/stm32h7xx_hal_pwr_ex.o
 .debug_ranges  0x00000618      0x188 build/stm32h7xx_hal.o
 .debug_ranges  0x000007a0      0x3d0 build/stm32h7xx_hal_tim.o
 .debug_ranges  0x00000b70      0x178 build/stm32h7xx_hal_tim_ex.o
 .debug_ranges  0x00000ce8       0x20 build/system_stm32h7xx.o
 .debug_ranges  0x00000d08       0x18 build/motor.o
 .debug_ranges  0x00000d20       0x20 build/usart.o
 .debug_ranges  0x00000d40      0x238 build/stm32h7xx_hal_uart.o
 .debug_ranges  0x00000f78       0xb0 build/stm32h7xx_hal_uart_ex.o
 .debug_ranges  0x00001028       0x20 build/startup_stm32h743xx.o

.debug_line     0x00000000    0x155a0
 .debug_line    0x00000000      0x422 build/main.o
 .debug_line    0x00000422      0x1b8 build/gpio.o
 .debug_line    0x000005da      0x436 build/tim.o
 .debug_line    0x00000a10      0x298 build/stm32h7xx_it.o
 .debug_line    0x00000ca8      0x156 build/stm32h7xx_hal_msp.o
 .debug_line    0x00000dfe      0x831 build/stm32h7xx_hal_cortex.o
 .debug_line    0x0000162f     0x13d6 build/stm32h7xx_hal_rcc.o
 .debug_line    0x00002a05     0x1ffb build/stm32h7xx_hal_rcc_ex.o
 .debug_line    0x00004a00      0x70d build/stm32h7xx_hal_gpio.o
 .debug_line    0x0000510d     0x23f2 build/stm32h7xx_hal_dma.o
 .debug_line    0x000074ff      0xb1a build/stm32h7xx_hal_pwr_ex.o
 .debug_line    0x00008019      0x8e2 build/stm32h7xx_hal.o
 .debug_line    0x000088fb     0x4a28 build/stm32h7xx_hal_tim.o
 .debug_line    0x0000d323     0x1c72 build/stm32h7xx_hal_tim_ex.o
 .debug_line    0x0000ef95      0x48f build/system_stm32h7xx.o
 .debug_line    0x0000f424      0x244 build/motor.o
 .debug_line    0x0000f668      0x3a4 build/usart.o
 .debug_line    0x0000fa0c     0x50b2 build/stm32h7xx_hal_uart.o
 .debug_line    0x00014abe      0xa6e build/stm32h7xx_hal_uart_ex.o
 .debug_line    0x0001552c       0x74 build/startup_stm32h743xx.o

.debug_str      0x00000000     0x5e4b
 .debug_str     0x00000000     0x5e4b build/main.o
                                0xea1 (size before relaxing)
 .debug_str     0x00005e4b      0x47d build/gpio.o
 .debug_str     0x00005e4b      0xdc1 build/tim.o
 .debug_str     0x00005e4b      0x7ec build/stm32h7xx_it.o
 .debug_str     0x00005e4b      0x3be build/stm32h7xx_hal_msp.o
 .debug_str     0x00005e4b     0x104c build/stm32h7xx_hal_cortex.o
 .debug_str     0x00005e4b      0x9e6 build/stm32h7xx_hal_rcc.o
 .debug_str     0x00005e4b      0xef1 build/stm32h7xx_hal_rcc_ex.o
 .debug_str     0x00005e4b      0x6a0 build/stm32h7xx_hal_gpio.o
 .debug_str     0x00005e4b      0x997 build/stm32h7xx_hal_dma.o
 .debug_str     0x00005e4b      0xa15 build/stm32h7xx_hal_pwr_ex.o
 .debug_str     0x00005e4b     0x1486 build/stm32h7xx_hal.o
 .debug_str     0x00005e4b     0x1835 build/stm32h7xx_hal_tim.o
 .debug_str     0x00005e4b     0x115d build/stm32h7xx_hal_tim_ex.o
 .debug_str     0x00005e4b      0x73a build/system_stm32h7xx.o
 .debug_str     0x00005e4b      0x853 build/motor.o
 .debug_str     0x00005e4b     0x16af build/usart.o
 .debug_str     0x00005e4b     0x147f build/stm32h7xx_hal_uart.o
 .debug_str     0x00005e4b      0xb73 build/stm32h7xx_hal_uart_ex.o
 .debug_str     0x00005e4b       0x4c build/startup_stm32h743xx.o

.debug_frame    0x00000000     0x2a98
 .debug_frame   0x00000000       0x78 build/main.o
 .debug_frame   0x00000078       0x34 build/gpio.o
 .debug_frame   0x000000ac       0x7c build/tim.o
 .debug_frame   0x00000128       0xc0 build/stm32h7xx_it.o
 .debug_frame   0x000001e8       0x28 build/stm32h7xx_hal_msp.o
 .debug_frame   0x00000210      0x214 build/stm32h7xx_hal_cortex.o
 .debug_frame   0x00000424      0x18c build/stm32h7xx_hal_rcc.o
 .debug_frame   0x000005b0      0x284 build/stm32h7xx_hal_rcc_ex.o
 .debug_frame   0x00000834       0xd4 build/stm32h7xx_hal_gpio.o
 .debug_frame   0x00000908      0x1fc build/stm32h7xx_hal_dma.o
 .debug_frame   0x00000b04      0x2f4 build/stm32h7xx_hal_pwr_ex.o
 .debug_frame   0x00000df8      0x360 build/stm32h7xx_hal.o
 .debug_frame   0x00001158      0xb74 build/stm32h7xx_hal_tim.o
 .debug_frame   0x00001ccc      0x494 build/stm32h7xx_hal_tim_ex.o
 .debug_frame   0x00002160       0x50 build/system_stm32h7xx.o
 .debug_frame   0x000021b0       0x3c build/motor.o
 .debug_frame   0x000021ec       0x64 build/usart.o
 .debug_frame   0x00002250      0x680 build/stm32h7xx_hal_uart.o
 .debug_frame   0x000028d0      0x1c8 build/stm32h7xx_hal_uart_ex.o

Cross Reference Table

Symbol                                            File
ADC3_IRQHandler                                   build/startup_stm32h743xx.o
ADC_IRQHandler                                    build/startup_stm32h743xx.o
BDMA_Channel0_IRQHandler                          build/startup_stm32h743xx.o
BDMA_Channel1_IRQHandler                          build/startup_stm32h743xx.o
BDMA_Channel2_IRQHandler                          build/startup_stm32h743xx.o
BDMA_Channel3_IRQHandler                          build/startup_stm32h743xx.o
BDMA_Channel4_IRQHandler                          build/startup_stm32h743xx.o
BDMA_Channel5_IRQHandler                          build/startup_stm32h743xx.o
BDMA_Channel6_IRQHandler                          build/startup_stm32h743xx.o
BDMA_Channel7_IRQHandler                          build/startup_stm32h743xx.o
BusFault_Handler                                  build/stm32h7xx_it.o
CEC_IRQHandler                                    build/startup_stm32h743xx.o
COMP1_IRQHandler                                  build/startup_stm32h743xx.o
CRS_IRQHandler                                    build/startup_stm32h743xx.o
D1CorePrescTable                                  build/system_stm32h7xx.o
                                                  build/stm32h7xx_hal.o
                                                  build/stm32h7xx_hal_rcc_ex.o
                                                  build/stm32h7xx_hal_rcc.o
DCMI_IRQHandler                                   build/startup_stm32h743xx.o
DFSDM1_FLT0_IRQHandler                            build/startup_stm32h743xx.o
DFSDM1_FLT1_IRQHandler                            build/startup_stm32h743xx.o
DFSDM1_FLT2_IRQHandler                            build/startup_stm32h743xx.o
DFSDM1_FLT3_IRQHandler                            build/startup_stm32h743xx.o
DMA1_Stream0_IRQHandler                           build/startup_stm32h743xx.o
DMA1_Stream1_IRQHandler                           build/startup_stm32h743xx.o
DMA1_Stream2_IRQHandler                           build/startup_stm32h743xx.o
DMA1_Stream3_IRQHandler                           build/startup_stm32h743xx.o
DMA1_Stream4_IRQHandler                           build/startup_stm32h743xx.o
DMA1_Stream5_IRQHandler                           build/startup_stm32h743xx.o
DMA1_Stream6_IRQHandler                           build/startup_stm32h743xx.o
DMA1_Stream7_IRQHandler                           build/startup_stm32h743xx.o
DMA2D_IRQHandler                                  build/startup_stm32h743xx.o
DMA2_Stream0_IRQHandler                           build/startup_stm32h743xx.o
DMA2_Stream1_IRQHandler                           build/startup_stm32h743xx.o
DMA2_Stream2_IRQHandler                           build/startup_stm32h743xx.o
DMA2_Stream3_IRQHandler                           build/startup_stm32h743xx.o
DMA2_Stream4_IRQHandler                           build/startup_stm32h743xx.o
DMA2_Stream5_IRQHandler                           build/startup_stm32h743xx.o
DMA2_Stream6_IRQHandler                           build/startup_stm32h743xx.o
DMA2_Stream7_IRQHandler                           build/startup_stm32h743xx.o
DMAMUX1_OVR_IRQHandler                            build/startup_stm32h743xx.o
DMAMUX2_OVR_IRQHandler                            build/startup_stm32h743xx.o
DebugMon_Handler                                  build/stm32h7xx_it.o
Default_Handler                                   build/startup_stm32h743xx.o
ECC_IRQHandler                                    build/startup_stm32h743xx.o
ETH_IRQHandler                                    build/startup_stm32h743xx.o
ETH_WKUP_IRQHandler                               build/startup_stm32h743xx.o
EXTI0_IRQHandler                                  build/startup_stm32h743xx.o
EXTI15_10_IRQHandler                              build/startup_stm32h743xx.o
EXTI1_IRQHandler                                  build/startup_stm32h743xx.o
EXTI2_IRQHandler                                  build/startup_stm32h743xx.o
EXTI3_IRQHandler                                  build/startup_stm32h743xx.o
EXTI4_IRQHandler                                  build/startup_stm32h743xx.o
EXTI9_5_IRQHandler                                build/startup_stm32h743xx.o
Error_Handler                                     build/main.o
                                                  build/usart.o
                                                  build/tim.o
ExitRun0Mode                                      build/system_stm32h7xx.o
                                                  build/startup_stm32h743xx.o
FDCAN1_IT0_IRQHandler                             build/startup_stm32h743xx.o
FDCAN1_IT1_IRQHandler                             build/startup_stm32h743xx.o
FDCAN2_IT0_IRQHandler                             build/startup_stm32h743xx.o
FDCAN2_IT1_IRQHandler                             build/startup_stm32h743xx.o
FDCAN_CAL_IRQHandler                              build/startup_stm32h743xx.o
FLASH_CRC_WaitForLastOperation                    build/stm32h7xx_hal_flash.o
                                                  build/stm32h7xx_hal_flash_ex.o
FLASH_Erase_Sector                                build/stm32h7xx_hal_flash_ex.o
                                                  build/stm32h7xx_hal_flash.o
FLASH_IRQHandler                                  build/startup_stm32h743xx.o
FLASH_OB_WaitForLastOperation                     build/stm32h7xx_hal_flash.o
                                                  build/stm32h7xx_hal_flash_ex.o
FLASH_WaitForLastOperation                        build/stm32h7xx_hal_flash.o
                                                  build/stm32h7xx_hal_flash_ex.o
FMC_IRQHandler                                    build/startup_stm32h743xx.o
FPU_IRQHandler                                    build/startup_stm32h743xx.o
HAL_DBGMCU_DisableDBGSleepMode                    build/stm32h7xx_hal.o
HAL_DBGMCU_DisableDBGStandbyMode                  build/stm32h7xx_hal.o
HAL_DBGMCU_DisableDBGStopMode                     build/stm32h7xx_hal.o
HAL_DBGMCU_EnableDBGSleepMode                     build/stm32h7xx_hal.o
HAL_DBGMCU_EnableDBGStandbyMode                   build/stm32h7xx_hal.o
HAL_DBGMCU_EnableDBGStopMode                      build/stm32h7xx_hal.o
HAL_DMAEx_ChangeMemory                            build/stm32h7xx_hal_dma_ex.o
HAL_DMAEx_ConfigMuxRequestGenerator               build/stm32h7xx_hal_dma_ex.o
HAL_DMAEx_ConfigMuxSync                           build/stm32h7xx_hal_dma_ex.o
HAL_DMAEx_DisableMuxRequestGenerator              build/stm32h7xx_hal_dma_ex.o
HAL_DMAEx_EnableMuxRequestGenerator               build/stm32h7xx_hal_dma_ex.o
HAL_DMAEx_MUX_IRQHandler                          build/stm32h7xx_hal_dma_ex.o
HAL_DMAEx_MultiBufferStart                        build/stm32h7xx_hal_dma_ex.o
HAL_DMAEx_MultiBufferStart_IT                     build/stm32h7xx_hal_dma_ex.o
HAL_DMA_Abort                                     build/stm32h7xx_hal_dma.o
                                                  build/stm32h7xx_hal_uart.o
HAL_DMA_Abort_IT                                  build/stm32h7xx_hal_dma.o
                                                  build/stm32h7xx_hal_uart.o
                                                  build/stm32h7xx_hal_tim_ex.o
                                                  build/stm32h7xx_hal_tim.o
                                                  build/stm32h7xx_hal_i2c.o
HAL_DMA_DeInit                                    build/stm32h7xx_hal_dma.o
HAL_DMA_GetError                                  build/stm32h7xx_hal_dma.o
                                                  build/stm32h7xx_hal_uart.o
                                                  build/stm32h7xx_hal_i2c.o
HAL_DMA_GetState                                  build/stm32h7xx_hal_dma.o
                                                  build/stm32h7xx_hal_i2c.o
HAL_DMA_IRQHandler                                build/stm32h7xx_hal_dma.o
HAL_DMA_Init                                      build/stm32h7xx_hal_dma.o
HAL_DMA_PollForTransfer                           build/stm32h7xx_hal_dma.o
HAL_DMA_RegisterCallback                          build/stm32h7xx_hal_dma.o
HAL_DMA_Start                                     build/stm32h7xx_hal_dma.o
HAL_DMA_Start_IT                                  build/stm32h7xx_hal_dma.o
                                                  build/stm32h7xx_hal_uart.o
                                                  build/stm32h7xx_hal_tim_ex.o
                                                  build/stm32h7xx_hal_tim.o
                                                  build/stm32h7xx_hal_i2c.o
HAL_DMA_UnRegisterCallback                        build/stm32h7xx_hal_dma.o
HAL_DeInit                                        build/stm32h7xx_hal.o
HAL_Delay                                         build/stm32h7xx_hal.o
HAL_DisableCompensationCell                       build/stm32h7xx_hal.o
HAL_EXTI_ClearConfigLine                          build/stm32h7xx_hal_exti.o
HAL_EXTI_ClearPending                             build/stm32h7xx_hal_exti.o
HAL_EXTI_D1_ClearFlag                             build/stm32h7xx_hal.o
HAL_EXTI_D1_EventInputConfig                      build/stm32h7xx_hal.o
HAL_EXTI_D3_EventInputConfig                      build/stm32h7xx_hal.o
HAL_EXTI_EdgeConfig                               build/stm32h7xx_hal.o
HAL_EXTI_GenerateSWI                              build/stm32h7xx_hal_exti.o
HAL_EXTI_GenerateSWInterrupt                      build/stm32h7xx_hal.o
HAL_EXTI_GetConfigLine                            build/stm32h7xx_hal_exti.o
HAL_EXTI_GetHandle                                build/stm32h7xx_hal_exti.o
HAL_EXTI_GetPending                               build/stm32h7xx_hal_exti.o
HAL_EXTI_IRQHandler                               build/stm32h7xx_hal_exti.o
HAL_EXTI_RegisterCallback                         build/stm32h7xx_hal_exti.o
HAL_EXTI_SetConfigLine                            build/stm32h7xx_hal_exti.o
HAL_EnableCompensationCell                        build/stm32h7xx_hal.o
HAL_FLASHEx_ComputeCRC                            build/stm32h7xx_hal_flash_ex.o
HAL_FLASHEx_Erase                                 build/stm32h7xx_hal_flash_ex.o
HAL_FLASHEx_Erase_IT                              build/stm32h7xx_hal_flash_ex.o
HAL_FLASHEx_Lock_Bank1                            build/stm32h7xx_hal_flash_ex.o
HAL_FLASHEx_Lock_Bank2                            build/stm32h7xx_hal_flash_ex.o
HAL_FLASHEx_OBGetConfig                           build/stm32h7xx_hal_flash_ex.o
HAL_FLASHEx_OBProgram                             build/stm32h7xx_hal_flash_ex.o
HAL_FLASHEx_Unlock_Bank1                          build/stm32h7xx_hal_flash_ex.o
HAL_FLASHEx_Unlock_Bank2                          build/stm32h7xx_hal_flash_ex.o
HAL_FLASH_EndOfOperationCallback                  build/stm32h7xx_hal_flash.o
HAL_FLASH_GetError                                build/stm32h7xx_hal_flash.o
HAL_FLASH_IRQHandler                              build/stm32h7xx_hal_flash.o
HAL_FLASH_Lock                                    build/stm32h7xx_hal_flash.o
HAL_FLASH_OB_Launch                               build/stm32h7xx_hal_flash.o
HAL_FLASH_OB_Lock                                 build/stm32h7xx_hal_flash.o
HAL_FLASH_OB_Unlock                               build/stm32h7xx_hal_flash.o
HAL_FLASH_OperationErrorCallback                  build/stm32h7xx_hal_flash.o
HAL_FLASH_Program                                 build/stm32h7xx_hal_flash.o
HAL_FLASH_Program_IT                              build/stm32h7xx_hal_flash.o
HAL_FLASH_Unlock                                  build/stm32h7xx_hal_flash.o
HAL_GPIO_DeInit                                   build/stm32h7xx_hal_gpio.o
                                                  build/usart.o
HAL_GPIO_EXTI_Callback                            build/stm32h7xx_hal_gpio.o
HAL_GPIO_EXTI_IRQHandler                          build/stm32h7xx_hal_gpio.o
HAL_GPIO_Init                                     build/stm32h7xx_hal_gpio.o
                                                  build/usart.o
                                                  build/stm32h7xx_hal_rcc.o
                                                  build/tim.o
                                                  build/gpio.o
HAL_GPIO_LockPin                                  build/stm32h7xx_hal_gpio.o
HAL_GPIO_ReadPin                                  build/stm32h7xx_hal_gpio.o
HAL_GPIO_TogglePin                                build/stm32h7xx_hal_gpio.o
HAL_GPIO_WritePin                                 build/stm32h7xx_hal_gpio.o
                                                  build/motor.o
                                                  build/gpio.o
HAL_GetCurrentCPUID                               build/stm32h7xx_hal_cortex.o
HAL_GetDEVID                                      build/stm32h7xx_hal.o
HAL_GetFMCMemorySwappingConfig                    build/stm32h7xx_hal.o
HAL_GetHalVersion                                 build/stm32h7xx_hal.o
HAL_GetREVID                                      build/stm32h7xx_hal.o
                                                  build/stm32h7xx_hal_rcc_ex.o
                                                  build/stm32h7xx_hal_rcc.o
HAL_GetTick                                       build/stm32h7xx_hal.o
                                                  build/stm32h7xx_hal_uart_ex.o
                                                  build/stm32h7xx_hal_uart.o
                                                  build/stm32h7xx_hal_i2c.o
                                                  build/stm32h7xx_hal_pwr_ex.o
                                                  build/stm32h7xx_hal_mdma.o
                                                  build/stm32h7xx_hal_dma.o
                                                  build/stm32h7xx_hal_flash.o
                                                  build/stm32h7xx_hal_rcc_ex.o
                                                  build/stm32h7xx_hal_rcc.o
HAL_GetTickFreq                                   build/stm32h7xx_hal.o
HAL_GetTickPrio                                   build/stm32h7xx_hal.o
HAL_GetUIDw0                                      build/stm32h7xx_hal.o
HAL_GetUIDw1                                      build/stm32h7xx_hal.o
HAL_GetUIDw2                                      build/stm32h7xx_hal.o
HAL_HSEM_ActivateNotification                     build/stm32h7xx_hal_hsem.o
HAL_HSEM_DeactivateNotification                   build/stm32h7xx_hal_hsem.o
HAL_HSEM_FastTake                                 build/stm32h7xx_hal_hsem.o
HAL_HSEM_FreeCallback                             build/stm32h7xx_hal_hsem.o
HAL_HSEM_GetClearKey                              build/stm32h7xx_hal_hsem.o
HAL_HSEM_IRQHandler                               build/stm32h7xx_hal_hsem.o
HAL_HSEM_IsSemTaken                               build/stm32h7xx_hal_hsem.o
HAL_HSEM_Release                                  build/stm32h7xx_hal_hsem.o
HAL_HSEM_ReleaseAll                               build/stm32h7xx_hal_hsem.o
HAL_HSEM_SetClearKey                              build/stm32h7xx_hal_hsem.o
HAL_HSEM_Take                                     build/stm32h7xx_hal_hsem.o
HAL_HalfDuplex_EnableReceiver                     build/stm32h7xx_hal_uart.o
HAL_HalfDuplex_EnableTransmitter                  build/stm32h7xx_hal_uart.o
HAL_HalfDuplex_Init                               build/stm32h7xx_hal_uart.o
HAL_I2CEx_ConfigAnalogFilter                      build/stm32h7xx_hal_i2c_ex.o
HAL_I2CEx_ConfigDigitalFilter                     build/stm32h7xx_hal_i2c_ex.o
HAL_I2CEx_DisableFastModePlus                     build/stm32h7xx_hal_i2c_ex.o
HAL_I2CEx_DisableWakeUp                           build/stm32h7xx_hal_i2c_ex.o
HAL_I2CEx_EnableFastModePlus                      build/stm32h7xx_hal_i2c_ex.o
HAL_I2CEx_EnableWakeUp                            build/stm32h7xx_hal_i2c_ex.o
HAL_I2C_AbortCpltCallback                         build/stm32h7xx_hal_i2c.o
HAL_I2C_AddrCallback                              build/stm32h7xx_hal_i2c.o
HAL_I2C_DeInit                                    build/stm32h7xx_hal_i2c.o
HAL_I2C_DisableListen_IT                          build/stm32h7xx_hal_i2c.o
HAL_I2C_ER_IRQHandler                             build/stm32h7xx_hal_i2c.o
HAL_I2C_EV_IRQHandler                             build/stm32h7xx_hal_i2c.o
HAL_I2C_EnableListen_IT                           build/stm32h7xx_hal_i2c.o
HAL_I2C_ErrorCallback                             build/stm32h7xx_hal_i2c.o
HAL_I2C_GetError                                  build/stm32h7xx_hal_i2c.o
HAL_I2C_GetMode                                   build/stm32h7xx_hal_i2c.o
HAL_I2C_GetState                                  build/stm32h7xx_hal_i2c.o
HAL_I2C_Init                                      build/stm32h7xx_hal_i2c.o
HAL_I2C_IsDeviceReady                             build/stm32h7xx_hal_i2c.o
HAL_I2C_ListenCpltCallback                        build/stm32h7xx_hal_i2c.o
HAL_I2C_MasterRxCpltCallback                      build/stm32h7xx_hal_i2c.o
HAL_I2C_MasterTxCpltCallback                      build/stm32h7xx_hal_i2c.o
HAL_I2C_Master_Abort_IT                           build/stm32h7xx_hal_i2c.o
HAL_I2C_Master_Receive                            build/stm32h7xx_hal_i2c.o
HAL_I2C_Master_Receive_DMA                        build/stm32h7xx_hal_i2c.o
HAL_I2C_Master_Receive_IT                         build/stm32h7xx_hal_i2c.o
HAL_I2C_Master_Seq_Receive_DMA                    build/stm32h7xx_hal_i2c.o
HAL_I2C_Master_Seq_Receive_IT                     build/stm32h7xx_hal_i2c.o
HAL_I2C_Master_Seq_Transmit_DMA                   build/stm32h7xx_hal_i2c.o
HAL_I2C_Master_Seq_Transmit_IT                    build/stm32h7xx_hal_i2c.o
HAL_I2C_Master_Transmit                           build/stm32h7xx_hal_i2c.o
HAL_I2C_Master_Transmit_DMA                       build/stm32h7xx_hal_i2c.o
HAL_I2C_Master_Transmit_IT                        build/stm32h7xx_hal_i2c.o
HAL_I2C_MemRxCpltCallback                         build/stm32h7xx_hal_i2c.o
HAL_I2C_MemTxCpltCallback                         build/stm32h7xx_hal_i2c.o
HAL_I2C_Mem_Read                                  build/stm32h7xx_hal_i2c.o
HAL_I2C_Mem_Read_DMA                              build/stm32h7xx_hal_i2c.o
HAL_I2C_Mem_Read_IT                               build/stm32h7xx_hal_i2c.o
HAL_I2C_Mem_Write                                 build/stm32h7xx_hal_i2c.o
HAL_I2C_Mem_Write_DMA                             build/stm32h7xx_hal_i2c.o
HAL_I2C_Mem_Write_IT                              build/stm32h7xx_hal_i2c.o
HAL_I2C_MspDeInit                                 build/stm32h7xx_hal_i2c.o
HAL_I2C_MspInit                                   build/stm32h7xx_hal_i2c.o
HAL_I2C_SlaveRxCpltCallback                       build/stm32h7xx_hal_i2c.o
HAL_I2C_SlaveTxCpltCallback                       build/stm32h7xx_hal_i2c.o
HAL_I2C_Slave_Receive                             build/stm32h7xx_hal_i2c.o
HAL_I2C_Slave_Receive_DMA                         build/stm32h7xx_hal_i2c.o
HAL_I2C_Slave_Receive_IT                          build/stm32h7xx_hal_i2c.o
HAL_I2C_Slave_Seq_Receive_DMA                     build/stm32h7xx_hal_i2c.o
HAL_I2C_Slave_Seq_Receive_IT                      build/stm32h7xx_hal_i2c.o
HAL_I2C_Slave_Seq_Transmit_DMA                    build/stm32h7xx_hal_i2c.o
HAL_I2C_Slave_Seq_Transmit_IT                     build/stm32h7xx_hal_i2c.o
HAL_I2C_Slave_Transmit                            build/stm32h7xx_hal_i2c.o
HAL_I2C_Slave_Transmit_DMA                        build/stm32h7xx_hal_i2c.o
HAL_I2C_Slave_Transmit_IT                         build/stm32h7xx_hal_i2c.o
HAL_IncTick                                       build/stm32h7xx_hal.o
                                                  build/stm32h7xx_it.o
HAL_Init                                          build/stm32h7xx_hal.o
                                                  build/main.o
HAL_InitTick                                      build/stm32h7xx_hal.o
                                                  build/stm32h7xx_hal_rcc.o
HAL_LIN_Init                                      build/stm32h7xx_hal_uart.o
HAL_LIN_SendBreak                                 build/stm32h7xx_hal_uart.o
HAL_MDMA_Abort                                    build/stm32h7xx_hal_mdma.o
HAL_MDMA_Abort_IT                                 build/stm32h7xx_hal_mdma.o
HAL_MDMA_ConfigPostRequestMask                    build/stm32h7xx_hal_mdma.o
HAL_MDMA_DeInit                                   build/stm32h7xx_hal_mdma.o
HAL_MDMA_GenerateSWRequest                        build/stm32h7xx_hal_mdma.o
HAL_MDMA_GetError                                 build/stm32h7xx_hal_mdma.o
HAL_MDMA_GetState                                 build/stm32h7xx_hal_mdma.o
HAL_MDMA_IRQHandler                               build/stm32h7xx_hal_mdma.o
HAL_MDMA_Init                                     build/stm32h7xx_hal_mdma.o
HAL_MDMA_LinkedList_AddNode                       build/stm32h7xx_hal_mdma.o
HAL_MDMA_LinkedList_CreateNode                    build/stm32h7xx_hal_mdma.o
HAL_MDMA_LinkedList_DisableCircularMode           build/stm32h7xx_hal_mdma.o
HAL_MDMA_LinkedList_EnableCircularMode            build/stm32h7xx_hal_mdma.o
HAL_MDMA_LinkedList_RemoveNode                    build/stm32h7xx_hal_mdma.o
HAL_MDMA_PollForTransfer                          build/stm32h7xx_hal_mdma.o
HAL_MDMA_RegisterCallback                         build/stm32h7xx_hal_mdma.o
HAL_MDMA_Start                                    build/stm32h7xx_hal_mdma.o
HAL_MDMA_Start_IT                                 build/stm32h7xx_hal_mdma.o
HAL_MDMA_UnRegisterCallback                       build/stm32h7xx_hal_mdma.o
HAL_MPU_ConfigRegion                              build/stm32h7xx_hal_cortex.o
                                                  build/main.o
HAL_MPU_Disable                                   build/stm32h7xx_hal_cortex.o
                                                  build/main.o
HAL_MPU_DisableRegion                             build/stm32h7xx_hal_cortex.o
HAL_MPU_Enable                                    build/stm32h7xx_hal_cortex.o
                                                  build/main.o
HAL_MPU_EnableRegion                              build/stm32h7xx_hal_cortex.o
HAL_MspDeInit                                     build/stm32h7xx_hal.o
HAL_MspInit                                       build/stm32h7xx_hal_msp.o
HAL_MultiProcessorEx_AddressLength_Set            build/stm32h7xx_hal_uart_ex.o
HAL_MultiProcessor_DisableMuteMode                build/stm32h7xx_hal_uart.o
HAL_MultiProcessor_EnableMuteMode                 build/stm32h7xx_hal_uart.o
HAL_MultiProcessor_EnterMuteMode                  build/stm32h7xx_hal_uart.o
HAL_MultiProcessor_Init                           build/stm32h7xx_hal_uart.o
HAL_NVIC_ClearPendingIRQ                          build/stm32h7xx_hal_cortex.o
HAL_NVIC_DisableIRQ                               build/stm32h7xx_hal_cortex.o
                                                  build/usart.o
HAL_NVIC_EnableIRQ                                build/stm32h7xx_hal_cortex.o
                                                  build/usart.o
HAL_NVIC_GetActive                                build/stm32h7xx_hal_cortex.o
HAL_NVIC_GetPendingIRQ                            build/stm32h7xx_hal_cortex.o
HAL_NVIC_GetPriority                              build/stm32h7xx_hal_cortex.o
HAL_NVIC_GetPriorityGrouping                      build/stm32h7xx_hal_cortex.o
HAL_NVIC_SetPendingIRQ                            build/stm32h7xx_hal_cortex.o
HAL_NVIC_SetPriority                              build/stm32h7xx_hal_cortex.o
                                                  build/usart.o
                                                  build/stm32h7xx_hal.o
HAL_NVIC_SetPriorityGrouping                      build/stm32h7xx_hal_cortex.o
                                                  build/stm32h7xx_hal.o
HAL_NVIC_SystemReset                              build/stm32h7xx_hal_cortex.o
HAL_PWREx_AVDCallback                             build/stm32h7xx_hal_pwr_ex.o
HAL_PWREx_ClearPendingEvent                       build/stm32h7xx_hal_pwr_ex.o
HAL_PWREx_ClearWakeupFlag                         build/stm32h7xx_hal_pwr_ex.o
HAL_PWREx_ConfigAVD                               build/stm32h7xx_hal_pwr_ex.o
HAL_PWREx_ConfigD3Domain                          build/stm32h7xx_hal_pwr_ex.o
HAL_PWREx_ConfigSupply                            build/stm32h7xx_hal_pwr_ex.o
                                                  build/main.o
HAL_PWREx_ControlStopModeVoltageScaling           build/stm32h7xx_hal_pwr_ex.o
HAL_PWREx_ControlVoltageScaling                   build/stm32h7xx_hal_pwr_ex.o
HAL_PWREx_DisableAVD                              build/stm32h7xx_hal_pwr_ex.o
HAL_PWREx_DisableBatteryCharging                  build/stm32h7xx_hal_pwr_ex.o
HAL_PWREx_DisableBkUpReg                          build/stm32h7xx_hal_pwr_ex.o
HAL_PWREx_DisableFlashPowerDown                   build/stm32h7xx_hal_pwr_ex.o
HAL_PWREx_DisableMonitoring                       build/stm32h7xx_hal_pwr_ex.o
HAL_PWREx_DisableUSBReg                           build/stm32h7xx_hal_pwr_ex.o
HAL_PWREx_DisableUSBVoltageDetector               build/stm32h7xx_hal_pwr_ex.o
HAL_PWREx_DisableWakeUpPin                        build/stm32h7xx_hal_pwr_ex.o
HAL_PWREx_EnableAVD                               build/stm32h7xx_hal_pwr_ex.o
HAL_PWREx_EnableBatteryCharging                   build/stm32h7xx_hal_pwr_ex.o
HAL_PWREx_EnableBkUpReg                           build/stm32h7xx_hal_pwr_ex.o
HAL_PWREx_EnableFlashPowerDown                    build/stm32h7xx_hal_pwr_ex.o
HAL_PWREx_EnableMonitoring                        build/stm32h7xx_hal_pwr_ex.o
HAL_PWREx_EnableUSBReg                            build/stm32h7xx_hal_pwr_ex.o
HAL_PWREx_EnableUSBVoltageDetector                build/stm32h7xx_hal_pwr_ex.o
HAL_PWREx_EnableWakeUpPin                         build/stm32h7xx_hal_pwr_ex.o
HAL_PWREx_EnterSTANDBYMode                        build/stm32h7xx_hal_pwr_ex.o
HAL_PWREx_EnterSTOPMode                           build/stm32h7xx_hal_pwr_ex.o
HAL_PWREx_GetStopModeVoltageRange                 build/stm32h7xx_hal_pwr_ex.o
HAL_PWREx_GetSupplyConfig                         build/stm32h7xx_hal_pwr_ex.o
HAL_PWREx_GetTemperatureLevel                     build/stm32h7xx_hal_pwr_ex.o
HAL_PWREx_GetVBATLevel                            build/stm32h7xx_hal_pwr_ex.o
HAL_PWREx_GetVoltageRange                         build/stm32h7xx_hal_pwr_ex.o
HAL_PWREx_GetWakeupFlag                           build/stm32h7xx_hal_pwr_ex.o
HAL_PWREx_PVD_AVD_IRQHandler                      build/stm32h7xx_hal_pwr_ex.o
HAL_PWREx_WAKEUP_PIN_IRQHandler                   build/stm32h7xx_hal_pwr_ex.o
HAL_PWREx_WKUP1_Callback                          build/stm32h7xx_hal_pwr_ex.o
HAL_PWREx_WKUP2_Callback                          build/stm32h7xx_hal_pwr_ex.o
HAL_PWREx_WKUP3_Callback                          build/stm32h7xx_hal_pwr_ex.o
HAL_PWREx_WKUP4_Callback                          build/stm32h7xx_hal_pwr_ex.o
HAL_PWREx_WKUP5_Callback                          build/stm32h7xx_hal_pwr_ex.o
HAL_PWREx_WKUP6_Callback                          build/stm32h7xx_hal_pwr_ex.o
HAL_PWR_ConfigPVD                                 build/stm32h7xx_hal_pwr.o
HAL_PWR_DeInit                                    build/stm32h7xx_hal_pwr.o
HAL_PWR_DisableBkUpAccess                         build/stm32h7xx_hal_pwr.o
HAL_PWR_DisablePVD                                build/stm32h7xx_hal_pwr.o
HAL_PWR_DisableSEVOnPend                          build/stm32h7xx_hal_pwr.o
HAL_PWR_DisableSleepOnExit                        build/stm32h7xx_hal_pwr.o
HAL_PWR_DisableWakeUpPin                          build/stm32h7xx_hal_pwr.o
HAL_PWR_EnableBkUpAccess                          build/stm32h7xx_hal_pwr.o
HAL_PWR_EnablePVD                                 build/stm32h7xx_hal_pwr.o
HAL_PWR_EnableSEVOnPend                           build/stm32h7xx_hal_pwr.o
HAL_PWR_EnableSleepOnExit                         build/stm32h7xx_hal_pwr.o
HAL_PWR_EnableWakeUpPin                           build/stm32h7xx_hal_pwr.o
HAL_PWR_EnterSLEEPMode                            build/stm32h7xx_hal_pwr.o
HAL_PWR_EnterSTANDBYMode                          build/stm32h7xx_hal_pwr.o
HAL_PWR_EnterSTOPMode                             build/stm32h7xx_hal_pwr.o
HAL_PWR_PVDCallback                               build/stm32h7xx_hal_pwr.o
                                                  build/stm32h7xx_hal_pwr_ex.o
HAL_PWR_PVD_IRQHandler                            build/stm32h7xx_hal_pwr.o
HAL_RCCEx_CRSConfig                               build/stm32h7xx_hal_rcc_ex.o
HAL_RCCEx_CRSGetSynchronizationInfo               build/stm32h7xx_hal_rcc_ex.o
HAL_RCCEx_CRSSoftwareSynchronizationGenerate      build/stm32h7xx_hal_rcc_ex.o
HAL_RCCEx_CRSWaitSynchronization                  build/stm32h7xx_hal_rcc_ex.o
HAL_RCCEx_CRS_ErrorCallback                       build/stm32h7xx_hal_rcc_ex.o
HAL_RCCEx_CRS_ExpectedSyncCallback                build/stm32h7xx_hal_rcc_ex.o
HAL_RCCEx_CRS_IRQHandler                          build/stm32h7xx_hal_rcc_ex.o
HAL_RCCEx_CRS_SyncOkCallback                      build/stm32h7xx_hal_rcc_ex.o
HAL_RCCEx_CRS_SyncWarnCallback                    build/stm32h7xx_hal_rcc_ex.o
HAL_RCCEx_DisableLSECSS                           build/stm32h7xx_hal_rcc_ex.o
HAL_RCCEx_EnableLSECSS                            build/stm32h7xx_hal_rcc_ex.o
HAL_RCCEx_EnableLSECSS_IT                         build/stm32h7xx_hal_rcc_ex.o
HAL_RCCEx_GetD1PCLK1Freq                          build/stm32h7xx_hal_rcc_ex.o
HAL_RCCEx_GetD1SysClockFreq                       build/stm32h7xx_hal_rcc_ex.o
HAL_RCCEx_GetD3PCLK1Freq                          build/stm32h7xx_hal_rcc_ex.o
                                                  build/stm32h7xx_hal_uart.o
HAL_RCCEx_GetPLL1ClockFreq                        build/stm32h7xx_hal_rcc_ex.o
HAL_RCCEx_GetPLL2ClockFreq                        build/stm32h7xx_hal_rcc_ex.o
                                                  build/stm32h7xx_hal_uart.o
HAL_RCCEx_GetPLL3ClockFreq                        build/stm32h7xx_hal_rcc_ex.o
                                                  build/stm32h7xx_hal_uart.o
HAL_RCCEx_GetPeriphCLKConfig                      build/stm32h7xx_hal_rcc_ex.o
HAL_RCCEx_GetPeriphCLKFreq                        build/stm32h7xx_hal_rcc_ex.o
HAL_RCCEx_KerWakeUpStopCLKConfig                  build/stm32h7xx_hal_rcc_ex.o
HAL_RCCEx_LSECSS_Callback                         build/stm32h7xx_hal_rcc_ex.o
HAL_RCCEx_LSECSS_IRQHandler                       build/stm32h7xx_hal_rcc_ex.o
HAL_RCCEx_PeriphCLKConfig                         build/stm32h7xx_hal_rcc_ex.o
                                                  build/usart.o
HAL_RCCEx_WWDGxSysResetConfig                     build/stm32h7xx_hal_rcc_ex.o
HAL_RCCEx_WakeUpStopCLKConfig                     build/stm32h7xx_hal_rcc_ex.o
HAL_RCC_CSSCallback                               build/stm32h7xx_hal_rcc.o
HAL_RCC_ClockConfig                               build/stm32h7xx_hal_rcc.o
                                                  build/main.o
HAL_RCC_DeInit                                    build/stm32h7xx_hal_rcc.o
HAL_RCC_DisableCSS                                build/stm32h7xx_hal_rcc.o
HAL_RCC_EnableCSS                                 build/stm32h7xx_hal_rcc.o
HAL_RCC_GetClockConfig                            build/stm32h7xx_hal_rcc.o
HAL_RCC_GetHCLKFreq                               build/stm32h7xx_hal_rcc.o
                                                  build/stm32h7xx_hal_rcc_ex.o
HAL_RCC_GetOscConfig                              build/stm32h7xx_hal_rcc.o
HAL_RCC_GetPCLK1Freq                              build/stm32h7xx_hal_rcc.o
                                                  build/stm32h7xx_hal_uart.o
                                                  build/stm32h7xx_hal_rcc_ex.o
HAL_RCC_GetPCLK2Freq                              build/stm32h7xx_hal_rcc.o
                                                  build/stm32h7xx_hal_uart.o
HAL_RCC_GetSysClockFreq                           build/stm32h7xx_hal_rcc.o
                                                  build/stm32h7xx_hal.o
                                                  build/stm32h7xx_hal_rcc_ex.o
HAL_RCC_MCOConfig                                 build/stm32h7xx_hal_rcc.o
HAL_RCC_NMI_IRQHandler                            build/stm32h7xx_hal_rcc.o
HAL_RCC_OscConfig                                 build/stm32h7xx_hal_rcc.o
                                                  build/main.o
HAL_RS485Ex_Init                                  build/stm32h7xx_hal_uart_ex.o
HAL_ResumeTick                                    build/stm32h7xx_hal.o
HAL_SYSCFG_AnalogSwitchConfig                     build/stm32h7xx_hal.o
HAL_SYSCFG_CM7BootAddConfig                       build/stm32h7xx_hal.o
HAL_SYSCFG_CompensationCodeConfig                 build/stm32h7xx_hal.o
HAL_SYSCFG_CompensationCodeSelect                 build/stm32h7xx_hal.o
HAL_SYSCFG_DisableBOOST                           build/stm32h7xx_hal.o
HAL_SYSCFG_DisableIOSpeedOptimize                 build/stm32h7xx_hal.o
HAL_SYSCFG_DisableVREFBUF                         build/stm32h7xx_hal.o
HAL_SYSCFG_ETHInterfaceSelect                     build/stm32h7xx_hal.o
HAL_SYSCFG_EnableBOOST                            build/stm32h7xx_hal.o
HAL_SYSCFG_EnableIOSpeedOptimize                  build/stm32h7xx_hal.o
HAL_SYSCFG_EnableVREFBUF                          build/stm32h7xx_hal.o
HAL_SYSCFG_VREFBUF_HighImpedanceConfig            build/stm32h7xx_hal.o
HAL_SYSCFG_VREFBUF_TrimmingConfig                 build/stm32h7xx_hal.o
HAL_SYSCFG_VREFBUF_VoltageScalingConfig           build/stm32h7xx_hal.o
HAL_SYSTICK_CLKSourceConfig                       build/stm32h7xx_hal_cortex.o
HAL_SYSTICK_Callback                              build/stm32h7xx_hal_cortex.o
HAL_SYSTICK_Config                                build/stm32h7xx_hal_cortex.o
                                                  build/stm32h7xx_hal.o
HAL_SYSTICK_IRQHandler                            build/stm32h7xx_hal_cortex.o
HAL_SetFMCMemorySwappingConfig                    build/stm32h7xx_hal.o
HAL_SetTickFreq                                   build/stm32h7xx_hal.o
HAL_SuspendTick                                   build/stm32h7xx_hal.o
HAL_TIMEx_Break2Callback                          build/stm32h7xx_hal_tim_ex.o
                                                  build/stm32h7xx_hal_tim.o
HAL_TIMEx_BreakCallback                           build/stm32h7xx_hal_tim_ex.o
                                                  build/stm32h7xx_hal_tim.o
HAL_TIMEx_CommutCallback                          build/stm32h7xx_hal_tim_ex.o
                                                  build/stm32h7xx_hal_tim.o
HAL_TIMEx_CommutHalfCpltCallback                  build/stm32h7xx_hal_tim_ex.o
HAL_TIMEx_ConfigBreakDeadTime                     build/stm32h7xx_hal_tim_ex.o
                                                  build/tim.o
HAL_TIMEx_ConfigBreakInput                        build/stm32h7xx_hal_tim_ex.o
HAL_TIMEx_ConfigCommutEvent                       build/stm32h7xx_hal_tim_ex.o
HAL_TIMEx_ConfigCommutEvent_DMA                   build/stm32h7xx_hal_tim_ex.o
HAL_TIMEx_ConfigCommutEvent_IT                    build/stm32h7xx_hal_tim_ex.o
HAL_TIMEx_GetChannelNState                        build/stm32h7xx_hal_tim_ex.o
HAL_TIMEx_GroupChannel5                           build/stm32h7xx_hal_tim_ex.o
HAL_TIMEx_HallSensor_DeInit                       build/stm32h7xx_hal_tim_ex.o
HAL_TIMEx_HallSensor_GetState                     build/stm32h7xx_hal_tim_ex.o
HAL_TIMEx_HallSensor_Init                         build/stm32h7xx_hal_tim_ex.o
HAL_TIMEx_HallSensor_MspDeInit                    build/stm32h7xx_hal_tim_ex.o
HAL_TIMEx_HallSensor_MspInit                      build/stm32h7xx_hal_tim_ex.o
HAL_TIMEx_HallSensor_Start                        build/stm32h7xx_hal_tim_ex.o
HAL_TIMEx_HallSensor_Start_DMA                    build/stm32h7xx_hal_tim_ex.o
HAL_TIMEx_HallSensor_Start_IT                     build/stm32h7xx_hal_tim_ex.o
HAL_TIMEx_HallSensor_Stop                         build/stm32h7xx_hal_tim_ex.o
HAL_TIMEx_HallSensor_Stop_DMA                     build/stm32h7xx_hal_tim_ex.o
HAL_TIMEx_HallSensor_Stop_IT                      build/stm32h7xx_hal_tim_ex.o
HAL_TIMEx_MasterConfigSynchronization             build/stm32h7xx_hal_tim_ex.o
                                                  build/tim.o
HAL_TIMEx_OCN_Start                               build/stm32h7xx_hal_tim_ex.o
HAL_TIMEx_OCN_Start_DMA                           build/stm32h7xx_hal_tim_ex.o
HAL_TIMEx_OCN_Start_IT                            build/stm32h7xx_hal_tim_ex.o
HAL_TIMEx_OCN_Stop                                build/stm32h7xx_hal_tim_ex.o
HAL_TIMEx_OCN_Stop_DMA                            build/stm32h7xx_hal_tim_ex.o
HAL_TIMEx_OCN_Stop_IT                             build/stm32h7xx_hal_tim_ex.o
HAL_TIMEx_OnePulseN_Start                         build/stm32h7xx_hal_tim_ex.o
HAL_TIMEx_OnePulseN_Start_IT                      build/stm32h7xx_hal_tim_ex.o
HAL_TIMEx_OnePulseN_Stop                          build/stm32h7xx_hal_tim_ex.o
HAL_TIMEx_OnePulseN_Stop_IT                       build/stm32h7xx_hal_tim_ex.o
HAL_TIMEx_PWMN_Start                              build/stm32h7xx_hal_tim_ex.o
HAL_TIMEx_PWMN_Start_DMA                          build/stm32h7xx_hal_tim_ex.o
HAL_TIMEx_PWMN_Start_IT                           build/stm32h7xx_hal_tim_ex.o
HAL_TIMEx_PWMN_Stop                               build/stm32h7xx_hal_tim_ex.o
HAL_TIMEx_PWMN_Stop_DMA                           build/stm32h7xx_hal_tim_ex.o
HAL_TIMEx_PWMN_Stop_IT                            build/stm32h7xx_hal_tim_ex.o
HAL_TIMEx_RemapConfig                             build/stm32h7xx_hal_tim_ex.o
HAL_TIMEx_TISelection                             build/stm32h7xx_hal_tim_ex.o
HAL_TIM_Base_DeInit                               build/stm32h7xx_hal_tim.o
HAL_TIM_Base_GetState                             build/stm32h7xx_hal_tim.o
HAL_TIM_Base_Init                                 build/stm32h7xx_hal_tim.o
                                                  build/tim.o
HAL_TIM_Base_MspDeInit                            build/tim.o
HAL_TIM_Base_MspInit                              build/tim.o
HAL_TIM_Base_Start                                build/stm32h7xx_hal_tim.o
HAL_TIM_Base_Start_DMA                            build/stm32h7xx_hal_tim.o
HAL_TIM_Base_Start_IT                             build/stm32h7xx_hal_tim.o
HAL_TIM_Base_Stop                                 build/stm32h7xx_hal_tim.o
HAL_TIM_Base_Stop_DMA                             build/stm32h7xx_hal_tim.o
HAL_TIM_Base_Stop_IT                              build/stm32h7xx_hal_tim.o
HAL_TIM_ConfigClockSource                         build/stm32h7xx_hal_tim.o
                                                  build/tim.o
HAL_TIM_ConfigOCrefClear                          build/stm32h7xx_hal_tim.o
HAL_TIM_ConfigTI1Input                            build/stm32h7xx_hal_tim.o
HAL_TIM_DMABurstState                             build/stm32h7xx_hal_tim.o
HAL_TIM_DMABurst_MultiReadStart                   build/stm32h7xx_hal_tim.o
HAL_TIM_DMABurst_MultiWriteStart                  build/stm32h7xx_hal_tim.o
HAL_TIM_DMABurst_ReadStart                        build/stm32h7xx_hal_tim.o
HAL_TIM_DMABurst_ReadStop                         build/stm32h7xx_hal_tim.o
HAL_TIM_DMABurst_WriteStart                       build/stm32h7xx_hal_tim.o
HAL_TIM_DMABurst_WriteStop                        build/stm32h7xx_hal_tim.o
HAL_TIM_Encoder_DeInit                            build/stm32h7xx_hal_tim.o
HAL_TIM_Encoder_GetState                          build/stm32h7xx_hal_tim.o
HAL_TIM_Encoder_Init                              build/stm32h7xx_hal_tim.o
HAL_TIM_Encoder_MspDeInit                         build/stm32h7xx_hal_tim.o
HAL_TIM_Encoder_MspInit                           build/stm32h7xx_hal_tim.o
HAL_TIM_Encoder_Start                             build/stm32h7xx_hal_tim.o
HAL_TIM_Encoder_Start_DMA                         build/stm32h7xx_hal_tim.o
HAL_TIM_Encoder_Start_IT                          build/stm32h7xx_hal_tim.o
HAL_TIM_Encoder_Stop                              build/stm32h7xx_hal_tim.o
HAL_TIM_Encoder_Stop_DMA                          build/stm32h7xx_hal_tim.o
HAL_TIM_Encoder_Stop_IT                           build/stm32h7xx_hal_tim.o
HAL_TIM_ErrorCallback                             build/stm32h7xx_hal_tim.o
                                                  build/stm32h7xx_hal_tim_ex.o
HAL_TIM_GenerateEvent                             build/stm32h7xx_hal_tim.o
HAL_TIM_GetActiveChannel                          build/stm32h7xx_hal_tim.o
HAL_TIM_GetChannelState                           build/stm32h7xx_hal_tim.o
HAL_TIM_IC_CaptureCallback                        build/stm32h7xx_hal_tim.o
HAL_TIM_IC_CaptureHalfCpltCallback                build/stm32h7xx_hal_tim.o
HAL_TIM_IC_ConfigChannel                          build/stm32h7xx_hal_tim.o
HAL_TIM_IC_DeInit                                 build/stm32h7xx_hal_tim.o
HAL_TIM_IC_GetState                               build/stm32h7xx_hal_tim.o
HAL_TIM_IC_Init                                   build/stm32h7xx_hal_tim.o
HAL_TIM_IC_MspDeInit                              build/stm32h7xx_hal_tim.o
HAL_TIM_IC_MspInit                                build/stm32h7xx_hal_tim.o
HAL_TIM_IC_Start                                  build/stm32h7xx_hal_tim.o
HAL_TIM_IC_Start_DMA                              build/stm32h7xx_hal_tim.o
HAL_TIM_IC_Start_IT                               build/stm32h7xx_hal_tim.o
HAL_TIM_IC_Stop                                   build/stm32h7xx_hal_tim.o
HAL_TIM_IC_Stop_DMA                               build/stm32h7xx_hal_tim.o
HAL_TIM_IC_Stop_IT                                build/stm32h7xx_hal_tim.o
HAL_TIM_IRQHandler                                build/stm32h7xx_hal_tim.o
HAL_TIM_MspPostInit                               build/tim.o
HAL_TIM_OC_ConfigChannel                          build/stm32h7xx_hal_tim.o
HAL_TIM_OC_DeInit                                 build/stm32h7xx_hal_tim.o
HAL_TIM_OC_DelayElapsedCallback                   build/stm32h7xx_hal_tim.o
HAL_TIM_OC_GetState                               build/stm32h7xx_hal_tim.o
HAL_TIM_OC_Init                                   build/stm32h7xx_hal_tim.o
HAL_TIM_OC_MspDeInit                              build/stm32h7xx_hal_tim.o
HAL_TIM_OC_MspInit                                build/stm32h7xx_hal_tim.o
HAL_TIM_OC_Start                                  build/stm32h7xx_hal_tim.o
HAL_TIM_OC_Start_DMA                              build/stm32h7xx_hal_tim.o
HAL_TIM_OC_Start_IT                               build/stm32h7xx_hal_tim.o
HAL_TIM_OC_Stop                                   build/stm32h7xx_hal_tim.o
HAL_TIM_OC_Stop_DMA                               build/stm32h7xx_hal_tim.o
HAL_TIM_OC_Stop_IT                                build/stm32h7xx_hal_tim.o
HAL_TIM_OnePulse_ConfigChannel                    build/stm32h7xx_hal_tim.o
HAL_TIM_OnePulse_DeInit                           build/stm32h7xx_hal_tim.o